Archive member included to satisfy reference by file (symbol)

c:/st/stm32cubeide_1.12.0/stm32cubeide/plugins/com.st.stm32cube.ide.mcu.externaltools.gnu-tools-for-stm32.10.3-2021.10.win32_1.0.200.202301161003/tools/bin/../lib/gcc/arm-none-eabi/10.3.1/../../../../arm-none-eabi/lib/thumb/v7e-m+fp/hard\libc_nano.a(lib_a-atoi.o)
                              ./Core/Src/internal_rtc.o (atoi)
c:/st/stm32cubeide_1.12.0/stm32cubeide/plugins/com.st.stm32cube.ide.mcu.externaltools.gnu-tools-for-stm32.10.3-2021.10.win32_1.0.200.202301161003/tools/bin/../lib/gcc/arm-none-eabi/10.3.1/../../../../arm-none-eabi/lib/thumb/v7e-m+fp/hard\libc_nano.a(lib_a-ctype_.o)
                              ./Middlewares/Third_Party/LwIP/src/core/ipv4/ip4_addr.o (_ctype_)
c:/st/stm32cubeide_1.12.0/stm32cubeide/plugins/com.st.stm32cube.ide.mcu.externaltools.gnu-tools-for-stm32.10.3-2021.10.win32_1.0.200.202301161003/tools/bin/../lib/gcc/arm-none-eabi/10.3.1/../../../../arm-none-eabi/lib/thumb/v7e-m+fp/hard\libc_nano.a(lib_a-exit.o)
                              c:/st/stm32cubeide_1.12.0/stm32cubeide/plugins/com.st.stm32cube.ide.mcu.externaltools.gnu-tools-for-stm32.10.3-2021.10.win32_1.0.200.202301161003/tools/bin/../lib/gcc/arm-none-eabi/10.3.1/../../../../arm-none-eabi/lib/thumb/v7e-m+fp/hard/crt0.o (exit)
c:/st/stm32cubeide_1.12.0/stm32cubeide/plugins/com.st.stm32cube.ide.mcu.externaltools.gnu-tools-for-stm32.10.3-2021.10.win32_1.0.200.202301161003/tools/bin/../lib/gcc/arm-none-eabi/10.3.1/../../../../arm-none-eabi/lib/thumb/v7e-m+fp/hard\libc_nano.a(lib_a-impure.o)
                              c:/st/stm32cubeide_1.12.0/stm32cubeide/plugins/com.st.stm32cube.ide.mcu.externaltools.gnu-tools-for-stm32.10.3-2021.10.win32_1.0.200.202301161003/tools/bin/../lib/gcc/arm-none-eabi/10.3.1/../../../../arm-none-eabi/lib/thumb/v7e-m+fp/hard\libc_nano.a(lib_a-exit.o) (_global_impure_ptr)
c:/st/stm32cubeide_1.12.0/stm32cubeide/plugins/com.st.stm32cube.ide.mcu.externaltools.gnu-tools-for-stm32.10.3-2021.10.win32_1.0.200.202301161003/tools/bin/../lib/gcc/arm-none-eabi/10.3.1/../../../../arm-none-eabi/lib/thumb/v7e-m+fp/hard\libc_nano.a(lib_a-init.o)
                              c:/st/stm32cubeide_1.12.0/stm32cubeide/plugins/com.st.stm32cube.ide.mcu.externaltools.gnu-tools-for-stm32.10.3-2021.10.win32_1.0.200.202301161003/tools/bin/../lib/gcc/arm-none-eabi/10.3.1/../../../../arm-none-eabi/lib/thumb/v7e-m+fp/hard/crt0.o (__libc_init_array)
c:/st/stm32cubeide_1.12.0/stm32cubeide/plugins/com.st.stm32cube.ide.mcu.externaltools.gnu-tools-for-stm32.10.3-2021.10.win32_1.0.200.202301161003/tools/bin/../lib/gcc/arm-none-eabi/10.3.1/../../../../arm-none-eabi/lib/thumb/v7e-m+fp/hard\libc_nano.a(lib_a-memcmp.o)
                              ./Middlewares/Third_Party/LwIP/src/netif/bridgeif_fdb.o (memcmp)
c:/st/stm32cubeide_1.12.0/stm32cubeide/plugins/com.st.stm32cube.ide.mcu.externaltools.gnu-tools-for-stm32.10.3-2021.10.win32_1.0.200.202301161003/tools/bin/../lib/gcc/arm-none-eabi/10.3.1/../../../../arm-none-eabi/lib/thumb/v7e-m+fp/hard\libc_nano.a(lib_a-memcpy-stub.o)
                              ./Middlewares/Third_Party/LwIP/src/core/pbuf.o (memcpy)
c:/st/stm32cubeide_1.12.0/stm32cubeide/plugins/com.st.stm32cube.ide.mcu.externaltools.gnu-tools-for-stm32.10.3-2021.10.win32_1.0.200.202301161003/tools/bin/../lib/gcc/arm-none-eabi/10.3.1/../../../../arm-none-eabi/lib/thumb/v7e-m+fp/hard\libc_nano.a(lib_a-memmove.o)
                              ./Middlewares/Third_Party/LwIP/src/core/def.o (memmove)
c:/st/stm32cubeide_1.12.0/stm32cubeide/plugins/com.st.stm32cube.ide.mcu.externaltools.gnu-tools-for-stm32.10.3-2021.10.win32_1.0.200.202301161003/tools/bin/../lib/gcc/arm-none-eabi/10.3.1/../../../../arm-none-eabi/lib/thumb/v7e-m+fp/hard\libc_nano.a(lib_a-memset.o)
                              c:/st/stm32cubeide_1.12.0/stm32cubeide/plugins/com.st.stm32cube.ide.mcu.externaltools.gnu-tools-for-stm32.10.3-2021.10.win32_1.0.200.202301161003/tools/bin/../lib/gcc/arm-none-eabi/10.3.1/../../../../arm-none-eabi/lib/thumb/v7e-m+fp/hard/crt0.o (memset)
c:/st/stm32cubeide_1.12.0/stm32cubeide/plugins/com.st.stm32cube.ide.mcu.externaltools.gnu-tools-for-stm32.10.3-2021.10.win32_1.0.200.202301161003/tools/bin/../lib/gcc/arm-none-eabi/10.3.1/../../../../arm-none-eabi/lib/thumb/v7e-m+fp/hard\libc_nano.a(lib_a-printf.o)
                              ./Core/Src/DHT11.o (printf)
c:/st/stm32cubeide_1.12.0/stm32cubeide/plugins/com.st.stm32cube.ide.mcu.externaltools.gnu-tools-for-stm32.10.3-2021.10.win32_1.0.200.202301161003/tools/bin/../lib/gcc/arm-none-eabi/10.3.1/../../../../arm-none-eabi/lib/thumb/v7e-m+fp/hard\libc_nano.a(lib_a-puts.o)
                              ./Core/Src/DHT11.o (puts)
c:/st/stm32cubeide_1.12.0/stm32cubeide/plugins/com.st.stm32cube.ide.mcu.externaltools.gnu-tools-for-stm32.10.3-2021.10.win32_1.0.200.202301161003/tools/bin/../lib/gcc/arm-none-eabi/10.3.1/../../../../arm-none-eabi/lib/thumb/v7e-m+fp/hard\libc_nano.a(lib_a-rand.o)
[...]
Memory Configuration

Name             Origin             Length             Attributes
CCMRAM           0x0000000010000000 0x0000000000010000 xrw
RAM              0x0000000020000000 0x0000000000030000 xrw
FLASH            0x0000000008000000 0x0000000000200000 xr
*default*        0x0000000000000000 0xffffffffffffffff

Linker script and memory map

LOAD c:/st/stm32cubeide_1.12.0/stm32cubeide/plugins/com.st.stm32cube.ide.mcu.externaltools.gnu-tools-for-stm32.10.3-2021.10.win32_1.0.200.202301161003/tools/bin/../lib/gcc/arm-none-eabi/10.3.1/thumb/v7e-m+fp/hard/crti.o
LOAD c:/st/stm32cubeide_1.12.0/stm32cubeide/plugins/com.st.stm32cube.ide.mcu.externaltools.gnu-tools-for-stm32.10.3-2021.10.win32_1.0.200.202301161003/tools/bin/../lib/gcc/arm-none-eabi/10.3.1/thumb/v7e-m+fp/hard/crtbegin.o
LOAD c:/st/stm32cubeide_1.12.0/stm32cubeide/plugins/com.st.stm32cube.ide.mcu.externaltools.gnu-tools-for-stm32.10.3-2021.10.win32_1.0.200.202301161003/tools/bin/../lib/gcc/arm-none-eabi/10.3.1/../../../../arm-none-eabi/lib/thumb/v7e-m+fp/hard/crt0.o
LOAD ./Core/Src/DHT11.o
LOAD ./Core/Src/button.o
LOAD ./Core/Src/buzzer.o
LOAD ./Core/Src/dcmotor.o
LOAD ./Core/Src/dotmatrix.o
LOAD ./Core/Src/i2c_lcd.o
LOAD ./Core/Src/internal_rtc.o
LOAD ./Core/Src/led.o
LOAD ./Core/Src/main.o
LOAD ./Core/Src/servo_motor.o
LOAD ./Core/Src/stepmotor.o
LOAD ./Core/Src/stm32f4xx_hal_msp.o
LOAD ./Core/Src/stm32f4xx_it.o
LOAD ./Core/Src/syscalls.o
LOAD ./Core/Src/sysmem.o
LOAD ./Core/Src/system_stm32f4xx.o
LOAD ./Core/Src/uart.o
LOAD ./Core/Src/udp_echoserver.o
LOAD ./Core/Src/ultrasonic.o
LOAD ./Core/Startup/startup_stm32f429zitx.o
LOAD ./Drivers/BSP/Components/lan8742/lan8742.o
LOAD ./Drivers/STM32F4xx_HAL_Driver/Src/stm32f4xx_hal.o
LOAD ./Drivers/STM32F4xx_HAL_Driver/Src/stm32f4xx_hal_adc.o
LOAD ./Drivers/STM32F4xx_HAL_Driver/Src/stm32f4xx_hal_adc_ex.o
LOAD ./Drivers/STM32F4xx_HAL_Driver/Src/stm32f4xx_hal_cortex.o
LOAD ./Drivers/STM32F4xx_HAL_Driver/Src/stm32f4xx_hal_dma.o
LOAD ./Drivers/STM32F4xx_HAL_Driver/Src/stm32f4xx_hal_dma_ex.o
LOAD ./Drivers/STM32F4xx_HAL_Driver/Src/stm32f4xx_hal_eth.o
LOAD ./Drivers/STM32F4xx_HAL_Driver/Src/stm32f4xx_hal_exti.o
LOAD ./Drivers/STM32F4xx_HAL_Driver/Src/stm32f4xx_hal_flash.o
LOAD ./Drivers/STM32F4xx_HAL_Driver/Src/stm32f4xx_hal_flash_ex.o
LOAD ./Drivers/STM32F4xx_HAL_Driver/Src/stm32f4xx_hal_flash_ramfunc.o
LOAD ./Drivers/STM32F4xx_HAL_Driver/Src/stm32f4xx_hal_gpio.o
LOAD ./Drivers/STM32F4xx_HAL_Driver/Src/stm32f4xx_hal_i2c.o
LOAD ./Drivers/STM32F4xx_HAL_Driver/Src/stm32f4xx_hal_i2c_ex.o
LOAD ./Drivers/STM32F4xx_HAL_Driver/Src/stm32f4xx_hal_pcd.o
LOAD ./Drivers/STM32F4xx_HAL_Driver/Src/stm32f4xx_hal_pcd_ex.o
LOAD ./Drivers/STM32F4xx_HAL_Driver/Src/stm32f4xx_hal_pwr.o
LOAD ./Drivers/STM32F4xx_HAL_Driver/Src/stm32f4xx_hal_pwr_ex.o
LOAD ./Drivers/STM32F4xx_HAL_Driver/Src/stm32f4xx_hal_rcc.o
LOAD ./Drivers/STM32F4xx_HAL_Driver/Src/stm32f4xx_hal_rcc_ex.o
LOAD ./Drivers/STM32F4xx_HAL_Driver/Src/stm32f4xx_hal_rtc.o
LOAD ./Drivers/STM32F4xx_HAL_Driver/Src/stm32f4xx_hal_rtc_ex.o
LOAD ./Drivers/STM32F4xx_HAL_Driver/Src/stm32f4xx_hal_tim.o
LOAD ./Drivers/STM32F4xx_HAL_Driver/Src/stm32f4xx_hal_tim_ex.o
LOAD ./Drivers/STM32F4xx_HAL_Driver/Src/stm32f4xx_hal_uart.o
LOAD ./Drivers/STM32F4xx_HAL_Driver/Src/stm32f4xx_ll_adc.o
LOAD ./Drivers/STM32F4xx_HAL_Driver/Src/stm32f4xx_ll_usb.o
LOAD ./LWIP/App/lwip.o
LOAD ./LWIP/Target/ethernetif.o
LOAD ./Middlewares/Third_Party/LwIP/src/api/api_lib.o
LOAD ./Middlewares/Third_Party/LwIP/src/api/api_msg.o
LOAD ./Middlewares/Third_Party/LwIP/src/api/err.o
LOAD ./Middlewares/Third_Party/LwIP/src/api/if_api.o
LOAD ./Middlewares/Third_Party/LwIP/src/api/netbuf.o
LOAD ./Middlewares/Third_Party/LwIP/src/api/netdb.o
LOAD ./Middlewares/Third_Party/LwIP/src/api/netifapi.o
LOAD ./Middlewares/Third_Party/LwIP/src/api/sockets.o
LOAD ./Middlewares/Third_Party/LwIP/src/api/tcpip.o
LOAD ./Middlewares/Third_Party/LwIP/src/apps/mqtt/mqtt.o
LOAD ./Middlewares/Third_Party/LwIP/src/core/altcp.o
LOAD ./Middlewares/Third_Party/LwIP/src/core/altcp_alloc.o
LOAD ./Middlewares/Third_Party/LwIP/src/core/altcp_tcp.o
LOAD ./Middlewares/Third_Party/LwIP/src/core/def.o
LOAD ./Middlewares/Third_Party/LwIP/src/core/dns.o
LOAD ./Middlewares/Third_Party/LwIP/src/core/inet_chksum.o
LOAD ./Middlewares/Third_Party/LwIP/src/core/init.o
LOAD ./Middlewares/Third_Party/LwIP/src/core/ip.o
LOAD ./Middlewares/Third_Party/LwIP/src/core/mem.o
LOAD ./Middlewares/Third_Party/LwIP/src/core/memp.o
LOAD ./Middlewares/Third_Party/LwIP/src/core/netif.o
LOAD ./Middlewares/Third_Party/LwIP/src/core/pbuf.o
LOAD ./Middlewares/Third_Party/LwIP/src/core/raw.o
LOAD ./Middlewares/Third_Party/LwIP/src/core/stats.o
LOAD ./Middlewares/Third_Party/LwIP/src/core/sys.o
LOAD ./Middlewares/Third_Party/LwIP/src/core/tcp.o
LOAD ./Middlewares/Third_Party/LwIP/src/core/tcp_in.o
LOAD ./Middlewares/Third_Party/LwIP/src/core/tcp_out.o
LOAD ./Middlewares/Third_Party/LwIP/src/core/timeouts.o
LOAD ./Middlewares/Third_Party/LwIP/src/core/udp.o
LOAD ./Middlewares/Third_Party/LwIP/src/core/ipv4/autoip.o
LOAD ./Middlewares/Third_Party/LwIP/src/core/ipv4/dhcp.o
LOAD ./Middlewares/Third_Party/LwIP/src/core/ipv4/etharp.o
LOAD ./Middlewares/Third_Party/LwIP/src/core/ipv4/icmp.o
LOAD ./Middlewares/Third_Party/LwIP/src/core/ipv4/igmp.o
LOAD ./Middlewares/Third_Party/LwIP/src/core/ipv4/ip4.o
LOAD ./Middlewares/Third_Party/LwIP/src/core/ipv4/ip4_addr.o
LOAD ./Middlewares/Third_Party/LwIP/src/core/ipv4/ip4_frag.o
LOAD ./Middlewares/Third_Party/LwIP/src/core/ipv6/dhcp6.o
LOAD ./Middlewares/Third_Party/LwIP/src/core/ipv6/ethip6.o
LOAD ./Middlewares/Third_Party/LwIP/src/core/ipv6/icmp6.o
LOAD ./Middlewares/Third_Party/LwIP/src/core/ipv6/inet6.o
LOAD ./Middlewares/Third_Party/LwIP/src/core/ipv6/ip6.o
LOAD ./Middlewares/Third_Party/LwIP/src/core/ipv6/ip6_addr.o
LOAD ./Middlewares/Third_Party/LwIP/src/core/ipv6/ip6_frag.o
LOAD ./Middlewares/Third_Party/LwIP/src/core/ipv6/mld6.o
LOAD ./Middlewares/Third_Party/LwIP/src/core/ipv6/nd6.o
LOAD ./Middlewares/Third_Party/LwIP/src/netif/bridgeif.o
LOAD ./Middlewares/Third_Party/LwIP/src/netif/bridgeif_fdb.o
LOAD ./Middlewares/Third_Party/LwIP/src/netif/ethernet.o
LOAD ./Middlewares/Third_Party/LwIP/src/netif/lowpan6.o
LOAD ./Middlewares/Third_Party/LwIP/src/netif/lowpan6_ble.o
LOAD ./Middlewares/Third_Party/LwIP/src/netif/lowpan6_common.o
LOAD ./Middlewares/Third_Party/LwIP/src/netif/slipif.o
LOAD ./Middlewares/Third_Party/LwIP/src/netif/zepif.o
LOAD ./Middlewares/Third_Party/LwIP/src/netif/ppp/auth.o
LOAD ./Middlewares/Third_Party/LwIP/src/netif/ppp/ccp.o
LOAD ./Middlewares/Third_Party/LwIP/src/netif/ppp/chap-md5.o
LOAD ./Middlewares/Third_Party/LwIP/src/netif/ppp/chap-new.o
LOAD ./Middlewares/Third_Party/LwIP/src/netif/ppp/chap_ms.o
LOAD ./Middlewares/Third_Party/LwIP/src/netif/ppp/demand.o
LOAD ./Middlewares/Third_Party/LwIP/src/netif/ppp/eap.o
LOAD ./Middlewares/Third_Party/LwIP/src/netif/ppp/ecp.o
LOAD ./Middlewares/Third_Party/LwIP/src/netif/ppp/eui64.o
LOAD ./Middlewares/Third_Party/LwIP/src/netif/ppp/fsm.o
LOAD ./Middlewares/Third_Party/LwIP/src/netif/ppp/ipcp.o
LOAD ./Middlewares/Third_Party/LwIP/src/netif/ppp/ipv6cp.o
LOAD ./Middlewares/Third_Party/LwIP/src/netif/ppp/lcp.o
LOAD ./Middlewares/Third_Party/LwIP/src/netif/ppp/magic.o
LOAD ./Middlewares/Third_Party/LwIP/src/netif/ppp/mppe.o
LOAD ./Middlewares/Third_Party/LwIP/src/netif/ppp/multilink.o
LOAD ./Middlewares/Third_Party/LwIP/src/netif/ppp/ppp.o
LOAD ./Middlewares/Third_Party/LwIP/src/netif/ppp/pppapi.o
LOAD ./Middlewares/Third_Party/LwIP/src/netif/ppp/pppcrypt.o
LOAD ./Middlewares/Third_Party/LwIP/src/netif/ppp/pppoe.o
LOAD ./Middlewares/Third_Party/LwIP/src/netif/ppp/pppol2tp.o
LOAD ./Middlewares/Third_Party/LwIP/src/netif/ppp/pppos.o
LOAD ./Middlewares/Third_Party/LwIP/src/netif/ppp/upap.o
LOAD ./Middlewares/Third_Party/LwIP/src/netif/ppp/utils.o
LOAD ./Middlewares/Third_Party/LwIP/src/netif/ppp/vj.o
START GROUP
LOAD c:/st/stm32cubeide_1.12.0/stm32cubeide/plugins/com.st.stm32cube.ide.mcu.externaltools.gnu-tools-for-stm32.10.3-2021.10.win32_1.0.200.202301161003/tools/bin/../lib/gcc/arm-none-eabi/10.3.1/../../../../arm-none-eabi/lib/thumb/v7e-m+fp/hard\libc_nano.a
LOAD c:/st/stm32cubeide_1.12.0/stm32cubeide/plugins/com.st.stm32cube.ide.mcu.externaltools.gnu-tools-for-stm32.10.3-2021.10.win32_1.0.200.202301161003/tools/bin/../lib/gcc/arm-none-eabi/10.3.1/../../../../arm-none-eabi/lib/thumb/v7e-m+fp/hard\libm.a
END GROUP
START GROUP
LOAD c:/st/stm32cubeide_1.12.0/stm32cubeide/plugins/com.st.stm32cube.ide.mcu.externaltools.gnu-tools-for-stm32.10.3-2021.10.win32_1.0.200.202301161003/tools/bin/../lib/gcc/arm-none-eabi/10.3.1/thumb/v7e-m+fp/hard\libgcc.a
LOAD c:/st/stm32cubeide_1.12.0/stm32cubeide/plugins/com.st.stm32cube.ide.mcu.externaltools.gnu-tools-for-stm32.10.3-2021.10.win32_1.0.200.202301161003/tools/bin/../lib/gcc/arm-none-eabi/10.3.1/../../../../arm-none-eabi/lib/thumb/v7e-m+fp/hard\libc_nano.a
END GROUP
START GROUP
LOAD c:/st/stm32cubeide_1.12.0/stm32cubeide/plugins/com.st.stm32cube.ide.mcu.externaltools.gnu-tools-for-stm32.10.3-2021.10.win32_1.0.200.202301161003/tools/bin/../lib/gcc/arm-none-eabi/10.3.1/thumb/v7e-m+fp/hard\libgcc.a
LOAD c:/st/stm32cubeide_1.12.0/stm32cubeide/plugins/com.st.stm32cube.ide.mcu.externaltools.gnu-tools-for-stm32.10.3-2021.10.win32_1.0.200.202301161003/tools/bin/../lib/gcc/arm-none-eabi/10.3.1/../../../../arm-none-eabi/lib/thumb/v7e-m+fp/hard\libc_nano.a
LOAD c:/st/stm32cubeide_1.12.0/stm32cubeide/plugins/com.st.stm32cube.ide.mcu.externaltools.gnu-tools-for-stm32.10.3-2021.10.win32_1.0.200.202301161003/tools/bin/../lib/gcc/arm-none-eabi/10.3.1/../../../../arm-none-eabi/lib/thumb/v7e-m+fp/hard\libnosys.a
END GROUP
START GROUP
LOAD c:/st/stm32cubeide_1.12.0/stm32cubeide/plugins/com.st.stm32cube.ide.mcu.externaltools.gnu-tools-for-stm32.10.3-2021.10.win32_1.0.200.202301161003/tools/bin/../lib/gcc/arm-none-eabi/10.3.1/thumb/v7e-m+fp/hard\libgcc.a
LOAD c:/st/stm32cubeide_1.12.0/stm32cubeide/plugins/com.st.stm32cube.ide.mcu.externaltools.gnu-tools-for-stm32.10.3-2021.10.win32_1.0.200.202301161003/tools/bin/../lib/gcc/arm-none-eabi/10.3.1/../../../../arm-none-eabi/lib/thumb/v7e-m+fp/hard\libc_nano.a
LOAD c:/st/stm32cubeide_1.12.0/stm32cubeide/plugins/com.st.stm32cube.ide.mcu.externaltools.gnu-tools-for-stm32.10.3-2021.10.win32_1.0.200.202301161003/tools/bin/../lib/gcc/arm-none-eabi/10.3.1/../../../../arm-none-eabi/lib/thumb/v7e-m+fp/hard\libnosys.a
END GROUP
LOAD c:/st/stm32cubeide_1.12.0/stm32cubeide/plugins/com.st.stm32cube.ide.mcu.externaltools.gnu-tools-for-stm32.10.3-2021.10.win32_1.0.200.202301161003/tools/bin/../lib/gcc/arm-none-eabi/10.3.1/thumb/v7e-m+fp/hard/crtend.o
LOAD c:/st/stm32cubeide_1.12.0/stm32cubeide/plugins/com.st.stm32cube.ide.mcu.externaltools.gnu-tools-for-stm32.10.3-2021.10.win32_1.0.200.202301161003/tools/bin/../lib/gcc/arm-none-eabi/10.3.1/thumb/v7e-m+fp/hard/crtn.o
                0x0000000020030000                _estack = (ORIGIN (RAM) + LENGTH (RAM))
                0x0000000000000200                _Min_Heap_Size = 0x200
                0x0000000000000400                _Min_Stack_Size = 0x400

.isr_vector     0x0000000008000000      0x1ac
                0x0000000008000000                . = ALIGN (0x4)
 *(.isr_vector)
 .isr_vector    0x0000000008000000      0x1ac ./Core/Startup/startup_stm32f429zitx.o
                0x0000000008000000                g_pfnVectors
                0x00000000080001ac                . = ALIGN (0x4)

.text           0x00000000080001b0     0xbf4c
                0x00000000080001b0                . = ALIGN (0x4)
 *(.text)
 .text          0x00000000080001b0       0x40 c:/st/stm32cubeide_1.12.0/stm32cubeide/plugins/com.st.stm32cube.ide.mcu.externaltools.gnu-tools-for-stm32.10.3-2021.10.win32_1.0.200.202301161003/tools/bin/../lib/gcc/arm-none-eabi/10.3.1/thumb/v7e-m+fp/hard/crtbegin.o
 .text          0x00000000080001f0       0x10 c:/st/stm32cubeide_1.12.0/stm32cubeide/plugins/com.st.stm32cube.ide.mcu.externaltools.gnu-tools-for-stm32.10.3-2021.10.win32_1.0.200.202301161003/tools/bin/../lib/gcc/arm-none-eabi/10.3.1/../../../../arm-none-eabi/lib/thumb/v7e-m+fp/hard\libc_nano.a(lib_a-strlen.o)
                0x00000000080001f0                strlen
 .text          0x0000000008000200       0xa0 c:/st/stm32cubeide_1.12.0/stm32cubeide/plugins/com.st.stm32cube.ide.mcu.externaltools.gnu-tools-for-stm32.10.3-2021.10.win32_1.0.200.202301161003/tools/bin/../lib/gcc/arm-none-eabi/10.3.1/../../../../arm-none-eabi/lib/thumb/v7e-m+fp/hard\libc_nano.a(lib_a-memchr.o)
                0x0000000008000200                memchr
 .text          0x00000000080002a0       0x30 c:/st/stm32cubeide_1.12.0/stm32cubeide/plugins/com.st.stm32cube.ide.mcu.externaltools.gnu-tools-for-stm32.10.3-2021.10.win32_1.0.200.202301161003/tools/bin/../lib/gcc/arm-none-eabi/10.3.1/thumb/v7e-m+fp/hard\libgcc.a(_aeabi_uldivmod.o)
                0x00000000080002a0                __aeabi_uldivmod
 .text          0x00000000080002d0      0x2d0 c:/st/stm32cubeide_1.12.0/stm32cubeide/plugins/com.st.stm32cube.ide.mcu.externaltools.gnu-tools-for-stm32.10.3-2021.10.win32_1.0.200.202301161003/tools/bin/../lib/gcc/arm-none-eabi/10.3.1/thumb/v7e-m+fp/hard\libgcc.a(_udivmoddi4.o)
                0x00000000080002d0                __udivmoddi4
 .text          0x00000000080005a0        0x4 c:/st/stm32cubeide_1.12.0/stm32cubeide/plugins/com.st.stm32cube.ide.mcu.externaltools.gnu-tools-for-stm32.10.3-2021.10.win32_1.0.200.202301161003/tools/bin/../lib/gcc/arm-none-eabi/10.3.1/thumb/v7e-m+fp/hard\libgcc.a(_dvmd_tls.o)
                0x00000000080005a0                __aeabi_idiv0
                0x00000000080005a0                __aeabi_ldiv0
 *(.text*)
 .text.HAL_SYSTICK_Handler
                0x00000000080005a4       0x10 ./Core/Src/main.o
                0x00000000080005a4                HAL_SYSTICK_Handler
 .text.__io_putchar
                0x00000000080005b4       0x20 ./Core/Src/main.o
                0x00000000080005b4                __io_putchar
 .text.HAL_TIM_PeriodElapsedCallback
                0x00000000080005d4       0x28 ./Core/Src/main.o
                0x00000000080005d4                HAL_TIM_PeriodElapsedCallback
 .text.HAL_ADC_ConvCpltCallback
                0x00000000080005fc       0x2c ./Core/Src/main.o
                0x00000000080005fc                HAL_ADC_ConvCpltCallback
 .text.nucleo_stm32f429zi_led_off
                0x0000000008000628       0x2c ./Core/Src/main.o
                0x0000000008000628                nucleo_stm32f429zi_led_off
 .text.HAL_GPIO_EXTI_Callback
                0x0000000008000654       0x58 ./Core/Src/main.o
                0x0000000008000654                HAL_GPIO_EXTI_Callback
 .text.SystemClock_Config
                0x00000000080006ac       0xa4 ./Core/Src/main.o
                0x00000000080006ac                SystemClock_Config
 .text.startup.main
                0x0000000008000750      0x6dc ./Core/Src/main.o
                0x0000000008000750                main
 .text.Error_Handler
                0x0000000008000e2c        0x4 ./Core/Src/main.o
                0x0000000008000e2c                Error_Handler
 .text.HAL_MspInit
                0x0000000008000e30       0x38 ./Core/Src/stm32f4xx_hal_msp.o
                0x0000000008000e30                HAL_MspInit
 .text.HAL_ADC_MspInit
                0x0000000008000e68       0x74 ./Core/Src/stm32f4xx_hal_msp.o
                0x0000000008000e68                HAL_ADC_MspInit
 .text.HAL_I2C_MspInit
                0x0000000008000edc       0x70 ./Core/Src/stm32f4xx_hal_msp.o
                0x0000000008000edc                HAL_I2C_MspInit
 .text.HAL_RTC_MspInit
                0x0000000008000f4c       0x44 ./Core/Src/stm32f4xx_hal_msp.o
                0x0000000008000f4c                HAL_RTC_MspInit
 .text.HAL_TIM_PWM_MspInit
                0x0000000008000f90       0x3e ./Core/Src/stm32f4xx_hal_msp.o
                0x0000000008000f90                HAL_TIM_PWM_MspInit
 *fill*         0x0000000008000fce        0x2 
 .text.HAL_TIM_IC_MspInit
                0x0000000008000fd0       0x74 ./Core/Src/stm32f4xx_hal_msp.o
                0x0000000008000fd0                HAL_TIM_IC_MspInit
 .text.HAL_TIM_Base_MspInit
                0x0000000008001044       0xd0 ./Core/Src/stm32f4xx_hal_msp.o
                0x0000000008001044                HAL_TIM_Base_MspInit
 .text.HAL_TIM_MspPostInit
                0x0000000008001114       0x7c ./Core/Src/stm32f4xx_hal_msp.o
                0x0000000008001114                HAL_TIM_MspPostInit
 .text.HAL_UART_MspInit
                0x0000000008001190       0xe4 ./Core/Src/stm32f4xx_hal_msp.o
                0x0000000008001190                HAL_UART_MspInit
 .text.HAL_PCD_MspInit
                0x0000000008001274       0x84 ./Core/Src/stm32f4xx_hal_msp.o
                0x0000000008001274                HAL_PCD_MspInit
 .text.NMI_Handler
                0x00000000080012f8        0x2 ./Core/Src/stm32f4xx_it.o
                0x00000000080012f8                NMI_Handler
 .text.HardFault_Handler
                0x00000000080012fa        0x2 ./Core/Src/stm32f4xx_it.o
                0x00000000080012fa                HardFault_Handler
 .text.MemManage_Handler
                0x00000000080012fc        0x2 ./Core/Src/stm32f4xx_it.o
                0x00000000080012fc                MemManage_Handler
 .text.BusFault_Handler
                0x00000000080012fe        0x2 ./Core/Src/stm32f4xx_it.o
                0x00000000080012fe                BusFault_Handler
 .text.UsageFault_Handler
                0x0000000008001300        0x2 ./Core/Src/stm32f4xx_it.o
                0x0000000008001300                UsageFault_Handler
 .text.SVC_Handler
                0x0000000008001302        0x2 ./Core/Src/stm32f4xx_it.o
                0x0000000008001302                SVC_Handler
 .text.DebugMon_Handler
                0x0000000008001304        0x2 ./Core/Src/stm32f4xx_it.o
                0x0000000008001304                DebugMon_Handler
 .text.PendSV_Handler
                0x0000000008001306        0x2 ./Core/Src/stm32f4xx_it.o
                0x0000000008001306                PendSV_Handler
 .text.SysTick_Handler
                0x0000000008001308        0xe ./Core/Src/stm32f4xx_it.o
                0x0000000008001308                SysTick_Handler
 .text.EXTI0_IRQHandler
                0x0000000008001316        0x6 ./Core/Src/stm32f4xx_it.o
                0x0000000008001316                EXTI0_IRQHandler
 .text.EXTI2_IRQHandler
                0x000000000800131c        0x6 ./Core/Src/stm32f4xx_it.o
                0x000000000800131c                EXTI2_IRQHandler
 .text.EXTI3_IRQHandler
                0x0000000008001322        0x6 ./Core/Src/stm32f4xx_it.o
                0x0000000008001322                EXTI3_IRQHandler
 .text.ADC_IRQHandler
                0x0000000008001328        0xc ./Core/Src/stm32f4xx_it.o
                0x0000000008001328                ADC_IRQHandler
 .text.TIM1_UP_TIM10_IRQHandler
                0x0000000008001334        0xc ./Core/Src/stm32f4xx_it.o
                0x0000000008001334                TIM1_UP_TIM10_IRQHandler
 .text.TIM1_TRG_COM_TIM11_IRQHandler
                0x0000000008001340        0xc ./Core/Src/stm32f4xx_it.o
                0x0000000008001340                TIM1_TRG_COM_TIM11_IRQHandler
 .text.TIM2_IRQHandler
                0x000000000800134c        0xc ./Core/Src/stm32f4xx_it.o
                0x000000000800134c                TIM2_IRQHandler
 .text.TIM3_IRQHandler
                0x0000000008001358        0xc ./Core/Src/stm32f4xx_it.o
                0x0000000008001358                TIM3_IRQHandler
 .text.TIM4_IRQHandler
                0x0000000008001364        0xc ./Core/Src/stm32f4xx_it.o
                0x0000000008001364                TIM4_IRQHandler
 .text.USART3_IRQHandler
                0x0000000008001370        0xc ./Core/Src/stm32f4xx_it.o
                0x0000000008001370                USART3_IRQHandler
 .text.TIM5_IRQHandler
                0x000000000800137c        0xc ./Core/Src/stm32f4xx_it.o
                0x000000000800137c                TIM5_IRQHandler
 .text.ETH_IRQHandler
                0x0000000008001388        0xc ./Core/Src/stm32f4xx_it.o
                0x0000000008001388                ETH_IRQHandler
 .text.ETH_WKUP_IRQHandler
                0x0000000008001394        0x4 ./Core/Src/stm32f4xx_it.o
                0x0000000008001394                ETH_WKUP_IRQHandler
 .text.USART6_IRQHandler
                0x0000000008001398        0xc ./Core/Src/stm32f4xx_it.o
                0x0000000008001398                USART6_IRQHandler
 .text._getpid  0x00000000080013a4        0x4 ./Core/Src/syscalls.o
                0x00000000080013a4                _getpid
 .text._kill    0x00000000080013a8       0x10 ./Core/Src/syscalls.o
                0x00000000080013a8                _kill
 .text._exit    0x00000000080013b8        0xc ./Core/Src/syscalls.o
                0x00000000080013b8                _exit
 .text._read    0x00000000080013c4       0x1c ./Core/Src/syscalls.o
                0x00000000080013c4                _read
 .text._write   0x00000000080013e0       0x1c ./Core/Src/syscalls.o
                0x00000000080013e0                _write
 .text._close   0x00000000080013fc        0x6 ./Core/Src/syscalls.o
                0x00000000080013fc                _close
 .text._fstat   0x0000000008001402        0xa ./Core/Src/syscalls.o
                0x0000000008001402                _fstat
 .text._isatty  0x000000000800140c        0x4 ./Core/Src/syscalls.o
                0x000000000800140c                _isatty
 .text._lseek   0x0000000008001410        0x4 ./Core/Src/syscalls.o
                0x0000000008001410                _lseek
 .text._sbrk    0x0000000008001414       0x40 ./Core/Src/sysmem.o
                0x0000000008001414                _sbrk
 .text.SystemInit
                0x0000000008001454       0x14 ./Core/Src/system_stm32f4xx.o
                0x0000000008001454                SystemInit
 .text.HAL_UART_RxCpltCallback
                0x0000000008001468       0xd0 ./Core/Src/uart.o
                0x0000000008001468                HAL_UART_RxCpltCallback
 .text.udp_echoserver_receive_callback
                0x0000000008001538       0x28 ./Core/Src/udp_echoserver.o
                0x0000000008001538                udp_echoserver_receive_callback
 .text.udp_echoserver_init
                0x0000000008001560       0x2c ./Core/Src/udp_echoserver.o
                0x0000000008001560                udp_echoserver_init
 .text.HAL_TIM_IC_CaptureCallback
                0x000000000800158c       0x48 ./Core/Src/ultrasonic.o
                0x000000000800158c                HAL_TIM_IC_CaptureCallback
 .text.Reset_Handler
                0x00000000080015d4       0x50 ./Core/Startup/startup_stm32f429zitx.o
                0x00000000080015d4                Reset_Handler
 .text.Default_Handler
                0x0000000008001624        0x2 ./Core/Startup/startup_stm32f429zitx.o
                0x0000000008001624                RTC_Alarm_IRQHandler
                0x0000000008001624                HASH_RNG_IRQHandler
                0x0000000008001624                TIM8_CC_IRQHandler
                0x0000000008001624                UART8_IRQHandler
                0x0000000008001624                SPI4_IRQHandler
                0x0000000008001624                TIM1_CC_IRQHandler
                0x0000000008001624                DMA2_Stream5_IRQHandler
                0x0000000008001624                DMA1_Stream5_IRQHandler
                0x0000000008001624                PVD_IRQHandler
                0x0000000008001624                SDIO_IRQHandler
                0x0000000008001624                TAMP_STAMP_IRQHandler
                0x0000000008001624                CAN2_RX1_IRQHandler
                0x0000000008001624                TIM8_TRG_COM_TIM14_IRQHandler
                0x0000000008001624                TIM8_UP_TIM13_IRQHandler
                0x0000000008001624                I2C3_ER_IRQHandler
                0x0000000008001624                I2C2_EV_IRQHandler
                0x0000000008001624                DMA1_Stream2_IRQHandler
                0x0000000008001624                CAN1_RX0_IRQHandler
                0x0000000008001624                FPU_IRQHandler
                0x0000000008001624                OTG_HS_WKUP_IRQHandler
                0x0000000008001624                LTDC_ER_IRQHandler
                0x0000000008001624                CAN2_SCE_IRQHandler
                0x0000000008001624                DMA2_Stream2_IRQHandler
                0x0000000008001624                SPI1_IRQHandler
                0x0000000008001624                TIM6_DAC_IRQHandler
                0x0000000008001624                TIM1_BRK_TIM9_IRQHandler
                0x0000000008001624                DCMI_IRQHandler
                0x0000000008001624                CAN2_RX0_IRQHandler
                0x0000000008001624                DMA2_Stream3_IRQHandler
                0x0000000008001624                CAN1_RX1_IRQHandler
                0x0000000008001624                UART5_IRQHandler
                0x0000000008001624                DMA2_Stream0_IRQHandler
                0x0000000008001624                I2C1_EV_IRQHandler
                0x0000000008001624                DMA1_Stream6_IRQHandler
                0x0000000008001624                DMA1_Stream1_IRQHandler
                0x0000000008001624                UART4_IRQHandler
                0x0000000008001624                RCC_IRQHandler
                0x0000000008001624                TIM8_BRK_TIM12_IRQHandler
                0x0000000008001624                Default_Handler
                0x0000000008001624                EXTI15_10_IRQHandler
                0x0000000008001624                DMA1_Stream7_IRQHandler
                0x0000000008001624                SPI5_IRQHandler
                0x0000000008001624                TIM7_IRQHandler
                0x0000000008001624                CAN2_TX_IRQHandler
                0x0000000008001624                DMA2_Stream7_IRQHandler
                0x0000000008001624                I2C3_EV_IRQHandler
                0x0000000008001624                EXTI9_5_IRQHandler
                0x0000000008001624                RTC_WKUP_IRQHandler
                0x0000000008001624                LTDC_IRQHandler
                0x0000000008001624                SPI2_IRQHandler
                0x0000000008001624                OTG_HS_EP1_IN_IRQHandler
                0x0000000008001624                DMA1_Stream0_IRQHandler
                0x0000000008001624                CAN1_TX_IRQHandler
                0x0000000008001624                EXTI4_IRQHandler
                0x0000000008001624                OTG_HS_EP1_OUT_IRQHandler
                0x0000000008001624                WWDG_IRQHandler
                0x0000000008001624                SPI6_IRQHandler
                0x0000000008001624                OTG_FS_WKUP_IRQHandler
                0x0000000008001624                OTG_HS_IRQHandler
                0x0000000008001624                DMA2D_IRQHandler
                0x0000000008001624                EXTI1_IRQHandler
                0x0000000008001624                UART7_IRQHandler
                0x0000000008001624                USART2_IRQHandler
                0x0000000008001624                I2C2_ER_IRQHandler
                0x0000000008001624                DMA2_Stream1_IRQHandler
                0x0000000008001624                CAN1_SCE_IRQHandler
                0x0000000008001624                FLASH_IRQHandler
                0x0000000008001624                DMA2_Stream4_IRQHandler
                0x0000000008001624                USART1_IRQHandler
                0x0000000008001624                OTG_FS_IRQHandler
                0x0000000008001624                SPI3_IRQHandler
                0x0000000008001624                DMA1_Stream4_IRQHandler
                0x0000000008001624                I2C1_ER_IRQHandler
                0x0000000008001624                FMC_IRQHandler
                0x0000000008001624                DMA2_Stream6_IRQHandler
                0x0000000008001624                SAI1_IRQHandler
                0x0000000008001624                DMA1_Stream3_IRQHandler
 .text.LAN8742_RegisterBusIO
                0x0000000008001626       0x28 ./Drivers/BSP/Components/lan8742/lan8742.o
                0x0000000008001626                LAN8742_RegisterBusIO
 .text.LAN8742_Init
                0x000000000800164e       0xc2 ./Drivers/BSP/Components/lan8742/lan8742.o
                0x000000000800164e                LAN8742_Init
 .text.LAN8742_GetLinkState
                0x0000000008001710       0x94 ./Drivers/BSP/Components/lan8742/lan8742.o
                0x0000000008001710                LAN8742_GetLinkState
 .text.HAL_InitTick
                0x00000000080017a4       0x48 ./Drivers/STM32F4xx_HAL_Driver/Src/stm32f4xx_hal.o
                0x00000000080017a4                HAL_InitTick
 .text.HAL_Init
                0x00000000080017ec       0x34 ./Drivers/STM32F4xx_HAL_Driver/Src/stm32f4xx_hal.o
                0x00000000080017ec                HAL_Init
 .text.HAL_IncTick
                0x0000000008001820       0x18 ./Drivers/STM32F4xx_HAL_Driver/Src/stm32f4xx_hal.o
                0x0000000008001820                HAL_IncTick
 .text.HAL_GetTick
                0x0000000008001838        0xc ./Drivers/STM32F4xx_HAL_Driver/Src/stm32f4xx_hal.o
                0x0000000008001838                HAL_GetTick
 .text.HAL_Delay
                0x0000000008001844       0x28 ./Drivers/STM32F4xx_HAL_Driver/Src/stm32f4xx_hal.o
                0x0000000008001844                HAL_Delay
 .text.HAL_ADC_Init
                0x000000000800186c      0x14c ./Drivers/STM32F4xx_HAL_Driver/Src/stm32f4xx_hal_adc.o
                0x000000000800186c                HAL_ADC_Init
 .text.HAL_ADC_Start_IT
                0x00000000080019b8      0x114 ./Drivers/STM32F4xx_HAL_Driver/Src/stm32f4xx_hal_adc.o
                0x00000000080019b8                HAL_ADC_Start_IT
 .text.HAL_ADC_GetValue
                0x0000000008001acc        0x6 ./Drivers/STM32F4xx_HAL_Driver/Src/stm32f4xx_hal_adc.o
                0x0000000008001acc                HAL_ADC_GetValue
 .text.HAL_ADC_LevelOutOfWindowCallback
                0x0000000008001ad2        0x2 ./Drivers/STM32F4xx_HAL_Driver/Src/stm32f4xx_hal_adc.o
                0x0000000008001ad2                HAL_ADC_LevelOutOfWindowCallback
 .text.HAL_ADC_ErrorCallback
                0x0000000008001ad4        0x2 ./Drivers/STM32F4xx_HAL_Driver/Src/stm32f4xx_hal_adc.o
                0x0000000008001ad4                HAL_ADC_ErrorCallback
 .text.HAL_ADC_IRQHandler
                0x0000000008001ad6      0x11c ./Drivers/STM32F4xx_HAL_Driver/Src/stm32f4xx_hal_adc.o
                0x0000000008001ad6                HAL_ADC_IRQHandler
 *fill*         0x0000000008001bf2        0x2 
 .text.HAL_ADC_ConfigChannel
                0x0000000008001bf4      0x138 ./Drivers/STM32F4xx_HAL_Driver/Src/stm32f4xx_hal_adc.o
                0x0000000008001bf4                HAL_ADC_ConfigChannel
 .text.HAL_ADCEx_InjectedConvCpltCallback
                0x0000000008001d2c        0x2 ./Drivers/STM32F4xx_HAL_Driver/Src/stm32f4xx_hal_adc_ex.o
                0x0000000008001d2c                HAL_ADCEx_InjectedConvCpltCallback
 *fill*         0x0000000008001d2e        0x2 
 .text.HAL_NVIC_SetPriorityGrouping
                0x0000000008001d30       0x24 ./Drivers/STM32F4xx_HAL_Driver/Src/stm32f4xx_hal_cortex.o
                0x0000000008001d30                HAL_NVIC_SetPriorityGrouping
 .text.HAL_NVIC_SetPriority
                0x0000000008001d54       0x64 ./Drivers/STM32F4xx_HAL_Driver/Src/stm32f4xx_hal_cortex.o
                0x0000000008001d54                HAL_NVIC_SetPriority
 .text.HAL_NVIC_EnableIRQ
                0x0000000008001db8       0x1c ./Drivers/STM32F4xx_HAL_Driver/Src/stm32f4xx_hal_cortex.o
                0x0000000008001db8                HAL_NVIC_EnableIRQ
 .text.HAL_SYSTICK_Config
                0x0000000008001dd4       0x28 ./Drivers/STM32F4xx_HAL_Driver/Src/stm32f4xx_hal_cortex.o
                0x0000000008001dd4                HAL_SYSTICK_Config
 .text.HAL_DMA_Abort
                0x0000000008001dfc       0x88 ./Drivers/STM32F4xx_HAL_Driver/Src/stm32f4xx_hal_dma.o
                0x0000000008001dfc                HAL_DMA_Abort
 .text.HAL_DMA_Abort_IT
                0x0000000008001e84       0x24 ./Drivers/STM32F4xx_HAL_Driver/Src/stm32f4xx_hal_dma.o
                0x0000000008001e84                HAL_DMA_Abort_IT
 .text.ETH_Prepare_Tx_Descriptors
                0x0000000008001ea8      0x154 ./Drivers/STM32F4xx_HAL_Driver/Src/stm32f4xx_hal_eth.o
 .text.ETH_SetMACConfig
                0x0000000008001ffc      0x108 ./Drivers/STM32F4xx_HAL_Driver/Src/stm32f4xx_hal_eth.o
 .text.ETH_SetDMAConfig
                0x0000000008002104       0xac ./Drivers/STM32F4xx_HAL_Driver/Src/stm32f4xx_hal_eth.o
 .text.ETH_FlushTransmitFIFO
                0x00000000080021b0       0x2e ./Drivers/STM32F4xx_HAL_Driver/Src/stm32f4xx_hal_eth.o
 *fill*         0x00000000080021de        0x2 
 .text.ETH_UpdateDescriptor
                0x00000000080021e0       0x90 ./Drivers/STM32F4xx_HAL_Driver/Src/stm32f4xx_hal_eth.o
 .text.HAL_ETH_Init
                0x0000000008002270      0x1d4 ./Drivers/STM32F4xx_HAL_Driver/Src/stm32f4xx_hal_eth.o
                0x0000000008002270                HAL_ETH_Init
 .text.HAL_ETH_Start
                0x0000000008002444       0x6c ./Drivers/STM32F4xx_HAL_Driver/Src/stm32f4xx_hal_eth.o
                0x0000000008002444                HAL_ETH_Start
 .text.HAL_ETH_Stop
                0x00000000080024b0       0x64 ./Drivers/STM32F4xx_HAL_Driver/Src/stm32f4xx_hal_eth.o
                0x00000000080024b0                HAL_ETH_Stop
 .text.HAL_ETH_Transmit
                0x0000000008002514       0xb0 ./Drivers/STM32F4xx_HAL_Driver/Src/stm32f4xx_hal_eth.o
                0x0000000008002514                HAL_ETH_Transmit
 .text.HAL_ETH_ReadData
                0x00000000080025c4       0xfa ./Drivers/STM32F4xx_HAL_Driver/Src/stm32f4xx_hal_eth.o
                0x00000000080025c4                HAL_ETH_ReadData
 .text.HAL_ETH_TxCpltCallback
                0x00000000080026be        0x2 ./Drivers/STM32F4xx_HAL_Driver/Src/stm32f4xx_hal_eth.o
                0x00000000080026be                HAL_ETH_TxCpltCallback
 .text.HAL_ETH_RxCpltCallback
                0x00000000080026c0        0x2 ./Drivers/STM32F4xx_HAL_Driver/Src/stm32f4xx_hal_eth.o
                0x00000000080026c0                HAL_ETH_RxCpltCallback
 .text.HAL_ETH_ErrorCallback
                0x00000000080026c2        0x2 ./Drivers/STM32F4xx_HAL_Driver/Src/stm32f4xx_hal_eth.o
                0x00000000080026c2                HAL_ETH_ErrorCallback
 .text.HAL_ETH_PMTCallback
                0x00000000080026c4        0x2 ./Drivers/STM32F4xx_HAL_Driver/Src/stm32f4xx_hal_eth.o
                0x00000000080026c4                HAL_ETH_PMTCallback
 .text.HAL_ETH_WakeUpCallback
                0x00000000080026c6        0x2 ./Drivers/STM32F4xx_HAL_Driver/Src/stm32f4xx_hal_eth.o
                0x00000000080026c6                HAL_ETH_WakeUpCallback
 .text.HAL_ETH_IRQHandler
                0x00000000080026c8       0xd8 ./Drivers/STM32F4xx_HAL_Driver/Src/stm32f4xx_hal_eth.o
                0x00000000080026c8                HAL_ETH_IRQHandler
 .text.HAL_ETH_ReadPHYRegister
                0x00000000080027a0       0x50 ./Drivers/STM32F4xx_HAL_Driver/Src/stm32f4xx_hal_eth.o
                0x00000000080027a0                HAL_ETH_ReadPHYRegister
 .text.HAL_ETH_WritePHYRegister
                0x00000000080027f0       0x4a ./Drivers/STM32F4xx_HAL_Driver/Src/stm32f4xx_hal_eth.o
                0x00000000080027f0                HAL_ETH_WritePHYRegister
 .text.HAL_ETH_GetMACConfig
                0x000000000800283a       0xc4 ./Drivers/STM32F4xx_HAL_Driver/Src/stm32f4xx_hal_eth.o
                0x000000000800283a                HAL_ETH_GetMACConfig
 .text.HAL_ETH_SetMACConfig
                0x00000000080028fe       0x18 ./Drivers/STM32F4xx_HAL_Driver/Src/stm32f4xx_hal_eth.o
                0x00000000080028fe                HAL_ETH_SetMACConfig
 *fill*         0x0000000008002916        0x2 
 .text.HAL_ETH_SetMDIOClockRange
                0x0000000008002918       0x74 ./Drivers/STM32F4xx_HAL_Driver/Src/stm32f4xx_hal_eth.o
                0x0000000008002918                HAL_ETH_SetMDIOClockRange
 .text.HAL_GPIO_Init
                0x000000000800298c      0x1cc ./Drivers/STM32F4xx_HAL_Driver/Src/stm32f4xx_hal_gpio.o
                0x000000000800298c                HAL_GPIO_Init
 .text.HAL_GPIO_WritePin
                0x0000000008002b58        0xa ./Drivers/STM32F4xx_HAL_Driver/Src/stm32f4xx_hal_gpio.o
                0x0000000008002b58                HAL_GPIO_WritePin
 *fill*         0x0000000008002b62        0x2 
 .text.HAL_GPIO_EXTI_IRQHandler
                0x0000000008002b64       0x18 ./Drivers/STM32F4xx_HAL_Driver/Src/stm32f4xx_hal_gpio.o
                0x0000000008002b64                HAL_GPIO_EXTI_IRQHandler
 .text.HAL_I2C_Init
                0x0000000008002b7c      0x150 ./Drivers/STM32F4xx_HAL_Driver/Src/stm32f4xx_hal_i2c.o
                0x0000000008002b7c                HAL_I2C_Init
 .text.HAL_I2CEx_ConfigAnalogFilter
                0x0000000008002ccc       0x3e ./Drivers/STM32F4xx_HAL_Driver/Src/stm32f4xx_hal_i2c_ex.o
                0x0000000008002ccc                HAL_I2CEx_ConfigAnalogFilter
 .text.HAL_I2CEx_ConfigDigitalFilter
                0x0000000008002d0a       0x3e ./Drivers/STM32F4xx_HAL_Driver/Src/stm32f4xx_hal_i2c_ex.o
                0x0000000008002d0a                HAL_I2CEx_ConfigDigitalFilter
 .text.HAL_PCD_Init
                0x0000000008002d48      0x10a ./Drivers/STM32F4xx_HAL_Driver/Src/stm32f4xx_hal_pcd.o
                0x0000000008002d48                HAL_PCD_Init
 *fill*         0x0000000008002e52        0x2 
 .text.HAL_RCC_OscConfig
                0x0000000008002e54      0x360 ./Drivers/STM32F4xx_HAL_Driver/Src/stm32f4xx_hal_rcc.o
                0x0000000008002e54                HAL_RCC_OscConfig
 .text.HAL_RCC_GetSysClockFreq
                0x00000000080031b4       0x5c ./Drivers/STM32F4xx_HAL_Driver/Src/stm32f4xx_hal_rcc.o
                0x00000000080031b4                HAL_RCC_GetSysClockFreq
 .text.HAL_RCC_ClockConfig
                0x0000000008003210      0x138 ./Drivers/STM32F4xx_HAL_Driver/Src/stm32f4xx_hal_rcc.o
                0x0000000008003210                HAL_RCC_ClockConfig
 .text.HAL_RCC_GetHCLKFreq
                0x0000000008003348        0xc ./Drivers/STM32F4xx_HAL_Driver/Src/stm32f4xx_hal_rcc.o
                0x0000000008003348                HAL_RCC_GetHCLKFreq
 .text.HAL_RCC_GetPCLK1Freq
                0x0000000008003354       0x20 ./Drivers/STM32F4xx_HAL_Driver/Src/stm32f4xx_hal_rcc.o
                0x0000000008003354                HAL_RCC_GetPCLK1Freq
 .text.HAL_RCC_GetPCLK2Freq
                0x0000000008003374       0x20 ./Drivers/STM32F4xx_HAL_Driver/Src/stm32f4xx_hal_rcc.o
                0x0000000008003374                HAL_RCC_GetPCLK2Freq
 .text.HAL_RCCEx_PeriphCLKConfig
                0x0000000008003394      0x254 ./Drivers/STM32F4xx_HAL_Driver/Src/stm32f4xx_hal_rcc_ex.o
                0x0000000008003394                HAL_RCCEx_PeriphCLKConfig
 .text.HAL_RTC_WaitForSynchro
                0x00000000080035e8       0x30 ./Drivers/STM32F4xx_HAL_Driver/Src/stm32f4xx_hal_rtc.o
                0x00000000080035e8                HAL_RTC_WaitForSynchro
 .text.RTC_EnterInitMode
                0x0000000008003618       0x42 ./Drivers/STM32F4xx_HAL_Driver/Src/stm32f4xx_hal_rtc.o
                0x0000000008003618                RTC_EnterInitMode
 .text.RTC_ExitInitMode
                0x000000000800365a       0x28 ./Drivers/STM32F4xx_HAL_Driver/Src/stm32f4xx_hal_rtc.o
                0x000000000800365a                RTC_ExitInitMode
 .text.HAL_RTC_Init
                0x0000000008003682       0x82 ./Drivers/STM32F4xx_HAL_Driver/Src/stm32f4xx_hal_rtc.o
                0x0000000008003682                HAL_RTC_Init
 .text.RTC_ByteToBcd2
                0x0000000008003704       0x1a ./Drivers/STM32F4xx_HAL_Driver/Src/stm32f4xx_hal_rtc.o
                0x0000000008003704                RTC_ByteToBcd2
 .text.HAL_RTC_SetTime
                0x000000000800371e       0xb8 ./Drivers/STM32F4xx_HAL_Driver/Src/stm32f4xx_hal_rtc.o
                0x000000000800371e                HAL_RTC_SetTime
 .text.HAL_RTC_SetDate
                0x00000000080037d6       0x9a ./Drivers/STM32F4xx_HAL_Driver/Src/stm32f4xx_hal_rtc.o
                0x00000000080037d6                HAL_RTC_SetDate
 .text.TIM_OC1_SetConfig
                0x0000000008003870       0x64 ./Drivers/STM32F4xx_HAL_Driver/Src/stm32f4xx_hal_tim.o
 .text.TIM_OC3_SetConfig
                0x00000000080038d4       0x6c ./Drivers/STM32F4xx_HAL_Driver/Src/stm32f4xx_hal_tim.o
 .text.TIM_OC4_SetConfig
                0x0000000008003940       0x4c ./Drivers/STM32F4xx_HAL_Driver/Src/stm32f4xx_hal_tim.o
 .text.HAL_TIM_Base_Start_IT
                0x000000000800398c       0x74 ./Drivers/STM32F4xx_HAL_Driver/Src/stm32f4xx_hal_tim.o
                0x000000000800398c                HAL_TIM_Base_Start_IT
 .text.HAL_TIM_ReadCapturedValue
                0x0000000008003a00       0x2c ./Drivers/STM32F4xx_HAL_Driver/Src/stm32f4xx_hal_tim.o
                0x0000000008003a00                HAL_TIM_ReadCapturedValue
 .text.HAL_TIM_OC_DelayElapsedCallback
                0x0000000008003a2c        0x2 ./Drivers/STM32F4xx_HAL_Driver/Src/stm32f4xx_hal_tim.o
                0x0000000008003a2c                HAL_TIM_OC_DelayElapsedCallback
 .text.HAL_TIM_PWM_PulseFinishedCallback
                0x0000000008003a2e        0x2 ./Drivers/STM32F4xx_HAL_Driver/Src/stm32f4xx_hal_tim.o
                0x0000000008003a2e                HAL_TIM_PWM_PulseFinishedCallback
 .text.HAL_TIM_TriggerCallback
                0x0000000008003a30        0x2 ./Drivers/STM32F4xx_HAL_Driver/Src/stm32f4xx_hal_tim.o
                0x0000000008003a30                HAL_TIM_TriggerCallback
 .text.HAL_TIM_IRQHandler
                0x0000000008003a32      0x144 ./Drivers/STM32F4xx_HAL_Driver/Src/stm32f4xx_hal_tim.o
                0x0000000008003a32                HAL_TIM_IRQHandler
 *fill*         0x0000000008003b76        0x2 
 .text.TIM_Base_SetConfig
                0x0000000008003b78       0xcc ./Drivers/STM32F4xx_HAL_Driver/Src/stm32f4xx_hal_tim.o
                0x0000000008003b78                TIM_Base_SetConfig
 .text.HAL_TIM_Base_Init
                0x0000000008003c44       0x58 ./Drivers/STM32F4xx_HAL_Driver/Src/stm32f4xx_hal_tim.o
                0x0000000008003c44                HAL_TIM_Base_Init
 .text.HAL_TIM_PWM_Init
                0x0000000008003c9c       0x58 ./Drivers/STM32F4xx_HAL_Driver/Src/stm32f4xx_hal_tim.o
                0x0000000008003c9c                HAL_TIM_PWM_Init
 .text.HAL_TIM_IC_Init
                0x0000000008003cf4       0x58 ./Drivers/STM32F4xx_HAL_Driver/Src/stm32f4xx_hal_tim.o
                0x0000000008003cf4                HAL_TIM_IC_Init
 .text.TIM_OC2_SetConfig
                0x0000000008003d4c       0x6c ./Drivers/STM32F4xx_HAL_Driver/Src/stm32f4xx_hal_tim.o
                0x0000000008003d4c                TIM_OC2_SetConfig
 .text.HAL_TIM_PWM_ConfigChannel
                0x0000000008003db8       0xb8 ./Drivers/STM32F4xx_HAL_Driver/Src/stm32f4xx_hal_tim.o
                0x0000000008003db8                HAL_TIM_PWM_ConfigChannel
 .text.TIM_TI1_SetConfig
                0x0000000008003e70       0x74 ./Drivers/STM32F4xx_HAL_Driver/Src/stm32f4xx_hal_tim.o
                0x0000000008003e70                TIM_TI1_SetConfig
 .text.HAL_TIM_IC_ConfigChannel
                0x0000000008003ee4      0x126 ./Drivers/STM32F4xx_HAL_Driver/Src/stm32f4xx_hal_tim.o
                0x0000000008003ee4                HAL_TIM_IC_ConfigChannel
 .text.TIM_ETR_SetConfig
                0x000000000800400a       0x14 ./Drivers/STM32F4xx_HAL_Driver/Src/stm32f4xx_hal_tim.o
                0x000000000800400a                TIM_ETR_SetConfig
 .text.HAL_TIM_ConfigClockSource
                0x000000000800401e      0x138 ./Drivers/STM32F4xx_HAL_Driver/Src/stm32f4xx_hal_tim.o
                0x000000000800401e                HAL_TIM_ConfigClockSource
 *fill*         0x0000000008004156        0x2 
 .text.HAL_TIMEx_MasterConfigSynchronization
                0x0000000008004158       0x7c ./Drivers/STM32F4xx_HAL_Driver/Src/stm32f4xx_hal_tim_ex.o
                0x0000000008004158                HAL_TIMEx_MasterConfigSynchronization
 .text.HAL_TIMEx_CommutCallback
                0x00000000080041d4        0x2 ./Drivers/STM32F4xx_HAL_Driver/Src/stm32f4xx_hal_tim_ex.o
                0x00000000080041d4                HAL_TIMEx_CommutCallback
 .text.HAL_TIMEx_BreakCallback
                0x00000000080041d6        0x2 ./Drivers/STM32F4xx_HAL_Driver/Src/stm32f4xx_hal_tim_ex.o
                0x00000000080041d6                HAL_TIMEx_BreakCallback
 .text.UART_EndRxTransfer
                0x00000000080041d8       0x5c ./Drivers/STM32F4xx_HAL_Driver/Src/stm32f4xx_hal_uart.o
 .text.UART_SetConfig
                0x0000000008004234       0xbc ./Drivers/STM32F4xx_HAL_Driver/Src/stm32f4xx_hal_uart.o
 .text.UART_WaitOnFlagUntilTimeout.constprop.0
                0x00000000080042f0       0x6c ./Drivers/STM32F4xx_HAL_Driver/Src/stm32f4xx_hal_uart.o
 .text.HAL_UART_Init
                0x000000000800435c       0x5c ./Drivers/STM32F4xx_HAL_Driver/Src/stm32f4xx_hal_uart.o
                0x000000000800435c                HAL_UART_Init
 .text.HAL_UART_Transmit
                0x00000000080043b8       0xaa ./Drivers/STM32F4xx_HAL_Driver/Src/stm32f4xx_hal_uart.o
                0x00000000080043b8                HAL_UART_Transmit
 .text.HAL_UART_TxCpltCallback
                0x0000000008004462        0x2 ./Drivers/STM32F4xx_HAL_Driver/Src/stm32f4xx_hal_uart.o
                0x0000000008004462                HAL_UART_TxCpltCallback
 .text.HAL_UART_ErrorCallback
                0x0000000008004464        0x2 ./Drivers/STM32F4xx_HAL_Driver/Src/stm32f4xx_hal_uart.o
                0x0000000008004464                HAL_UART_ErrorCallback
 .text.UART_DMAAbortOnError
                0x0000000008004466       0x10 ./Drivers/STM32F4xx_HAL_Driver/Src/stm32f4xx_hal_uart.o
 .text.HAL_UARTEx_RxEventCallback
                0x0000000008004476        0x2 ./Drivers/STM32F4xx_HAL_Driver/Src/stm32f4xx_hal_uart.o
                0x0000000008004476                HAL_UARTEx_RxEventCallback
 .text.UART_Receive_IT.part.0.isra.0
                0x0000000008004478       0xac ./Drivers/STM32F4xx_HAL_Driver/Src/stm32f4xx_hal_uart.o
 .text.HAL_UART_IRQHandler
                0x0000000008004524      0x2a0 ./Drivers/STM32F4xx_HAL_Driver/Src/stm32f4xx_hal_uart.o
                0x0000000008004524                HAL_UART_IRQHandler
 .text.UART_Start_Receive_IT
                0x00000000080047c4       0x36 ./Drivers/STM32F4xx_HAL_Driver/Src/stm32f4xx_hal_uart.o
                0x00000000080047c4                UART_Start_Receive_IT
 .text.HAL_UART_Receive_IT
                0x00000000080047fa       0x30 ./Drivers/STM32F4xx_HAL_Driver/Src/stm32f4xx_hal_uart.o
                0x00000000080047fa                HAL_UART_Receive_IT
 *fill*         0x000000000800482a        0x2 
 .text.USB_CoreReset
                0x000000000800482c       0x4c ./Drivers/STM32F4xx_HAL_Driver/Src/stm32f4xx_ll_usb.o
 .text.USB_CoreInit
                0x0000000008004878       0x80 ./Drivers/STM32F4xx_HAL_Driver/Src/stm32f4xx_ll_usb.o
                0x0000000008004878                USB_CoreInit
 .text.USB_DisableGlobalInt
                0x00000000080048f8        0xc ./Drivers/STM32F4xx_HAL_Driver/Src/stm32f4xx_ll_usb.o
                0x00000000080048f8                USB_DisableGlobalInt
 .text.USB_SetCurrentMode
                0x0000000008004904       0x60 ./Drivers/STM32F4xx_HAL_Driver/Src/stm32f4xx_ll_usb.o
                0x0000000008004904                USB_SetCurrentMode
 .text.USB_FlushTxFifo
                0x0000000008004964       0x4c ./Drivers/STM32F4xx_HAL_Driver/Src/stm32f4xx_ll_usb.o
                0x0000000008004964                USB_FlushTxFifo
 .text.USB_FlushRxFifo
                0x00000000080049b0       0x48 ./Drivers/STM32F4xx_HAL_Driver/Src/stm32f4xx_ll_usb.o
                0x00000000080049b0                USB_FlushRxFifo
 .text.USB_SetDevSpeed
                0x00000000080049f8        0xe ./Drivers/STM32F4xx_HAL_Driver/Src/stm32f4xx_ll_usb.o
                0x00000000080049f8                USB_SetDevSpeed
 *fill*         0x0000000008004a06        0x2 
 .text.USB_DevInit
                0x0000000008004a08      0x170 ./Drivers/STM32F4xx_HAL_Driver/Src/stm32f4xx_ll_usb.o
                0x0000000008004a08                USB_DevInit
 .text.USB_DevDisconnect
                0x0000000008004b78       0x1c ./Drivers/STM32F4xx_HAL_Driver/Src/stm32f4xx_ll_usb.o
                0x0000000008004b78                USB_DevDisconnect
 .text.ethernet_link_status_updated
                0x0000000008004b94        0x2 ./LWIP/App/lwip.o
 *fill*         0x0000000008004b96        0x2 
 .text.MX_LWIP_Init
                0x0000000008004b98       0xa8 ./LWIP/App/lwip.o
                0x0000000008004b98                MX_LWIP_Init
 .text.ETH_PHY_IO_DeInit
                0x0000000008004c40        0x4 ./LWIP/Target/ethernetif.o
                0x0000000008004c40                ETH_PHY_IO_DeInit
 .text.low_level_output
                0x0000000008004c44       0x60 ./LWIP/Target/ethernetif.o
 .text.pbuf_free_custom
                0x0000000008004ca4       0x20 ./LWIP/Target/ethernetif.o
                0x0000000008004ca4                pbuf_free_custom
 .text.ETH_PHY_IO_GetTick
                0x0000000008004cc4        0x4 ./LWIP/Target/ethernetif.o
                0x0000000008004cc4                ETH_PHY_IO_GetTick
 .text.ETH_PHY_IO_Init
                0x0000000008004cc8       0x10 ./LWIP/Target/ethernetif.o
                0x0000000008004cc8                ETH_PHY_IO_Init
 .text.ETH_PHY_IO_ReadReg
                0x0000000008004cd8       0x1c ./LWIP/Target/ethernetif.o
                0x0000000008004cd8                ETH_PHY_IO_ReadReg
 .text.ETH_PHY_IO_WriteReg
                0x0000000008004cf4       0x1c ./LWIP/Target/ethernetif.o
                0x0000000008004cf4                ETH_PHY_IO_WriteReg
 .text.ethernetif_input
                0x0000000008004d10       0x44 ./LWIP/Target/ethernetif.o
                0x0000000008004d10                ethernetif_input
 .text.sys_now  0x0000000008004d54        0x4 ./LWIP/Target/ethernetif.o
                0x0000000008004d54                sys_now
 .text.HAL_ETH_MspInit
                0x0000000008004d58      0x13c ./LWIP/Target/ethernetif.o
                0x0000000008004d58                HAL_ETH_MspInit
 .text.ethernet_link_check_state
                0x0000000008004e94       0x8c ./LWIP/Target/ethernetif.o
                0x0000000008004e94                ethernet_link_check_state
 .text.ethernetif_init
                0x0000000008004f20      0x124 ./LWIP/Target/ethernetif.o
                0x0000000008004f20                ethernetif_init
 .text.HAL_ETH_RxAllocateCallback
                0x0000000008005044       0x44 ./LWIP/Target/ethernetif.o
                0x0000000008005044                HAL_ETH_RxAllocateCallback
 .text.HAL_ETH_RxLinkCallback
                0x0000000008005088       0x32 ./LWIP/Target/ethernetif.o
                0x0000000008005088                HAL_ETH_RxLinkCallback
 .text.lwip_htons
                0x00000000080050ba        0x6 ./Middlewares/Third_Party/LwIP/src/core/def.o
                0x00000000080050ba                lwip_htons
 .text.lwip_htonl
                0x00000000080050c0        0x4 ./Middlewares/Third_Party/LwIP/src/core/def.o
                0x00000000080050c0                lwip_htonl
 .text.lwip_init
                0x00000000080050c4       0x1e ./Middlewares/Third_Party/LwIP/src/core/init.o
                0x00000000080050c4                lwip_init
 *fill*         0x00000000080050e2        0x2 
 .text.mem_init
                0x00000000080050e4       0x44 ./Middlewares/Third_Party/LwIP/src/core/mem.o
                0x00000000080050e4                mem_init
 .text.mem_free
                0x0000000008005128      0x170 ./Middlewares/Third_Party/LwIP/src/core/mem.o
                0x0000000008005128                mem_free
 .text.mem_trim
                0x0000000008005298      0x148 ./Middlewares/Third_Party/LwIP/src/core/mem.o
                0x0000000008005298                mem_trim
 .text.mem_malloc
                0x00000000080053e0      0x150 ./Middlewares/Third_Party/LwIP/src/core/mem.o
                0x00000000080053e0                mem_malloc
 .text.do_memp_free_pool
                0x0000000008005530       0x30 ./Middlewares/Third_Party/LwIP/src/core/memp.o
 .text.do_memp_malloc_pool.isra.0
                0x0000000008005560       0x2c ./Middlewares/Third_Party/LwIP/src/core/memp.o
 .text.memp_init_pool
                0x000000000800558c       0x26 ./Middlewares/Third_Party/LwIP/src/core/memp.o
                0x000000000800558c                memp_init_pool
 *fill*         0x00000000080055b2        0x2 
 .text.memp_init
                0x00000000080055b4       0x1c ./Middlewares/Third_Party/LwIP/src/core/memp.o
                0x00000000080055b4                memp_init
 .text.memp_malloc_pool
                0x00000000080055d0       0x30 ./Middlewares/Third_Party/LwIP/src/core/memp.o
                0x00000000080055d0                memp_malloc_pool
 .text.memp_malloc
                0x0000000008005600       0x38 ./Middlewares/Third_Party/LwIP/src/core/memp.o
                0x0000000008005600                memp_malloc
 .text.memp_free_pool
                0x0000000008005638       0x28 ./Middlewares/Third_Party/LwIP/src/core/memp.o
                0x0000000008005638                memp_free_pool
 .text.memp_free
                0x0000000008005660       0x30 ./Middlewares/Third_Party/LwIP/src/core/memp.o
                0x0000000008005660                memp_free
 .text.netif_null_output_ip4
                0x0000000008005690        0x6 ./Middlewares/Third_Party/LwIP/src/core/netif.o
 *fill*         0x0000000008005696        0x2 
 .text.netif_issue_reports
                0x0000000008005698       0x44 ./Middlewares/Third_Party/LwIP/src/core/netif.o
 .text.netif_do_set_ipaddr.isra.0
                0x00000000080056dc       0x50 ./Middlewares/Third_Party/LwIP/src/core/netif.o
 .text.netif_init
                0x000000000800572c        0x2 ./Middlewares/Third_Party/LwIP/src/core/netif.o
                0x000000000800572c                netif_init
 *fill*         0x000000000800572e        0x2 
 .text.netif_set_addr
                0x0000000008005730       0x58 ./Middlewares/Third_Party/LwIP/src/core/netif.o
                0x0000000008005730                netif_set_addr
 .text.netif_add
                0x0000000008005788      0x12c ./Middlewares/Third_Party/LwIP/src/core/netif.o
                0x0000000008005788                netif_add
 .text.netif_set_default
                0x00000000080058b4        0xc ./Middlewares/Third_Party/LwIP/src/core/netif.o
                0x00000000080058b4                netif_set_default
 .text.netif_set_up
                0x00000000080058c0       0x34 ./Middlewares/Third_Party/LwIP/src/core/netif.o
                0x00000000080058c0                netif_set_up
 .text.netif_set_down
                0x00000000080058f4       0x38 ./Middlewares/Third_Party/LwIP/src/core/netif.o
                0x00000000080058f4                netif_set_down
 .text.netif_set_link_up
                0x000000000800592c       0x48 ./Middlewares/Third_Party/LwIP/src/core/netif.o
                0x000000000800592c                netif_set_link_up
 .text.netif_set_link_down
                0x0000000008005974       0x34 ./Middlewares/Third_Party/LwIP/src/core/netif.o
                0x0000000008005974                netif_set_link_down
 .text.netif_set_link_callback
                0x00000000080059a8        0x6 ./Middlewares/Third_Party/LwIP/src/core/netif.o
                0x00000000080059a8                netif_set_link_callback
 *fill*         0x00000000080059ae        0x2 
 .text.netif_get_by_index
                0x00000000080059b0       0x24 ./Middlewares/Third_Party/LwIP/src/core/netif.o
                0x00000000080059b0                netif_get_by_index
 .text.pbuf_add_header_impl
                0x00000000080059d4       0x64 ./Middlewares/Third_Party/LwIP/src/core/pbuf.o
 .text.pbuf_free_ooseq
                0x0000000008005a38       0x24 ./Middlewares/Third_Party/LwIP/src/core/pbuf.o
                0x0000000008005a38                pbuf_free_ooseq
 .text.pbuf_alloc_reference
                0x0000000008005a5c       0x48 ./Middlewares/Third_Party/LwIP/src/core/pbuf.o
                0x0000000008005a5c                pbuf_alloc_reference
 .text.pbuf_alloced_custom
                0x0000000008005aa4       0x34 ./Middlewares/Third_Party/LwIP/src/core/pbuf.o
                0x0000000008005aa4                pbuf_alloced_custom
 .text.pbuf_add_header
                0x0000000008005ad8        0x6 ./Middlewares/Third_Party/LwIP/src/core/pbuf.o
                0x0000000008005ad8                pbuf_add_header
 *fill*         0x0000000008005ade        0x2 
 .text.pbuf_remove_header
                0x0000000008005ae0       0x58 ./Middlewares/Third_Party/LwIP/src/core/pbuf.o
                0x0000000008005ae0                pbuf_remove_header
 .text.pbuf_header_force
                0x0000000008005b38       0x10 ./Middlewares/Third_Party/LwIP/src/core/pbuf.o
                0x0000000008005b38                pbuf_header_force
 .text.pbuf_free
                0x0000000008005b48       0xc8 ./Middlewares/Third_Party/LwIP/src/core/pbuf.o
                0x0000000008005b48                pbuf_free
 .text.pbuf_alloc
                0x0000000008005c10      0x100 ./Middlewares/Third_Party/LwIP/src/core/pbuf.o
                0x0000000008005c10                pbuf_alloc
 .text.pbuf_realloc
                0x0000000008005d10       0xb0 ./Middlewares/Third_Party/LwIP/src/core/pbuf.o
                0x0000000008005d10                pbuf_realloc
 .text.pbuf_clen
                0x0000000008005dc0       0x10 ./Middlewares/Third_Party/LwIP/src/core/pbuf.o
                0x0000000008005dc0                pbuf_clen
 .text.pbuf_ref
                0x0000000008005dd0       0x28 ./Middlewares/Third_Party/LwIP/src/core/pbuf.o
                0x0000000008005dd0                pbuf_ref
 .text.pbuf_cat
                0x0000000008005df8       0x74 ./Middlewares/Third_Party/LwIP/src/core/pbuf.o
                0x0000000008005df8                pbuf_cat
 .text.pbuf_chain
                0x0000000008005e6c       0x12 ./Middlewares/Third_Party/LwIP/src/core/pbuf.o
                0x0000000008005e6c                pbuf_chain
 *fill*         0x0000000008005e7e        0x2 
 .text.pbuf_copy
                0x0000000008005e80      0x104 ./Middlewares/Third_Party/LwIP/src/core/pbuf.o
                0x0000000008005e80                pbuf_copy
 .text.pbuf_copy_partial
                0x0000000008005f84       0x8c ./Middlewares/Third_Party/LwIP/src/core/pbuf.o
                0x0000000008005f84                pbuf_copy_partial
 .text.pbuf_take
                0x0000000008006010       0xbc ./Middlewares/Third_Party/LwIP/src/core/pbuf.o
                0x0000000008006010                pbuf_take
 .text.pbuf_clone
                0x00000000080060cc       0x38 ./Middlewares/Third_Party/LwIP/src/core/pbuf.o
                0x00000000080060cc                pbuf_clone
 .text.tcp_close_shutdown_fin
                0x0000000008006104       0x60 ./Middlewares/Third_Party/LwIP/src/core/tcp.o
 .text.tcp_init
                0x0000000008006164       0x18 ./Middlewares/Third_Party/LwIP/src/core/tcp.o
                0x0000000008006164                tcp_init
 .text.tcp_free
                0x000000000800617c       0x30 ./Middlewares/Third_Party/LwIP/src/core/tcp.o
                0x000000000800617c                tcp_free
 .text.tcp_update_rcv_ann_wnd
                0x00000000080061ac       0x6c ./Middlewares/Third_Party/LwIP/src/core/tcp.o
                0x00000000080061ac                tcp_update_rcv_ann_wnd
 .text.tcp_recved
                0x0000000008006218       0x7c ./Middlewares/Third_Party/LwIP/src/core/tcp.o
                0x0000000008006218                tcp_recved
 .text.tcp_seg_free
                0x0000000008006294       0x1c ./Middlewares/Third_Party/LwIP/src/core/tcp.o
                0x0000000008006294                tcp_seg_free
 .text.tcp_segs_free
                0x00000000080062b0       0x10 ./Middlewares/Third_Party/LwIP/src/core/tcp.o
                0x00000000080062b0                tcp_segs_free
 .text.tcp_seg_copy
                0x00000000080062c0       0x48 ./Middlewares/Third_Party/LwIP/src/core/tcp.o
                0x00000000080062c0                tcp_seg_copy
 .text.tcp_next_iss
                0x0000000008006308       0x34 ./Middlewares/Third_Party/LwIP/src/core/tcp.o
                0x0000000008006308                tcp_next_iss
 .text.tcp_eff_send_mss_netif
                0x000000000800633c       0x3c ./Middlewares/Third_Party/LwIP/src/core/tcp.o
                0x000000000800633c                tcp_eff_send_mss_netif
 .text.tcp_free_ooseq
                0x0000000008006378       0x12 ./Middlewares/Third_Party/LwIP/src/core/tcp.o
                0x0000000008006378                tcp_free_ooseq
 *fill*         0x000000000800638a        0x2 
 .text.tcp_pcb_purge
                0x000000000800638c       0x64 ./Middlewares/Third_Party/LwIP/src/core/tcp.o
                0x000000000800638c                tcp_pcb_purge
 .text.tcp_pcb_remove
                0x00000000080063f0       0xcc ./Middlewares/Third_Party/LwIP/src/core/tcp.o
                0x00000000080063f0                tcp_pcb_remove
 .text.tcp_abandon
                0x00000000080064bc      0x104 ./Middlewares/Third_Party/LwIP/src/core/tcp.o
                0x00000000080064bc                tcp_abandon
 .text.tcp_abort
                0x00000000080065c0        0x6 ./Middlewares/Third_Party/LwIP/src/core/tcp.o
                0x00000000080065c0                tcp_abort
 *fill*         0x00000000080065c6        0x2 
 .text.tcp_netif_ip_addr_changed_pcblist
                0x00000000080065c8       0x3c ./Middlewares/Third_Party/LwIP/src/core/tcp.o
 .text.tcp_netif_ip_addr_changed
                0x0000000008006604       0x48 ./Middlewares/Third_Party/LwIP/src/core/tcp.o
                0x0000000008006604                tcp_netif_ip_addr_changed
 .text.tcp_kill_state
                0x000000000800664c       0x3c ./Middlewares/Third_Party/LwIP/src/core/tcp.o
 .text.tcp_alloc
                0x0000000008006688      0x134 ./Middlewares/Third_Party/LwIP/src/core/tcp.o
                0x0000000008006688                tcp_alloc
 .text.tcp_close_shutdown
                0x00000000080067bc      0x164 ./Middlewares/Third_Party/LwIP/src/core/tcp.o
 .text.tcp_close
                0x0000000008006920       0x3c ./Middlewares/Third_Party/LwIP/src/core/tcp.o
                0x0000000008006920                tcp_close
 .text.tcp_recv_null
                0x000000000800695c       0x48 ./Middlewares/Third_Party/LwIP/src/core/tcp.o
                0x000000000800695c                tcp_recv_null
 .text.tcp_process_refused_data
                0x00000000080069a4       0x88 ./Middlewares/Third_Party/LwIP/src/core/tcp.o
                0x00000000080069a4                tcp_process_refused_data
 .text.tcp_fasttmr
                0x0000000008006a2c       0x80 ./Middlewares/Third_Party/LwIP/src/core/tcp.o
                0x0000000008006a2c                tcp_fasttmr
 .text.tcp_slowtmr
                0x0000000008006aac      0x43c ./Middlewares/Third_Party/LwIP/src/core/tcp.o
                0x0000000008006aac                tcp_slowtmr
 .text.tcp_tmr  0x0000000008006ee8       0x24 ./Middlewares/Third_Party/LwIP/src/core/tcp.o
                0x0000000008006ee8                tcp_tmr
 .text.tcp_get_next_optbyte
                0x0000000008006f0c       0x38 ./Middlewares/Third_Party/LwIP/src/core/tcp_in.o
 .text.tcp_oos_insert_segment
                0x0000000008006f44       0x94 ./Middlewares/Third_Party/LwIP/src/core/tcp_in.o
 .text.tcp_parseopt
                0x0000000008006fd8       0x90 ./Middlewares/Third_Party/LwIP/src/core/tcp_in.o
 .text.tcp_input_delayed_close
                0x0000000008007068       0x58 ./Middlewares/Third_Party/LwIP/src/core/tcp_in.o
 .text.tcp_free_acked_segments.constprop.0
                0x00000000080070c0       0xc4 ./Middlewares/Third_Party/LwIP/src/core/tcp_in.o
 .text.tcp_receive
                0x0000000008007184      0x860 ./Middlewares/Third_Party/LwIP/src/core/tcp_in.o
 .text.tcp_input
                0x00000000080079e4      0xb04 ./Middlewares/Third_Party/LwIP/src/core/tcp_in.o
                0x00000000080079e4                tcp_input
 .text.tcp_trigger_input_pcb_close
                0x00000000080084e8       0x10 ./Middlewares/Third_Party/LwIP/src/core/tcp_in.o
                0x00000000080084e8                tcp_trigger_input_pcb_close
 .text.tcp_output_segment_busy
                0x00000000080084f8       0x2c ./Middlewares/Third_Party/LwIP/src/core/tcp_out.o
 .text.tcp_create_segment
                0x0000000008008524       0xe4 ./Middlewares/Third_Party/LwIP/src/core/tcp_out.o
 .text.tcp_output_alloc_header_common.constprop.0
                0x0000000008008608       0x84 ./Middlewares/Third_Party/LwIP/src/core/tcp_out.o
 .text.tcp_output_alloc_header.constprop.0
                0x000000000800868c       0x4c ./Middlewares/Third_Party/LwIP/src/core/tcp_out.o
 .text.tcp_output_fill_options.constprop.0
                0x00000000080086d8       0x20 ./Middlewares/Third_Party/LwIP/src/core/tcp_out.o
 .text.tcp_output_control_segment
                0x00000000080086f8       0x70 ./Middlewares/Third_Party/LwIP/src/core/tcp_out.o
 .text.tcp_split_unsent_seg
                0x0000000008008768      0x198 ./Middlewares/Third_Party/LwIP/src/core/tcp_out.o
                0x0000000008008768                tcp_split_unsent_seg
 .text.tcp_enqueue_flags
                0x0000000008008900      0x128 ./Middlewares/Third_Party/LwIP/src/core/tcp_out.o
                0x0000000008008900                tcp_enqueue_flags
 .text.tcp_send_fin
                0x0000000008008a28       0x60 ./Middlewares/Third_Party/LwIP/src/core/tcp_out.o
                0x0000000008008a28                tcp_send_fin
 .text.tcp_rexmit_rto_prepare
                0x0000000008008a88       0x88 ./Middlewares/Third_Party/LwIP/src/core/tcp_out.o
                0x0000000008008a88                tcp_rexmit_rto_prepare
 .text.tcp_rexmit
                0x0000000008008b10       0x84 ./Middlewares/Third_Party/LwIP/src/core/tcp_out.o
                0x0000000008008b10                tcp_rexmit
 .text.tcp_rexmit_fast
                0x0000000008008b94       0x68 ./Middlewares/Third_Party/LwIP/src/core/tcp_out.o
                0x0000000008008b94                tcp_rexmit_fast
 .text.tcp_rst  0x0000000008008bfc       0x8c ./Middlewares/Third_Party/LwIP/src/core/tcp_out.o
                0x0000000008008bfc                tcp_rst
 .text.tcp_send_empty_ack
                0x0000000008008c88       0x64 ./Middlewares/Third_Party/LwIP/src/core/tcp_out.o
                0x0000000008008c88                tcp_send_empty_ack
 .text.tcp_output
                0x0000000008008cec      0x354 ./Middlewares/Third_Party/LwIP/src/core/tcp_out.o
                0x0000000008008cec                tcp_output
 .text.tcp_rexmit_rto_commit
                0x0000000008009040       0x38 ./Middlewares/Third_Party/LwIP/src/core/tcp_out.o
                0x0000000008009040                tcp_rexmit_rto_commit
 .text.tcp_rexmit_rto
                0x0000000008009078       0x34 ./Middlewares/Third_Party/LwIP/src/core/tcp_out.o
                0x0000000008009078                tcp_rexmit_rto
 .text.tcp_keepalive
                0x00000000080090ac       0x50 ./Middlewares/Third_Party/LwIP/src/core/tcp_out.o
                0x00000000080090ac                tcp_keepalive
 .text.tcp_zero_window_probe
                0x00000000080090fc       0xc8 ./Middlewares/Third_Party/LwIP/src/core/tcp_out.o
                0x00000000080090fc                tcp_zero_window_probe
 .text.sys_timeout_abs
                0x00000000080091c4       0x64 ./Middlewares/Third_Party/LwIP/src/core/timeouts.o
 .text.lwip_cyclic_timer
                0x0000000008009228       0x34 ./Middlewares/Third_Party/LwIP/src/core/timeouts.o
 .text.sys_timeout
                0x000000000800925c       0x3c ./Middlewares/Third_Party/LwIP/src/core/timeouts.o
                0x000000000800925c                sys_timeout
 .text.tcp_timer_needed
                0x0000000008009298       0x34 ./Middlewares/Third_Party/LwIP/src/core/timeouts.o
                0x0000000008009298                tcp_timer_needed
 .text.tcpip_tcp_timer
                0x00000000080092cc       0x38 ./Middlewares/Third_Party/LwIP/src/core/timeouts.o
 .text.sys_timeouts_init
                0x0000000008009304       0x2c ./Middlewares/Third_Party/LwIP/src/core/timeouts.o
                0x0000000008009304                sys_timeouts_init
 .text.sys_check_timeouts
                0x0000000008009330       0x58 ./Middlewares/Third_Party/LwIP/src/core/timeouts.o
                0x0000000008009330                sys_check_timeouts
 .text.udp_init
                0x0000000008009388       0x18 ./Middlewares/Third_Party/LwIP/src/core/udp.o
                0x0000000008009388                udp_init
 .text.udp_input
                0x00000000080093a0      0x1b0 ./Middlewares/Third_Party/LwIP/src/core/udp.o
                0x00000000080093a0                udp_input
 .text.udp_bind
                0x0000000008009550       0xcc ./Middlewares/Third_Party/LwIP/src/core/udp.o
                0x0000000008009550                udp_bind
 .text.udp_sendto_if_src
                0x000000000800961c      0x130 ./Middlewares/Third_Party/LwIP/src/core/udp.o
                0x000000000800961c                udp_sendto_if_src
 .text.udp_sendto_if
                0x000000000800974c       0x80 ./Middlewares/Third_Party/LwIP/src/core/udp.o
                0x000000000800974c                udp_sendto_if
 .text.udp_sendto
                0x00000000080097cc       0x78 ./Middlewares/Third_Party/LwIP/src/core/udp.o
                0x00000000080097cc                udp_sendto
 .text.udp_send
                0x0000000008009844       0x44 ./Middlewares/Third_Party/LwIP/src/core/udp.o
                0x0000000008009844                udp_send
 .text.udp_connect
                0x0000000008009888       0x78 ./Middlewares/Third_Party/LwIP/src/core/udp.o
                0x0000000008009888                udp_connect
 .text.udp_disconnect
                0x0000000008009900       0x30 ./Middlewares/Third_Party/LwIP/src/core/udp.o
                0x0000000008009900                udp_disconnect
 .text.udp_recv
                0x0000000008009930       0x24 ./Middlewares/Third_Party/LwIP/src/core/udp.o
                0x0000000008009930                udp_recv
 .text.udp_new  0x0000000008009954       0x1c ./Middlewares/Third_Party/LwIP/src/core/udp.o
                0x0000000008009954                udp_new
 .text.udp_netif_ip_addr_changed
                0x0000000008009970       0x2c ./Middlewares/Third_Party/LwIP/src/core/udp.o
                0x0000000008009970                udp_netif_ip_addr_changed
 .text.etharp_free_entry
                0x000000000800999c       0x28 ./Middlewares/Third_Party/LwIP/src/core/ipv4/etharp.o
 .text.etharp_find_entry
                0x00000000080099c4      0x120 ./Middlewares/Third_Party/LwIP/src/core/ipv4/etharp.o
 .text.etharp_raw
                0x0000000008009ae4       0xdc ./Middlewares/Third_Party/LwIP/src/core/ipv4/etharp.o
 .text.etharp_cleanup_netif
                0x0000000008009bc0       0x28 ./Middlewares/Third_Party/LwIP/src/core/ipv4/etharp.o
                0x0000000008009bc0                etharp_cleanup_netif
 .text.etharp_input
                0x0000000008009be8      0x14c ./Middlewares/Third_Party/LwIP/src/core/ipv4/etharp.o
                0x0000000008009be8                etharp_input
 .text.etharp_request
                0x0000000008009d34       0x2c ./Middlewares/Third_Party/LwIP/src/core/ipv4/etharp.o
                0x0000000008009d34                etharp_request
 .text.etharp_tmr
                0x0000000008009d60       0x54 ./Middlewares/Third_Party/LwIP/src/core/ipv4/etharp.o
                0x0000000008009d60                etharp_tmr
 .text.etharp_output_to_arp_index
                0x0000000008009db4       0xac ./Middlewares/Third_Party/LwIP/src/core/ipv4/etharp.o
 .text.etharp_query
                0x0000000008009e60      0x130 ./Middlewares/Third_Party/LwIP/src/core/ipv4/etharp.o
                0x0000000008009e60                etharp_query
 .text.etharp_output
                0x0000000008009f90      0x144 ./Middlewares/Third_Party/LwIP/src/core/ipv4/etharp.o
                0x0000000008009f90                etharp_output
 .text.icmp_send_response
                0x000000000800a0d4       0x90 ./Middlewares/Third_Party/LwIP/src/core/ipv4/icmp.o
 .text.icmp_input
                0x000000000800a164      0x12c ./Middlewares/Third_Party/LwIP/src/core/ipv4/icmp.o
                0x000000000800a164                icmp_input
 .text.icmp_dest_unreach
                0x000000000800a290        0x8 ./Middlewares/Third_Party/LwIP/src/core/ipv4/icmp.o
                0x000000000800a290                icmp_dest_unreach
 .text.icmp_time_exceeded
                0x000000000800a298        0x8 ./Middlewares/Third_Party/LwIP/src/core/ipv4/icmp.o
                0x000000000800a298                icmp_time_exceeded
 .text.ip4_input_accept
                0x000000000800a2a0       0x34 ./Middlewares/Third_Party/LwIP/src/core/ipv4/ip4.o
 .text.ip4_route
                0x000000000800a2d4       0x5c ./Middlewares/Third_Party/LwIP/src/core/ipv4/ip4.o
                0x000000000800a2d4                ip4_route
 .text.ip4_input
                0x000000000800a330      0x168 ./Middlewares/Third_Party/LwIP/src/core/ipv4/ip4.o
                0x000000000800a330                ip4_input
 .text.ip4_output_if_src
                0x000000000800a498       0xf8 ./Middlewares/Third_Party/LwIP/src/core/ipv4/ip4.o
                0x000000000800a498                ip4_output_if_src
 .text.ip4_output_if
                0x000000000800a590       0x22 ./Middlewares/Third_Party/LwIP/src/core/ipv4/ip4.o
                0x000000000800a590                ip4_output_if
 .text.ip4_addr_isbroadcast_u32
                0x000000000800a5b2       0x36 ./Middlewares/Third_Party/LwIP/src/core/ipv4/ip4_addr.o
                0x000000000800a5b2                ip4_addr_isbroadcast_u32
 .text.ip_reass_dequeue_datagram
                0x000000000800a5e8       0x44 ./Middlewares/Third_Party/LwIP/src/core/ipv4/ip4_frag.o
 .text.ip_reass_free_complete_datagram
                0x000000000800a62c       0xe8 ./Middlewares/Third_Party/LwIP/src/core/ipv4/ip4_frag.o
 .text.ip_reass_remove_oldest_datagram
                0x000000000800a714       0x78 ./Middlewares/Third_Party/LwIP/src/core/ipv4/ip4_frag.o
 .text.ip_frag_free_pbuf_custom_ref
                0x000000000800a78c       0x2c ./Middlewares/Third_Party/LwIP/src/core/ipv4/ip4_frag.o
 .text.ipfrag_free_pbuf_custom
                0x000000000800a7b8       0x34 ./Middlewares/Third_Party/LwIP/src/core/ipv4/ip4_frag.o
 .text.ip_reass_tmr
                0x000000000800a7ec       0x2c ./Middlewares/Third_Party/LwIP/src/core/ipv4/ip4_frag.o
                0x000000000800a7ec                ip_reass_tmr
 .text.ip4_reass
                0x000000000800a818      0x3b4 ./Middlewares/Third_Party/LwIP/src/core/ipv4/ip4_frag.o
                0x000000000800a818                ip4_reass
 .text.ip4_frag
                0x000000000800abcc      0x1d8 ./Middlewares/Third_Party/LwIP/src/core/ipv4/ip4_frag.o
                0x000000000800abcc                ip4_frag
 .text.ethernet_input
                0x000000000800ada4       0xa0 ./Middlewares/Third_Party/LwIP/src/netif/ethernet.o
                0x000000000800ada4                ethernet_input
 .text.ethernet_output
                0x000000000800ae44       0x70 ./Middlewares/Third_Party/LwIP/src/netif/ethernet.o
                0x000000000800ae44                ethernet_output
 .text.__libc_init_array
                0x000000000800aeb4       0x48 c:/st/stm32cubeide_1.12.0/stm32cubeide/plugins/com.st.stm32cube.ide.mcu.externaltools.gnu-tools-for-stm32.10.3-2021.10.win32_1.0.200.202301161003/tools/bin/../lib/gcc/arm-none-eabi/10.3.1/../../../../arm-none-eabi/lib/thumb/v7e-m+fp/hard\libc_nano.a(lib_a-init.o)
                0x000000000800aeb4                __libc_init_array
 .text.memcmp   0x000000000800aefc       0x20 c:/st/stm32cubeide_1.12.0/stm32cubeide/plugins/com.st.stm32cube.ide.mcu.externaltools.gnu-tools-for-stm32.10.3-2021.10.win32_1.0.200.202301161003/tools/bin/../lib/gcc/arm-none-eabi/10.3.1/../../../../arm-none-eabi/lib/thumb/v7e-m+fp/hard\libc_nano.a(lib_a-memcmp.o)
                0x000000000800aefc                memcmp
 .text.memcpy   0x000000000800af1c       0x1c c:/st/stm32cubeide_1.12.0/stm32cubeide/plugins/com.st.stm32cube.ide.mcu.externaltools.gnu-tools-for-stm32.10.3-2021.10.win32_1.0.200.202301161003/tools/bin/../lib/gcc/arm-none-eabi/10.3.1/../../../../arm-none-eabi/lib/thumb/v7e-m+fp/hard\libc_nano.a(lib_a-memcpy-stub.o)
                0x000000000800af1c                memcpy
 .text.memset   0x000000000800af38       0x10 c:/st/stm32cubeide_1.12.0/stm32cubeide/plugins/com.st.stm32cube.ide.mcu.externaltools.gnu-tools-for-stm32.10.3-2021.10.win32_1.0.200.202301161003/tools/bin/../lib/gcc/arm-none-eabi/10.3.1/../../../../arm-none-eabi/lib/thumb/v7e-m+fp/hard\libc_nano.a(lib_a-memset.o)
                0x000000000800af38                memset
 .text.printf   0x000000000800af48       0x30 c:/st/stm32cubeide_1.12.0/stm32cubeide/plugins/com.st.stm32cube.ide.mcu.externaltools.gnu-tools-for-stm32.10.3-2021.10.win32_1.0.200.202301161003/tools/bin/../lib/gcc/arm-none-eabi/10.3.1/../../../../arm-none-eabi/lib/thumb/v7e-m+fp/hard\libc_nano.a(lib_a-printf.o)
                0x000000000800af48                iprintf
                0x000000000800af48                printf
 .text._puts_r  0x000000000800af78       0xdc c:/st/stm32cubeide_1.12.0/stm32cubeide/plugins/com.st.stm32cube.ide.mcu.externaltools.gnu-tools-for-stm32.10.3-2021.10.win32_1.0.200.202301161003/tools/bin/../lib/gcc/arm-none-eabi/10.3.1/../../../../arm-none-eabi/lib/thumb/v7e-m+fp/hard\libc_nano.a(lib_a-puts.o)
                0x000000000800af78                _puts_r
 .text.puts     0x000000000800b054       0x10 c:/st/stm32cubeide_1.12.0/stm32cubeide/plugins/com.st.stm32cube.ide.mcu.externaltools.gnu-tools-for-stm32.10.3-2021.10.win32_1.0.200.202301161003/tools/bin/../lib/gcc/arm-none-eabi/10.3.1/../../../../arm-none-eabi/lib/thumb/v7e-m+fp/hard\libc_nano.a(lib_a-puts.o)
                0x000000000800b054                puts
 .text.rand     0x000000000800b064       0x7c c:/st/stm32cubeide_1.12.0/stm32cubeide/plugins/com.st.stm32cube.ide.mcu.externaltools.gnu-tools-for-stm32.10.3-2021.10.win32_1.0.200.202301161003/tools/bin/../lib/gcc/arm-none-eabi/10.3.1/../../../../arm-none-eabi/lib/thumb/v7e-m+fp/hard\libc_nano.a(lib_a-rand.o)
                0x000000000800b064                rand
 .text.strcpy   0x000000000800b0e0       0x10 c:/st/stm32cubeide_1.12.0/stm32cubeide/plugins/com.st.stm32cube.ide.mcu.externaltools.gnu-tools-for-stm32.10.3-2021.10.win32_1.0.200.202301161003/tools/bin/../lib/gcc/arm-none-eabi/10.3.1/../../../../arm-none-eabi/lib/thumb/v7e-m+fp/hard\libc_nano.a(lib_a-strcpy.o)
                0x000000000800b0e0                strcpy
 .text.__swbuf_r
                0x000000000800b0f0       0xa4 c:/st/stm32cubeide_1.12.0/stm32cubeide/plugins/com.st.stm32cube.ide.mcu.externaltools.gnu-tools-for-stm32.10.3-2021.10.win32_1.0.200.202301161003/tools/bin/../lib/gcc/arm-none-eabi/10.3.1/../../../../arm-none-eabi/lib/thumb/v7e-m+fp/hard\libc_nano.a(lib_a-wbuf.o)
                0x000000000800b0f0                __swbuf_r
 .text.__swsetup_r
                0x000000000800b194       0xdc c:/st/stm32cubeide_1.12.0/stm32cubeide/plugins/com.st.stm32cube.ide.mcu.externaltools.gnu-tools-for-stm32.10.3-2021.10.win32_1.0.200.202301161003/tools/bin/../lib/gcc/arm-none-eabi/10.3.1/../../../../arm-none-eabi/lib/thumb/v7e-m+fp/hard\libc_nano.a(lib_a-wsetup.o)
                0x000000000800b194                __swsetup_r
 .text.__assert_func
                0x000000000800b270       0x3c c:/st/stm32cubeide_1.12.0/stm32cubeide/plugins/com.st.stm32cube.ide.mcu.externaltools.gnu-tools-for-stm32.10.3-2021.10.win32_1.0.200.202301161003/tools/bin/../lib/gcc/arm-none-eabi/10.3.1/../../../../arm-none-eabi/lib/thumb/v7e-m+fp/hard\libc_nano.a(lib_a-assert.o)
                0x000000000800b270                __assert_func
 .text.__sflush_r
                0x000000000800b2ac      0x10c c:/st/stm32cubeide_1.12.0/stm32cubeide/plugins/com.st.stm32cube.ide.mcu.externaltools.gnu-tools-for-stm32.10.3-2021.10.win32_1.0.200.202301161003/tools/bin/../lib/gcc/arm-none-eabi/10.3.1/../../../../arm-none-eabi/lib/thumb/v7e-m+fp/hard\libc_nano.a(lib_a-fflush.o)
                0x000000000800b2ac                __sflush_r
 .text._fflush_r
                0x000000000800b3b8       0x78 c:/st/stm32cubeide_1.12.0/stm32cubeide/plugins/com.st.stm32cube.ide.mcu.externaltools.gnu-tools-for-stm32.10.3-2021.10.win32_1.0.200.202301161003/tools/bin/../lib/gcc/arm-none-eabi/10.3.1/../../../../arm-none-eabi/lib/thumb/v7e-m+fp/hard\libc_nano.a(lib_a-fflush.o)
                0x000000000800b3b8                _fflush_r
 .text.std      0x000000000800b430       0x48 c:/st/stm32cubeide_1.12.0/stm32cubeide/plugins/com.st.stm32cube.ide.mcu.externaltools.gnu-tools-for-stm32.10.3-2021.10.win32_1.0.200.202301161003/tools/bin/../lib/gcc/arm-none-eabi/10.3.1/../../../../arm-none-eabi/lib/thumb/v7e-m+fp/hard\libc_nano.a(lib_a-findfp.o)
 .text._cleanup_r
                0x000000000800b478        0xc c:/st/stm32cubeide_1.12.0/stm32cubeide/plugins/com.st.stm32cube.ide.mcu.externaltools.gnu-tools-for-stm32.10.3-2021.10.win32_1.0.200.202301161003/tools/bin/../lib/gcc/arm-none-eabi/10.3.1/../../../../arm-none-eabi/lib/thumb/v7e-m+fp/hard\libc_nano.a(lib_a-findfp.o)
                0x000000000800b478                _cleanup_r
 .text.__sfmoreglue
                0x000000000800b484       0x2c c:/st/stm32cubeide_1.12.0/stm32cubeide/plugins/com.st.stm32cube.ide.mcu.externaltools.gnu-tools-for-stm32.10.3-2021.10.win32_1.0.200.202301161003/tools/bin/../lib/gcc/arm-none-eabi/10.3.1/../../../../arm-none-eabi/lib/thumb/v7e-m+fp/hard\libc_nano.a(lib_a-findfp.o)
                0x000000000800b484                __sfmoreglue
 .text.__sfp_lock_acquire
                0x000000000800b4b0        0xc c:/st/stm32cubeide_1.12.0/stm32cubeide/plugins/com.st.stm32cube.ide.mcu.externaltools.gnu-tools-for-stm32.10.3-2021.10.win32_1.0.200.202301161003/tools/bin/../lib/gcc/arm-none-eabi/10.3.1/../../../../arm-none-eabi/lib/thumb/v7e-m+fp/hard\libc_nano.a(lib_a-findfp.o)
                0x000000000800b4b0                __sfp_lock_acquire
 .text.__sfp_lock_release
                0x000000000800b4bc        0xc c:/st/stm32cubeide_1.12.0/stm32cubeide/plugins/com.st.stm32cube.ide.mcu.externaltools.gnu-tools-for-stm32.10.3-2021.10.win32_1.0.200.202301161003/tools/bin/../lib/gcc/arm-none-eabi/10.3.1/../../../../arm-none-eabi/lib/thumb/v7e-m+fp/hard\libc_nano.a(lib_a-findfp.o)
                0x000000000800b4bc                __sfp_lock_release
 .text.__sinit_lock_acquire
                0x000000000800b4c8        0xc c:/st/stm32cubeide_1.12.0/stm32cubeide/plugins/com.st.stm32cube.ide.mcu.externaltools.gnu-tools-for-stm32.10.3-2021.10.win32_1.0.200.202301161003/tools/bin/../lib/gcc/arm-none-eabi/10.3.1/../../../../arm-none-eabi/lib/thumb/v7e-m+fp/hard\libc_nano.a(lib_a-findfp.o)
                0x000000000800b4c8                __sinit_lock_acquire
 .text.__sinit_lock_release
                0x000000000800b4d4        0xc c:/st/stm32cubeide_1.12.0/stm32cubeide/plugins/com.st.stm32cube.ide.mcu.externaltools.gnu-tools-for-stm32.10.3-2021.10.win32_1.0.200.202301161003/tools/bin/../lib/gcc/arm-none-eabi/10.3.1/../../../../arm-none-eabi/lib/thumb/v7e-m+fp/hard\libc_nano.a(lib_a-findfp.o)
                0x000000000800b4d4                __sinit_lock_release
 .text.__sinit  0x000000000800b4e0       0x70 c:/st/stm32cubeide_1.12.0/stm32cubeide/plugins/com.st.stm32cube.ide.mcu.externaltools.gnu-tools-for-stm32.10.3-2021.10.win32_1.0.200.202301161003/tools/bin/../lib/gcc/arm-none-eabi/10.3.1/../../../../arm-none-eabi/lib/thumb/v7e-m+fp/hard\libc_nano.a(lib_a-findfp.o)
                0x000000000800b4e0                __sinit
 .text.__sfp    0x000000000800b550       0x8c c:/st/stm32cubeide_1.12.0/stm32cubeide/plugins/com.st.stm32cube.ide.mcu.externaltools.gnu-tools-for-stm32.10.3-2021.10.win32_1.0.200.202301161003/tools/bin/../lib/gcc/arm-none-eabi/10.3.1/../../../../arm-none-eabi/lib/thumb/v7e-m+fp/hard\libc_nano.a(lib_a-findfp.o)
                0x000000000800b550                __sfp
 .text.fprintf  0x000000000800b5dc       0x24 c:/st/stm32cubeide_1.12.0/stm32cubeide/plugins/com.st.stm32cube.ide.mcu.externaltools.gnu-tools-for-stm32.10.3-2021.10.win32_1.0.200.202301161003/tools/bin/../lib/gcc/arm-none-eabi/10.3.1/../../../../arm-none-eabi/lib/thumb/v7e-m+fp/hard\libc_nano.a(lib_a-fprintf.o)
                0x000000000800b5dc                fiprintf
                0x000000000800b5dc                fprintf
 .text._fwalk_reent
                0x000000000800b600       0x3e c:/st/stm32cubeide_1.12.0/stm32cubeide/plugins/com.st.stm32cube.ide.mcu.externaltools.gnu-tools-for-stm32.10.3-2021.10.win32_1.0.200.202301161003/tools/bin/../lib/gcc/arm-none-eabi/10.3.1/../../../../arm-none-eabi/lib/thumb/v7e-m+fp/hard\libc_nano.a(lib_a-fwalk.o)
                0x000000000800b600                _fwalk_reent
 .text.__retarget_lock_init_recursive
                0x000000000800b63e        0x2 c:/st/stm32cubeide_1.12.0/stm32cubeide/plugins/com.st.stm32cube.ide.mcu.externaltools.gnu-tools-for-stm32.10.3-2021.10.win32_1.0.200.202301161003/tools/bin/../lib/gcc/arm-none-eabi/10.3.1/../../../../arm-none-eabi/lib/thumb/v7e-m+fp/hard\libc_nano.a(lib_a-lock.o)
                0x000000000800b63e                __retarget_lock_init_recursive
 .text.__retarget_lock_acquire_recursive
                0x000000000800b640        0x2 c:/st/stm32cubeide_1.12.0/stm32cubeide/plugins/com.st.stm32cube.ide.mcu.externaltools.gnu-tools-for-stm32.10.3-2021.10.win32_1.0.200.202301161003/tools/bin/../lib/gcc/arm-none-eabi/10.3.1/../../../../arm-none-eabi/lib/thumb/v7e-m+fp/hard\libc_nano.a(lib_a-lock.o)
                0x000000000800b640                __retarget_lock_acquire_recursive
 .text.__retarget_lock_release_recursive
                0x000000000800b642        0x2 c:/st/stm32cubeide_1.12.0/stm32cubeide/plugins/com.st.stm32cube.ide.mcu.externaltools.gnu-tools-for-stm32.10.3-2021.10.win32_1.0.200.202301161003/tools/bin/../lib/gcc/arm-none-eabi/10.3.1/../../../../arm-none-eabi/lib/thumb/v7e-m+fp/hard\libc_nano.a(lib_a-lock.o)
                0x000000000800b642                __retarget_lock_release_recursive
 .text.__swhatbuf_r
                0x000000000800b644       0x4a c:/st/stm32cubeide_1.12.0/stm32cubeide/plugins/com.st.stm32cube.ide.mcu.externaltools.gnu-tools-for-stm32.10.3-2021.10.win32_1.0.200.202301161003/tools/bin/../lib/gcc/arm-none-eabi/10.3.1/../../../../arm-none-eabi/lib/thumb/v7e-m+fp/hard\libc_nano.a(lib_a-makebuf.o)
                0x000000000800b644                __swhatbuf_r
 *fill*         0x000000000800b68e        0x2 
 .text.__smakebuf_r
                0x000000000800b690       0x80 c:/st/stm32cubeide_1.12.0/stm32cubeide/plugins/com.st.stm32cube.ide.mcu.externaltools.gnu-tools-for-stm32.10.3-2021.10.win32_1.0.200.202301161003/tools/bin/../lib/gcc/arm-none-eabi/10.3.1/../../../../arm-none-eabi/lib/thumb/v7e-m+fp/hard\libc_nano.a(lib_a-makebuf.o)
                0x000000000800b690                __smakebuf_r
 .text.malloc   0x000000000800b710       0x10 c:/st/stm32cubeide_1.12.0/stm32cubeide/plugins/com.st.stm32cube.ide.mcu.externaltools.gnu-tools-for-stm32.10.3-2021.10.win32_1.0.200.202301161003/tools/bin/../lib/gcc/arm-none-eabi/10.3.1/../../../../arm-none-eabi/lib/thumb/v7e-m+fp/hard\libc_nano.a(lib_a-malloc.o)
                0x000000000800b710                malloc
 .text._free_r  0x000000000800b720       0x98 c:/st/stm32cubeide_1.12.0/stm32cubeide/plugins/com.st.stm32cube.ide.mcu.externaltools.gnu-tools-for-stm32.10.3-2021.10.win32_1.0.200.202301161003/tools/bin/../lib/gcc/arm-none-eabi/10.3.1/../../../../arm-none-eabi/lib/thumb/v7e-m+fp/hard\libc_nano.a(lib_a-nano-freer.o)
                0x000000000800b720                _free_r
 .text.sbrk_aligned
                0x000000000800b7b8       0x40 c:/st/stm32cubeide_1.12.0/stm32cubeide/plugins/com.st.stm32cube.ide.mcu.externaltools.gnu-tools-for-stm32.10.3-2021.10.win32_1.0.200.202301161003/tools/bin/../lib/gcc/arm-none-eabi/10.3.1/../../../../arm-none-eabi/lib/thumb/v7e-m+fp/hard\libc_nano.a(lib_a-nano-mallocr.o)
 .text._malloc_r
                0x000000000800b7f8       0xe8 c:/st/stm32cubeide_1.12.0/stm32cubeide/plugins/com.st.stm32cube.ide.mcu.externaltools.gnu-tools-for-stm32.10.3-2021.10.win32_1.0.200.202301161003/tools/bin/../lib/gcc/arm-none-eabi/10.3.1/../../../../arm-none-eabi/lib/thumb/v7e-m+fp/hard\libc_nano.a(lib_a-nano-mallocr.o)
                0x000000000800b7f8                _malloc_r
 .text.__sfputc_r
                0x000000000800b8e0       0x2e c:/st/stm32cubeide_1.12.0/stm32cubeide/plugins/com.st.stm32cube.ide.mcu.externaltools.gnu-tools-for-stm32.10.3-2021.10.win32_1.0.200.202301161003/tools/bin/../lib/gcc/arm-none-eabi/10.3.1/../../../../arm-none-eabi/lib/thumb/v7e-m+fp/hard\libc_nano.a(lib_a-nano-vfprintf.o)
 .text.__sfputs_r
                0x000000000800b90e       0x24 c:/st/stm32cubeide_1.12.0/stm32cubeide/plugins/com.st.stm32cube.ide.mcu.externaltools.gnu-tools-for-stm32.10.3-2021.10.win32_1.0.200.202301161003/tools/bin/../lib/gcc/arm-none-eabi/10.3.1/../../../../arm-none-eabi/lib/thumb/v7e-m+fp/hard\libc_nano.a(lib_a-nano-vfprintf.o)
                0x000000000800b90e                __sfputs_r
 *fill*         0x000000000800b932        0x2 
 .text._vfprintf_r
                0x000000000800b934      0x260 c:/st/stm32cubeide_1.12.0/stm32cubeide/plugins/com.st.stm32cube.ide.mcu.externaltools.gnu-tools-for-stm32.10.3-2021.10.win32_1.0.200.202301161003/tools/bin/../lib/gcc/arm-none-eabi/10.3.1/../../../../arm-none-eabi/lib/thumb/v7e-m+fp/hard\libc_nano.a(lib_a-nano-vfprintf.o)
                0x000000000800b934                _vfprintf_r
                0x000000000800b934                _vfiprintf_r
 .text._printf_common
                0x000000000800bb94       0xda c:/st/stm32cubeide_1.12.0/stm32cubeide/plugins/com.st.stm32cube.ide.mcu.externaltools.gnu-tools-for-stm32.10.3-2021.10.win32_1.0.200.202301161003/tools/bin/../lib/gcc/arm-none-eabi/10.3.1/../../../../arm-none-eabi/lib/thumb/v7e-m+fp/hard\libc_nano.a(lib_a-nano-vfprintf_i.o)
                0x000000000800bb94                _printf_common
 *fill*         0x000000000800bc6e        0x2 
 .text._printf_i
                0x000000000800bc70      0x24c c:/st/stm32cubeide_1.12.0/stm32cubeide/plugins/com.st.stm32cube.ide.mcu.externaltools.gnu-tools-for-stm32.10.3-2021.10.win32_1.0.200.202301161003/tools/bin/../lib/gcc/arm-none-eabi/10.3.1/../../../../arm-none-eabi/lib/thumb/v7e-m+fp/hard\libc_nano.a(lib_a-nano-vfprintf_i.o)
                0x000000000800bc70                _printf_i
 .text._sbrk_r  0x000000000800bebc       0x20 c:/st/stm32cubeide_1.12.0/stm32cubeide/plugins/com.st.stm32cube.ide.mcu.externaltools.gnu-tools-for-stm32.10.3-2021.10.win32_1.0.200.202301161003/tools/bin/../lib/gcc/arm-none-eabi/10.3.1/../../../../arm-none-eabi/lib/thumb/v7e-m+fp/hard\libc_nano.a(lib_a-sbrkr.o)
                0x000000000800bebc                _sbrk_r
 .text.__sread  0x000000000800bedc       0x22 c:/st/stm32cubeide_1.12.0/stm32cubeide/plugins/com.st.stm32cube.ide.mcu.externaltools.gnu-tools-for-stm32.10.3-2021.10.win32_1.0.200.202301161003/tools/bin/../lib/gcc/arm-none-eabi/10.3.1/../../../../arm-none-eabi/lib/thumb/v7e-m+fp/hard\libc_nano.a(lib_a-stdio.o)
                0x000000000800bedc                __sread
 .text.__swrite
                0x000000000800befe       0x38 c:/st/stm32cubeide_1.12.0/stm32cubeide/plugins/com.st.stm32cube.ide.mcu.externaltools.gnu-tools-for-stm32.10.3-2021.10.win32_1.0.200.202301161003/tools/bin/../lib/gcc/arm-none-eabi/10.3.1/../../../../arm-none-eabi/lib/thumb/v7e-m+fp/hard\libc_nano.a(lib_a-stdio.o)
                0x000000000800befe                __swrite
 .text.__sseek  0x000000000800bf36       0x24 c:/st/stm32cubeide_1.12.0/stm32cubeide/plugins/com.st.stm32cube.ide.mcu.externaltools.gnu-tools-for-stm32.10.3-2021.10.win32_1.0.200.202301161003/tools/bin/../lib/gcc/arm-none-eabi/10.3.1/../../../../arm-none-eabi/lib/thumb/v7e-m+fp/hard\libc_nano.a(lib_a-stdio.o)
                0x000000000800bf36                __sseek
 .text.__sclose
                0x000000000800bf5a        0x8 c:/st/stm32cubeide_1.12.0/stm32cubeide/plugins/com.st.stm32cube.ide.mcu.externaltools.gnu-tools-for-stm32.10.3-2021.10.win32_1.0.200.202301161003/tools/bin/../lib/gcc/arm-none-eabi/10.3.1/../../../../arm-none-eabi/lib/thumb/v7e-m+fp/hard\libc_nano.a(lib_a-stdio.o)
                0x000000000800bf5a                __sclose
 *fill*         0x000000000800bf62        0x2 
 .text._write_r
                0x000000000800bf64       0x24 c:/st/stm32cubeide_1.12.0/stm32cubeide/plugins/com.st.stm32cube.ide.mcu.externaltools.gnu-tools-for-stm32.10.3-2021.10.win32_1.0.200.202301161003/tools/bin/../lib/gcc/arm-none-eabi/10.3.1/../../../../arm-none-eabi/lib/thumb/v7e-m+fp/hard\libc_nano.a(lib_a-writer.o)
                0x000000000800bf64                _write_r
 .text.abort    0x000000000800bf88        0xe c:/st/stm32cubeide_1.12.0/stm32cubeide/plugins/com.st.stm32cube.ide.mcu.externaltools.gnu-tools-for-stm32.10.3-2021.10.win32_1.0.200.202301161003/tools/bin/../lib/gcc/arm-none-eabi/10.3.1/../../../../arm-none-eabi/lib/thumb/v7e-m+fp/hard\libc_nano.a(lib_a-abort.o)
                0x000000000800bf88                abort