../Core/Src/main.c:112:5:main	8	static
../Core/Src/main.c:201:6:SystemClock_Config	88	static
../Core/Src/main.c:247:13:MX_ETH_Init	8	static
../Core/Src/main.c:296:13:MX_USART3_UART_Init	8	static
../Core/Src/main.c:329:13:MX_USB_OTG_FS_PCD_Init	8	static
../Core/Src/main.c:364:13:MX_GPIO_Init	56	static
../Core/Src/main.c:425:6:StartDefaultTask	16	static
../Core/Src/main.c:443:6:Task1_func	16	static
../Core/Src/main.c:462:6:Task2_func	16	static
../Core/Src/main.c:481:6:Task3_func	16	static
../Core/Src/main.c:501:6:HAL_TIM_PeriodElapsedCallback	16	static
../Core/Src/main.c:518:6:Error_Handler	4	static,ignoring_inline_asm
