../Core/Src/main.c:119:6:HAL_SYSTICK_Handler	4	static
../Core/Src/main.c:139:1:__io_putchar	16	static
../Core/Src/main.c:151:6:HAL_TIM_PeriodElapsedCallback	16	static
../Core/Src/main.c:161:6:delay_us	16	static
../Core/Src/main.c:174:5:main	8	static
../Core/Src/main.c:291:6:SystemClock_Config	88	static
../Core/Src/main.c:338:13:MX_ETH_Init	8	static
../Core/Src/main.c:387:13:MX_I2C1_Init	8	static
../Core/Src/main.c:435:13:MX_RTC_Init	32	static
../Core/Src/main.c:498:13:MX_TIM2_Init	48	static
../Core/Src/main.c:547:13:MX_TIM3_Init	32	static
../Core/Src/main.c:595:13:MX_TIM4_Init	64	static
../Core/Src/main.c:654:13:MX_TIM10_Init	8	static
../Core/Src/main.c:685:13:MX_TIM11_Init	8	static
../Core/Src/main.c:716:13:MX_USART3_UART_Init	8	static
../Core/Src/main.c:749:13:MX_USART6_UART_Init	8	static
../Core/Src/main.c:782:13:MX_USB_OTG_FS_PCD_Init	8	static
../Core/Src/main.c:817:13:MX_GPIO_Init	64	static
../Core/Src/main.c:926:6:Error_Handler	4	static,ignoring_inline_asm
