../Core/Src/main.c:155:6:HAL_SYSTICK_Handler	4	static
../Core/Src/main.c:172:1:__io_putchar	16	static
../Core/Src/main.c:182:6:delay_us	16	static
../Core/Src/main.c:191:6:HAL_GPIO_EXTI_Callback	16	static
../Core/Src/main.c:214:6:HAL_ADC_ConvCpltCallback	16	static
../Core/Src/main.c:223:6:nucleo_stm32f429zi_led_off	8	static
../Core/Src/main.c:229:6:nucleo_stm32f429zi_led_on	8	static
../Core/Src/main.c:241:5:main	8	static
../Core/Src/main.c:386:6:SystemClock_Config	88	static
../Core/Src/main.c:433:13:MX_ADC1_Init	24	static
../Core/Src/main.c:485:13:MX_I2C1_Init	8	static
../Core/Src/main.c:533:13:MX_RTC_Init	32	static
../Core/Src/main.c:596:13:MX_TIM2_Init	48	static
../Core/Src/main.c:645:13:MX_TIM3_Init	32	static
../Core/Src/main.c:693:13:MX_TIM4_Init	32	static
../Core/Src/main.c:738:13:MX_TIM5_Init	64	static
../Core/Src/main.c:797:13:MX_TIM10_Init	8	static
../Core/Src/main.c:828:13:MX_TIM11_Init	8	static
../Core/Src/main.c:859:13:MX_USART3_UART_Init	8	static
../Core/Src/main.c:892:13:MX_USART6_UART_Init	8	static
../Core/Src/main.c:925:13:MX_USB_OTG_FS_PCD_Init	8	static
../Core/Src/main.c:960:13:MX_GPIO_Init	64	static
../Core/Src/main.c:1092:6:StartDefaultTask	24	static
../Core/Src/main.c:1142:6:Task1_func	16	static
../Core/Src/main.c:1161:6:Task2_func	16	static
../Core/Src/main.c:1180:6:Task3_func	16	static
../Core/Src/main.c:1201:6:HAL_TIM_PeriodElapsedCallback	16	static
../Core/Src/main.c:1222:6:Error_Handler	4	static,ignoring_inline_asm
