../Core/Src/main.c:155:6:HAL_SYSTICK_Handler	4	static
../Core/Src/main.c:172:1:__io_putchar	16	static
../Core/Src/main.c:184:6:delay_us	16	static
../Core/Src/main.c:195:6:HAL_GPIO_EXTI_Callback	16	static
../Core/Src/main.c:216:6:HAL_ADC_ConvCpltCallback	16	static
../Core/Src/main.c:232:5:main	8	static
../Core/Src/main.c:379:6:SystemClock_Config	88	static
../Core/Src/main.c:426:13:MX_ADC1_Init	24	static
../Core/Src/main.c:478:13:MX_I2C1_Init	8	static
../Core/Src/main.c:526:13:MX_RTC_Init	32	static
../Core/Src/main.c:589:13:MX_TIM2_Init	48	static
../Core/Src/main.c:638:13:MX_TIM3_Init	32	static
../Core/Src/main.c:686:13:MX_TIM4_Init	32	static
../Core/Src/main.c:731:13:MX_TIM5_Init	64	static
../Core/Src/main.c:790:13:MX_TIM10_Init	8	static
../Core/Src/main.c:821:13:MX_TIM11_Init	8	static
../Core/Src/main.c:852:13:MX_USART3_UART_Init	8	static
../Core/Src/main.c:885:13:MX_USART6_UART_Init	8	static
../Core/Src/main.c:918:13:MX_USB_OTG_FS_PCD_Init	8	static
../Core/Src/main.c:953:13:MX_GPIO_Init	64	static
../Core/Src/main.c:1081:6:StartDefaultTask	16	static
../Core/Src/main.c:1105:6:Task1_func	16	static
../Core/Src/main.c:1125:6:Task2_func	16	static
../Core/Src/main.c:1144:6:Task3_func	16	static
../Core/Src/main.c:1165:6:HAL_TIM_PeriodElapsedCallback	16	static
../Core/Src/main.c:1182:6:Error_Handler	4	static,ignoring_inline_asm
