../LWIP/Target/ethernetif.c:576:9:ETH_PHY_IO_DeInit	0	static
../LWIP/Target/ethernetif.c:242:14:low_level_output	64	static
../LWIP/Target/ethernetif.c:411:6:pbuf_free_custom	8	static
../LWIP/Target/ethernetif.c:619:9:ETH_PHY_IO_GetTick	0	static
../LWIP/Target/ethernetif.c:559:9:ETH_PHY_IO_Init	8	static
../LWIP/Target/ethernetif.c:588:9:ETH_PHY_IO_ReadReg	8	static
../LWIP/Target/ethernetif.c:605:9:ETH_PHY_IO_WriteReg	8	static
../LWIP/Target/ethernetif.c:310:6:ethernetif_input	32	static
../LWIP/Target/ethernetif.c:433:7:sys_now	0	static
../LWIP/Target/ethernetif.c:446:6:HAL_ETH_MspInit	72	static
../LWIP/Target/ethernetif.c:511:6:HAL_ETH_MspDeInit	8	static
../LWIP/Target/ethernetif.c:628:6:ethernet_link_check_state	120	static
../LWIP/Target/ethernetif.c:360:7:ethernetif_init	32	static
../LWIP/Target/ethernetif.c:685:6:HAL_ETH_RxAllocateCallback	16	static
../LWIP/Target/ethernetif.c:707:6:HAL_ETH_RxLinkCallback	12	static
../LWIP/Target/ethernetif.c:744:6:HAL_ETH_TxFreeCallback	0	static
