../Core/Src/led.c:20:6:button0_led_all_on_off_toggle	8	static
../Core/Src/led.c:39:6:button0_toggle	4	static
../Core/Src/led.c:53:6:led_main	8	static
../Core/Src/led.c:154:6:flower_on	16	static
../Core/Src/led.c:167:6:flower_off	16	static
../Core/Src/led.c:180:6:led_keepon_up	16	static
../Core/Src/led.c:189:6:led_keepon_down	16	static
../Core/Src/led.c:200:6:led_on_up	8	static
../Core/Src/led.c:228:6:led_on_down	8	static
../Core/Src/led.c:254:6:led_all_on	8	static
../Core/Src/led.c:261:6:led_all_off	8	static
