Archive member included to satisfy reference by file (symbol)

c:/st/stm32cubeide_1.12.0/stm32cubeide/plugins/com.st.stm32cube.ide.mcu.externaltools.gnu-tools-for-stm32.10.3-2021.10.win32_1.0.200.202301161003/tools/bin/../lib/gcc/arm-none-eabi/10.3.1/../../../../arm-none-eabi/lib/thumb/v7e-m+fp/hard\libc_nano.a(lib_a-atoi.o)
                              ./Core/Src/internal_rtc.o (atoi)
c:/st/stm32cubeide_1.12.0/stm32cubeide/plugins/com.st.stm32cube.ide.mcu.externaltools.gnu-tools-for-stm32.10.3-2021.10.win32_1.0.200.202301161003/tools/bin/../lib/gcc/arm-none-eabi/10.3.1/../../../../arm-none-eabi/lib/thumb/v7e-m+fp/hard\libc_nano.a(lib_a-ctype_.o)
                              ./Middlewares/Third_Party/LwIP/src/core/ipv4/ip4_addr.o (_ctype_)
c:/st/stm32cubeide_1.12.0/stm32cubeide/plugins/com.st.stm32cube.ide.mcu.externaltools.gnu-tools-for-stm32.10.3-2021.10.win32_1.0.200.202301161003/tools/bin/../lib/gcc/arm-none-eabi/10.3.1/../../../../arm-none-eabi/lib/thumb/v7e-m+fp/hard\libc_nano.a(lib_a-exit.o)
                              c:/st/stm32cubeide_1.12.0/stm32cubeide/plugins/com.st.stm32cube.ide.mcu.externaltools.gnu-tools-for-stm32.10.3-2021.10.win32_1.0.200.202301161003/tools/bin/../lib/gcc/arm-none-eabi/10.3.1/../../../../arm-none-eabi/lib/thumb/v7e-m+fp/hard/crt0.o (exit)
c:/st/stm32cubeide_1.12.0/stm32cubeide/plugins/com.st.stm32cube.ide.mcu.externaltools.gnu-tools-for-stm32.10.3-2021.10.win32_1.0.200.202301161003/tools/bin/../lib/gcc/arm-none-eabi/10.3.1/../../../../arm-none-eabi/lib/thumb/v7e-m+fp/hard\libc_nano.a(lib_a-impure.o)
                              c:/st/stm32cubeide_1.12.0/stm32cubeide/plugins/com.st.stm32cube.ide.mcu.externaltools.gnu-tools-for-stm32.10.3-2021.10.win32_1.0.200.202301161003/tools/bin/../lib/gcc/arm-none-eabi/10.3.1/../../../../arm-none-eabi/lib/thumb/v7e-m+fp/hard\libc_nano.a(lib_a-exit.o) (_global_impure_ptr)
c:/st/stm32cubeide_1.12.0/stm32cubeide/plugins/com.st.stm32cube.ide.mcu.externaltools.gnu-tools-for-stm32.10.3-2021.10.win32_1.0.200.202301161003/tools/bin/../lib/gcc/arm-none-eabi/10.3.1/../../../../arm-none-eabi/lib/thumb/v7e-m+fp/hard\libc_nano.a(lib_a-init.o)
                              c:/st/stm32cubeide_1.12.0/stm32cubeide/plugins/com.st.stm32cube.ide.mcu.externaltools.gnu-tools-for-stm32.10.3-2021.10.win32_1.0.200.202301161003/tools/bin/../lib/gcc/arm-none-eabi/10.3.1/../../../../arm-none-eabi/lib/thumb/v7e-m+fp/hard/crt0.o (__libc_init_array)
c:/st/stm32cubeide_1.12.0/stm32cubeide/plugins/com.st.stm32cube.ide.mcu.externaltools.gnu-tools-for-stm32.10.3-2021.10.win32_1.0.200.202301161003/tools/bin/../lib/gcc/arm-none-eabi/10.3.1/../../../../arm-none-eabi/lib/thumb/v7e-m+fp/hard\libc_nano.a(lib_a-memcmp.o)
                              ./Middlewares/Third_Party/LwIP/src/netif/bridgeif_fdb.o (memcmp)
c:/st/stm32cubeide_1.12.0/stm32cubeide/plugins/com.st.stm32cube.ide.mcu.externaltools.gnu-tools-for-stm32.10.3-2021.10.win32_1.0.200.202301161003/tools/bin/../lib/gcc/arm-none-eabi/10.3.1/../../../../arm-none-eabi/lib/thumb/v7e-m+fp/hard\libc_nano.a(lib_a-memcpy-stub.o)
                              ./Core/Src/udp_echoserver.o (memcpy)
c:/st/stm32cubeide_1.12.0/stm32cubeide/plugins/com.st.stm32cube.ide.mcu.externaltools.gnu-tools-for-stm32.10.3-2021.10.win32_1.0.200.202301161003/tools/bin/../lib/gcc/arm-none-eabi/10.3.1/../../../../arm-none-eabi/lib/thumb/v7e-m+fp/hard\libc_nano.a(lib_a-memmove.o)
                              ./Middlewares/Third_Party/LwIP/src/core/def.o (memmove)
c:/st/stm32cubeide_1.12.0/stm32cubeide/plugins/com.st.stm32cube.ide.mcu.externaltools.gnu-tools-for-stm32.10.3-2021.10.win32_1.0.200.202301161003/tools/bin/../lib/gcc/arm-none-eabi/10.3.1/../../../../arm-none-eabi/lib/thumb/v7e-m+fp/hard\libc_nano.a(lib_a-memset.o)
                              c:/st/stm32cubeide_1.12.0/stm32cubeide/plugins/com.st.stm32cube.ide.mcu.externaltools.gnu-tools-for-stm32.10.3-2021.10.win32_1.0.200.202301161003/tools/bin/../lib/gcc/arm-none-eabi/10.3.1/../../../../arm-none-eabi/lib/thumb/v7e-m+fp/hard/crt0.o (memset)
c:/st/stm32cubeide_1.12.0/stm32cubeide/plugins/com.st.stm32cube.ide.mcu.externaltools.gnu-tools-for-stm32.10.3-2021.10.win32_1.0.200.202301161003/tools/bin/../lib/gcc/arm-none-eabi/10.3.1/../../../../arm-none-eabi/lib/thumb/v7e-m+fp/hard\libc_nano.a(lib_a-printf.o)
                              ./Core/Src/DHT11.o (printf)
c:/st/stm32cubeide_1.12.0/stm32cubeide/plugins/com.st.stm32cube.ide.mcu.externaltools.gnu-tools-for-stm32.10.3-2021.10.win32_1.0.200.202301161003/tools/bin/../lib/gcc/arm-none-eabi/10.3.1/../../../../arm-none-eabi/lib/thumb/v7e-m+fp/hard\libc_nano.a(lib_a-puts.o)
                              ./Core/Src/DHT11.o (puts)
c:/st/stm32cubeide_1.12.0/stm32cubeide/plugins/com.st.stm32cube.ide.mcu.externaltools.gnu-tools-for-stm32.10.3-2021.10.win32_1.0.200.202301161003/tools/bin/../lib/gcc/arm-none-eabi/10.3.1/../../../../arm-none-eabi/lib/thumb/v7e-m+fp/hard\libc_nano.a(lib_a-rand.o)
[...]
Memory Configuration

Name             Origin             Length             Attributes
CCMRAM           0x0000000010000000 0x0000000000010000 xrw
RAM              0x0000000020000000 0x0000000000030000 xrw
FLASH            0x0000000008000000 0x0000000000200000 xr
*default*        0x0000000000000000 0xffffffffffffffff

Linker script and memory map

LOAD c:/st/stm32cubeide_1.12.0/stm32cubeide/plugins/com.st.stm32cube.ide.mcu.externaltools.gnu-tools-for-stm32.10.3-2021.10.win32_1.0.200.202301161003/tools/bin/../lib/gcc/arm-none-eabi/10.3.1/thumb/v7e-m+fp/hard/crti.o
LOAD c:/st/stm32cubeide_1.12.0/stm32cubeide/plugins/com.st.stm32cube.ide.mcu.externaltools.gnu-tools-for-stm32.10.3-2021.10.win32_1.0.200.202301161003/tools/bin/../lib/gcc/arm-none-eabi/10.3.1/thumb/v7e-m+fp/hard/crtbegin.o
LOAD c:/st/stm32cubeide_1.12.0/stm32cubeide/plugins/com.st.stm32cube.ide.mcu.externaltools.gnu-tools-for-stm32.10.3-2021.10.win32_1.0.200.202301161003/tools/bin/../lib/gcc/arm-none-eabi/10.3.1/../../../../arm-none-eabi/lib/thumb/v7e-m+fp/hard/crt0.o
LOAD ./Core/Src/DHT11.o
LOAD ./Core/Src/button.o
LOAD ./Core/Src/buzzer.o
LOAD ./Core/Src/dcmotor.o
LOAD ./Core/Src/dotmatrix.o
LOAD ./Core/Src/i2c_lcd.o
LOAD ./Core/Src/internal_rtc.o
LOAD ./Core/Src/led.o
LOAD ./Core/Src/main.o
LOAD ./Core/Src/servo_motor.o
LOAD ./Core/Src/stepmotor.o
LOAD ./Core/Src/stm32f4xx_hal_msp.o
LOAD ./Core/Src/stm32f4xx_it.o
LOAD ./Core/Src/syscalls.o
LOAD ./Core/Src/sysmem.o
LOAD ./Core/Src/system_stm32f4xx.o
LOAD ./Core/Src/uart.o
LOAD ./Core/Src/udp_echoserver.o
LOAD ./Core/Src/ultrasonic.o
LOAD ./Core/Startup/startup_stm32f429zitx.o
LOAD ./Drivers/BSP/Components/lan8742/lan8742.o
LOAD ./Drivers/STM32F4xx_HAL_Driver/Src/stm32f4xx_hal.o
LOAD ./Drivers/STM32F4xx_HAL_Driver/Src/stm32f4xx_hal_adc.o
LOAD ./Drivers/STM32F4xx_HAL_Driver/Src/stm32f4xx_hal_adc_ex.o
LOAD ./Drivers/STM32F4xx_HAL_Driver/Src/stm32f4xx_hal_cortex.o
LOAD ./Drivers/STM32F4xx_HAL_Driver/Src/stm32f4xx_hal_dma.o
LOAD ./Drivers/STM32F4xx_HAL_Driver/Src/stm32f4xx_hal_dma_ex.o
LOAD ./Drivers/STM32F4xx_HAL_Driver/Src/stm32f4xx_hal_eth.o
LOAD ./Drivers/STM32F4xx_HAL_Driver/Src/stm32f4xx_hal_exti.o
LOAD ./Drivers/STM32F4xx_HAL_Driver/Src/stm32f4xx_hal_flash.o
LOAD ./Drivers/STM32F4xx_HAL_Driver/Src/stm32f4xx_hal_flash_ex.o
LOAD ./Drivers/STM32F4xx_HAL_Driver/Src/stm32f4xx_hal_flash_ramfunc.o
LOAD ./Drivers/STM32F4xx_HAL_Driver/Src/stm32f4xx_hal_gpio.o
LOAD ./Drivers/STM32F4xx_HAL_Driver/Src/stm32f4xx_hal_i2c.o
LOAD ./Drivers/STM32F4xx_HAL_Driver/Src/stm32f4xx_hal_i2c_ex.o
LOAD ./Drivers/STM32F4xx_HAL_Driver/Src/stm32f4xx_hal_pcd.o
LOAD ./Drivers/STM32F4xx_HAL_Driver/Src/stm32f4xx_hal_pcd_ex.o
LOAD ./Drivers/STM32F4xx_HAL_Driver/Src/stm32f4xx_hal_pwr.o
LOAD ./Drivers/STM32F4xx_HAL_Driver/Src/stm32f4xx_hal_pwr_ex.o
LOAD ./Drivers/STM32F4xx_HAL_Driver/Src/stm32f4xx_hal_rcc.o
LOAD ./Drivers/STM32F4xx_HAL_Driver/Src/stm32f4xx_hal_rcc_ex.o
LOAD ./Drivers/STM32F4xx_HAL_Driver/Src/stm32f4xx_hal_rtc.o
LOAD ./Drivers/STM32F4xx_HAL_Driver/Src/stm32f4xx_hal_rtc_ex.o
LOAD ./Drivers/STM32F4xx_HAL_Driver/Src/stm32f4xx_hal_tim.o
LOAD ./Drivers/STM32F4xx_HAL_Driver/Src/stm32f4xx_hal_tim_ex.o
LOAD ./Drivers/STM32F4xx_HAL_Driver/Src/stm32f4xx_hal_uart.o
LOAD ./Drivers/STM32F4xx_HAL_Driver/Src/stm32f4xx_ll_adc.o
LOAD ./Drivers/STM32F4xx_HAL_Driver/Src/stm32f4xx_ll_usb.o
LOAD ./LWIP/App/lwip.o
LOAD ./LWIP/Target/ethernetif.o
LOAD ./Middlewares/Third_Party/LwIP/src/api/api_lib.o
LOAD ./Middlewares/Third_Party/LwIP/src/api/api_msg.o
LOAD ./Middlewares/Third_Party/LwIP/src/api/err.o
LOAD ./Middlewares/Third_Party/LwIP/src/api/if_api.o
LOAD ./Middlewares/Third_Party/LwIP/src/api/netbuf.o
LOAD ./Middlewares/Third_Party/LwIP/src/api/netdb.o
LOAD ./Middlewares/Third_Party/LwIP/src/api/netifapi.o
LOAD ./Middlewares/Third_Party/LwIP/src/api/sockets.o
LOAD ./Middlewares/Third_Party/LwIP/src/api/tcpip.o
LOAD ./Middlewares/Third_Party/LwIP/src/apps/mqtt/mqtt.o
LOAD ./Middlewares/Third_Party/LwIP/src/core/altcp.o
LOAD ./Middlewares/Third_Party/LwIP/src/core/altcp_alloc.o
LOAD ./Middlewares/Third_Party/LwIP/src/core/altcp_tcp.o
LOAD ./Middlewares/Third_Party/LwIP/src/core/def.o
LOAD ./Middlewares/Third_Party/LwIP/src/core/dns.o
LOAD ./Middlewares/Third_Party/LwIP/src/core/inet_chksum.o
LOAD ./Middlewares/Third_Party/LwIP/src/core/init.o
LOAD ./Middlewares/Third_Party/LwIP/src/core/ip.o
LOAD ./Middlewares/Third_Party/LwIP/src/core/mem.o
LOAD ./Middlewares/Third_Party/LwIP/src/core/memp.o
LOAD ./Middlewares/Third_Party/LwIP/src/core/netif.o
LOAD ./Middlewares/Third_Party/LwIP/src/core/pbuf.o
LOAD ./Middlewares/Third_Party/LwIP/src/core/raw.o
LOAD ./Middlewares/Third_Party/LwIP/src/core/stats.o
LOAD ./Middlewares/Third_Party/LwIP/src/core/sys.o
LOAD ./Middlewares/Third_Party/LwIP/src/core/tcp.o
LOAD ./Middlewares/Third_Party/LwIP/src/core/tcp_in.o
LOAD ./Middlewares/Third_Party/LwIP/src/core/tcp_out.o
LOAD ./Middlewares/Third_Party/LwIP/src/core/timeouts.o
LOAD ./Middlewares/Third_Party/LwIP/src/core/udp.o
LOAD ./Middlewares/Third_Party/LwIP/src/core/ipv4/autoip.o
LOAD ./Middlewares/Third_Party/LwIP/src/core/ipv4/dhcp.o
LOAD ./Middlewares/Third_Party/LwIP/src/core/ipv4/etharp.o
LOAD ./Middlewares/Third_Party/LwIP/src/core/ipv4/icmp.o
LOAD ./Middlewares/Third_Party/LwIP/src/core/ipv4/igmp.o
LOAD ./Middlewares/Third_Party/LwIP/src/core/ipv4/ip4.o
LOAD ./Middlewares/Third_Party/LwIP/src/core/ipv4/ip4_addr.o
LOAD ./Middlewares/Third_Party/LwIP/src/core/ipv4/ip4_frag.o
LOAD ./Middlewares/Third_Party/LwIP/src/core/ipv6/dhcp6.o
LOAD ./Middlewares/Third_Party/LwIP/src/core/ipv6/ethip6.o
LOAD ./Middlewares/Third_Party/LwIP/src/core/ipv6/icmp6.o
LOAD ./Middlewares/Third_Party/LwIP/src/core/ipv6/inet6.o
LOAD ./Middlewares/Third_Party/LwIP/src/core/ipv6/ip6.o
LOAD ./Middlewares/Third_Party/LwIP/src/core/ipv6/ip6_addr.o
LOAD ./Middlewares/Third_Party/LwIP/src/core/ipv6/ip6_frag.o
LOAD ./Middlewares/Third_Party/LwIP/src/core/ipv6/mld6.o
LOAD ./Middlewares/Third_Party/LwIP/src/core/ipv6/nd6.o
LOAD ./Middlewares/Third_Party/LwIP/src/netif/bridgeif.o
LOAD ./Middlewares/Third_Party/LwIP/src/netif/bridgeif_fdb.o
LOAD ./Middlewares/Third_Party/LwIP/src/netif/ethernet.o
LOAD ./Middlewares/Third_Party/LwIP/src/netif/lowpan6.o
LOAD ./Middlewares/Third_Party/LwIP/src/netif/lowpan6_ble.o
LOAD ./Middlewares/Third_Party/LwIP/src/netif/lowpan6_common.o
LOAD ./Middlewares/Third_Party/LwIP/src/netif/slipif.o
LOAD ./Middlewares/Third_Party/LwIP/src/netif/zepif.o
LOAD ./Middlewares/Third_Party/LwIP/src/netif/ppp/auth.o
LOAD ./Middlewares/Third_Party/LwIP/src/netif/ppp/ccp.o
LOAD ./Middlewares/Third_Party/LwIP/src/netif/ppp/chap-md5.o
LOAD ./Middlewares/Third_Party/LwIP/src/netif/ppp/chap-new.o
LOAD ./Middlewares/Third_Party/LwIP/src/netif/ppp/chap_ms.o
LOAD ./Middlewares/Third_Party/LwIP/src/netif/ppp/demand.o
LOAD ./Middlewares/Third_Party/LwIP/src/netif/ppp/eap.o
LOAD ./Middlewares/Third_Party/LwIP/src/netif/ppp/ecp.o
LOAD ./Middlewares/Third_Party/LwIP/src/netif/ppp/eui64.o
LOAD ./Middlewares/Third_Party/LwIP/src/netif/ppp/fsm.o
LOAD ./Middlewares/Third_Party/LwIP/src/netif/ppp/ipcp.o
LOAD ./Middlewares/Third_Party/LwIP/src/netif/ppp/ipv6cp.o
LOAD ./Middlewares/Third_Party/LwIP/src/netif/ppp/lcp.o
LOAD ./Middlewares/Third_Party/LwIP/src/netif/ppp/magic.o
LOAD ./Middlewares/Third_Party/LwIP/src/netif/ppp/mppe.o
LOAD ./Middlewares/Third_Party/LwIP/src/netif/ppp/multilink.o
LOAD ./Middlewares/Third_Party/LwIP/src/netif/ppp/ppp.o
LOAD ./Middlewares/Third_Party/LwIP/src/netif/ppp/pppapi.o
LOAD ./Middlewares/Third_Party/LwIP/src/netif/ppp/pppcrypt.o
LOAD ./Middlewares/Third_Party/LwIP/src/netif/ppp/pppoe.o
LOAD ./Middlewares/Third_Party/LwIP/src/netif/ppp/pppol2tp.o
LOAD ./Middlewares/Third_Party/LwIP/src/netif/ppp/pppos.o
LOAD ./Middlewares/Third_Party/LwIP/src/netif/ppp/upap.o
LOAD ./Middlewares/Third_Party/LwIP/src/netif/ppp/utils.o
LOAD ./Middlewares/Third_Party/LwIP/src/netif/ppp/vj.o
START GROUP
LOAD c:/st/stm32cubeide_1.12.0/stm32cubeide/plugins/com.st.stm32cube.ide.mcu.externaltools.gnu-tools-for-stm32.10.3-2021.10.win32_1.0.200.202301161003/tools/bin/../lib/gcc/arm-none-eabi/10.3.1/../../../../arm-none-eabi/lib/thumb/v7e-m+fp/hard\libc_nano.a
LOAD c:/st/stm32cubeide_1.12.0/stm32cubeide/plugins/com.st.stm32cube.ide.mcu.externaltools.gnu-tools-for-stm32.10.3-2021.10.win32_1.0.200.202301161003/tools/bin/../lib/gcc/arm-none-eabi/10.3.1/../../../../arm-none-eabi/lib/thumb/v7e-m+fp/hard\libm.a
END GROUP
START GROUP
LOAD c:/st/stm32cubeide_1.12.0/stm32cubeide/plugins/com.st.stm32cube.ide.mcu.externaltools.gnu-tools-for-stm32.10.3-2021.10.win32_1.0.200.202301161003/tools/bin/../lib/gcc/arm-none-eabi/10.3.1/thumb/v7e-m+fp/hard\libgcc.a
LOAD c:/st/stm32cubeide_1.12.0/stm32cubeide/plugins/com.st.stm32cube.ide.mcu.externaltools.gnu-tools-for-stm32.10.3-2021.10.win32_1.0.200.202301161003/tools/bin/../lib/gcc/arm-none-eabi/10.3.1/../../../../arm-none-eabi/lib/thumb/v7e-m+fp/hard\libc_nano.a
END GROUP
START GROUP
LOAD c:/st/stm32cubeide_1.12.0/stm32cubeide/plugins/com.st.stm32cube.ide.mcu.externaltools.gnu-tools-for-stm32.10.3-2021.10.win32_1.0.200.202301161003/tools/bin/../lib/gcc/arm-none-eabi/10.3.1/thumb/v7e-m+fp/hard\libgcc.a
LOAD c:/st/stm32cubeide_1.12.0/stm32cubeide/plugins/com.st.stm32cube.ide.mcu.externaltools.gnu-tools-for-stm32.10.3-2021.10.win32_1.0.200.202301161003/tools/bin/../lib/gcc/arm-none-eabi/10.3.1/../../../../arm-none-eabi/lib/thumb/v7e-m+fp/hard\libc_nano.a
LOAD c:/st/stm32cubeide_1.12.0/stm32cubeide/plugins/com.st.stm32cube.ide.mcu.externaltools.gnu-tools-for-stm32.10.3-2021.10.win32_1.0.200.202301161003/tools/bin/../lib/gcc/arm-none-eabi/10.3.1/../../../../arm-none-eabi/lib/thumb/v7e-m+fp/hard\libnosys.a
END GROUP
START GROUP
LOAD c:/st/stm32cubeide_1.12.0/stm32cubeide/plugins/com.st.stm32cube.ide.mcu.externaltools.gnu-tools-for-stm32.10.3-2021.10.win32_1.0.200.202301161003/tools/bin/../lib/gcc/arm-none-eabi/10.3.1/thumb/v7e-m+fp/hard\libgcc.a
LOAD c:/st/stm32cubeide_1.12.0/stm32cubeide/plugins/com.st.stm32cube.ide.mcu.externaltools.gnu-tools-for-stm32.10.3-2021.10.win32_1.0.200.202301161003/tools/bin/../lib/gcc/arm-none-eabi/10.3.1/../../../../arm-none-eabi/lib/thumb/v7e-m+fp/hard\libc_nano.a
LOAD c:/st/stm32cubeide_1.12.0/stm32cubeide/plugins/com.st.stm32cube.ide.mcu.externaltools.gnu-tools-for-stm32.10.3-2021.10.win32_1.0.200.202301161003/tools/bin/../lib/gcc/arm-none-eabi/10.3.1/../../../../arm-none-eabi/lib/thumb/v7e-m+fp/hard\libnosys.a
END GROUP
LOAD c:/st/stm32cubeide_1.12.0/stm32cubeide/plugins/com.st.stm32cube.ide.mcu.externaltools.gnu-tools-for-stm32.10.3-2021.10.win32_1.0.200.202301161003/tools/bin/../lib/gcc/arm-none-eabi/10.3.1/thumb/v7e-m+fp/hard/crtend.o
LOAD c:/st/stm32cubeide_1.12.0/stm32cubeide/plugins/com.st.stm32cube.ide.mcu.externaltools.gnu-tools-for-stm32.10.3-2021.10.win32_1.0.200.202301161003/tools/bin/../lib/gcc/arm-none-eabi/10.3.1/thumb/v7e-m+fp/hard/crtn.o
                0x0000000020030000                _estack = (ORIGIN (RAM) + LENGTH (RAM))
                0x0000000000000200                _Min_Heap_Size = 0x200
                0x0000000000000400                _Min_Stack_Size = 0x400

.isr_vector     0x0000000008000000      0x1ac
                0x0000000008000000                . = ALIGN (0x4)
 *(.isr_vector)
 .isr_vector    0x0000000008000000      0x1ac ./Core/Startup/startup_stm32f429zitx.o
                0x0000000008000000                g_pfnVectors
                0x00000000080001ac                . = ALIGN (0x4)

.text           0x00000000080001b0     0xc05c
                0x00000000080001b0                . = ALIGN (0x4)
 *(.text)
 .text          0x00000000080001b0       0x40 c:/st/stm32cubeide_1.12.0/stm32cubeide/plugins/com.st.stm32cube.ide.mcu.externaltools.gnu-tools-for-stm32.10.3-2021.10.win32_1.0.200.202301161003/tools/bin/../lib/gcc/arm-none-eabi/10.3.1/thumb/v7e-m+fp/hard/crtbegin.o
 .text          0x00000000080001f0       0x10 c:/st/stm32cubeide_1.12.0/stm32cubeide/plugins/com.st.stm32cube.ide.mcu.externaltools.gnu-tools-for-stm32.10.3-2021.10.win32_1.0.200.202301161003/tools/bin/../lib/gcc/arm-none-eabi/10.3.1/../../../../arm-none-eabi/lib/thumb/v7e-m+fp/hard\libc_nano.a(lib_a-strlen.o)
                0x00000000080001f0                strlen
 .text          0x0000000008000200       0xa0 c:/st/stm32cubeide_1.12.0/stm32cubeide/plugins/com.st.stm32cube.ide.mcu.externaltools.gnu-tools-for-stm32.10.3-2021.10.win32_1.0.200.202301161003/tools/bin/../lib/gcc/arm-none-eabi/10.3.1/../../../../arm-none-eabi/lib/thumb/v7e-m+fp/hard\libc_nano.a(lib_a-memchr.o)
                0x0000000008000200                memchr
 .text          0x00000000080002a0       0x30 c:/st/stm32cubeide_1.12.0/stm32cubeide/plugins/com.st.stm32cube.ide.mcu.externaltools.gnu-tools-for-stm32.10.3-2021.10.win32_1.0.200.202301161003/tools/bin/../lib/gcc/arm-none-eabi/10.3.1/thumb/v7e-m+fp/hard\libgcc.a(_aeabi_uldivmod.o)
                0x00000000080002a0                __aeabi_uldivmod
 .text          0x00000000080002d0      0x2d0 c:/st/stm32cubeide_1.12.0/stm32cubeide/plugins/com.st.stm32cube.ide.mcu.externaltools.gnu-tools-for-stm32.10.3-2021.10.win32_1.0.200.202301161003/tools/bin/../lib/gcc/arm-none-eabi/10.3.1/thumb/v7e-m+fp/hard\libgcc.a(_udivmoddi4.o)
                0x00000000080002d0                __udivmoddi4
 .text          0x00000000080005a0        0x4 c:/st/stm32cubeide_1.12.0/stm32cubeide/plugins/com.st.stm32cube.ide.mcu.externaltools.gnu-tools-for-stm32.10.3-2021.10.win32_1.0.200.202301161003/tools/bin/../lib/gcc/arm-none-eabi/10.3.1/thumb/v7e-m+fp/hard\libgcc.a(_dvmd_tls.o)
                0x00000000080005a0                __aeabi_idiv0
                0x00000000080005a0                __aeabi_ldiv0
 *(.text*)
 .text.HAL_SYSTICK_Handler
                0x00000000080005a4       0x10 ./Core/Src/main.o
                0x00000000080005a4                HAL_SYSTICK_Handler
 .text.__io_putchar
                0x00000000080005b4       0x20 ./Core/Src/main.o
                0x00000000080005b4                __io_putchar
 .text.HAL_TIM_PeriodElapsedCallback
                0x00000000080005d4       0x28 ./Core/Src/main.o
                0x00000000080005d4                HAL_TIM_PeriodElapsedCallback
 .text.HAL_ADC_ConvCpltCallback
                0x00000000080005fc       0x2c ./Core/Src/main.o
                0x00000000080005fc                HAL_ADC_ConvCpltCallback
 .text.nucleo_stm32f429zi_led_off
                0x0000000008000628       0x2c ./Core/Src/main.o
                0x0000000008000628                nucleo_stm32f429zi_led_off
 .text.HAL_GPIO_EXTI_Callback
                0x0000000008000654       0x58 ./Core/Src/main.o
                0x0000000008000654                HAL_GPIO_EXTI_Callback
 .text.SystemClock_Config
                0x00000000080006ac       0xa4 ./Core/Src/main.o
                0x00000000080006ac                SystemClock_Config
 .text.startup.main
                0x0000000008000750      0x744 ./Core/Src/main.o
                0x0000000008000750                main
 .text.Error_Handler
                0x0000000008000e94        0x4 ./Core/Src/main.o
                0x0000000008000e94                Error_Handler
 .text.HAL_MspInit
                0x0000000008000e98       0x38 ./Core/Src/stm32f4xx_hal_msp.o
                0x0000000008000e98                HAL_MspInit
 .text.HAL_ADC_MspInit
                0x0000000008000ed0       0x74 ./Core/Src/stm32f4xx_hal_msp.o
                0x0000000008000ed0                HAL_ADC_MspInit
 .text.HAL_I2C_MspInit
                0x0000000008000f44       0x70 ./Core/Src/stm32f4xx_hal_msp.o
                0x0000000008000f44                HAL_I2C_MspInit
 .text.HAL_RTC_MspInit
                0x0000000008000fb4       0x44 ./Core/Src/stm32f4xx_hal_msp.o
                0x0000000008000fb4                HAL_RTC_MspInit
 .text.HAL_TIM_PWM_MspInit
                0x0000000008000ff8       0x3e ./Core/Src/stm32f4xx_hal_msp.o
                0x0000000008000ff8                HAL_TIM_PWM_MspInit
 *fill*         0x0000000008001036        0x2 
 .text.HAL_TIM_IC_MspInit
                0x0000000008001038       0x74 ./Core/Src/stm32f4xx_hal_msp.o
                0x0000000008001038                HAL_TIM_IC_MspInit
 .text.HAL_TIM_Base_MspInit
                0x00000000080010ac       0xd0 ./Core/Src/stm32f4xx_hal_msp.o
                0x00000000080010ac                HAL_TIM_Base_MspInit
 .text.HAL_TIM_MspPostInit
                0x000000000800117c       0x7c ./Core/Src/stm32f4xx_hal_msp.o
                0x000000000800117c                HAL_TIM_MspPostInit
 .text.HAL_UART_MspInit
                0x00000000080011f8       0xe4 ./Core/Src/stm32f4xx_hal_msp.o
                0x00000000080011f8                HAL_UART_MspInit
 .text.HAL_PCD_MspInit
                0x00000000080012dc       0x84 ./Core/Src/stm32f4xx_hal_msp.o
                0x00000000080012dc                HAL_PCD_MspInit
 .text.NMI_Handler
                0x0000000008001360        0x2 ./Core/Src/stm32f4xx_it.o
                0x0000000008001360                NMI_Handler
 .text.HardFault_Handler
                0x0000000008001362        0x2 ./Core/Src/stm32f4xx_it.o
                0x0000000008001362                HardFault_Handler
 .text.MemManage_Handler
                0x0000000008001364        0x2 ./Core/Src/stm32f4xx_it.o
                0x0000000008001364                MemManage_Handler
 .text.BusFault_Handler
                0x0000000008001366        0x2 ./Core/Src/stm32f4xx_it.o
                0x0000000008001366                BusFault_Handler
 .text.UsageFault_Handler
                0x0000000008001368        0x2 ./Core/Src/stm32f4xx_it.o
                0x0000000008001368                UsageFault_Handler
 .text.SVC_Handler
                0x000000000800136a        0x2 ./Core/Src/stm32f4xx_it.o
                0x000000000800136a                SVC_Handler
 .text.DebugMon_Handler
                0x000000000800136c        0x2 ./Core/Src/stm32f4xx_it.o
                0x000000000800136c                DebugMon_Handler
 .text.PendSV_Handler
                0x000000000800136e        0x2 ./Core/Src/stm32f4xx_it.o
                0x000000000800136e                PendSV_Handler
 .text.SysTick_Handler
                0x0000000008001370        0xe ./Core/Src/stm32f4xx_it.o
                0x0000000008001370                SysTick_Handler
 .text.EXTI0_IRQHandler
                0x000000000800137e        0x6 ./Core/Src/stm32f4xx_it.o
                0x000000000800137e                EXTI0_IRQHandler
 .text.EXTI2_IRQHandler
                0x0000000008001384        0x6 ./Core/Src/stm32f4xx_it.o
                0x0000000008001384                EXTI2_IRQHandler
 .text.EXTI3_IRQHandler
                0x000000000800138a        0x6 ./Core/Src/stm32f4xx_it.o
                0x000000000800138a                EXTI3_IRQHandler
 .text.ADC_IRQHandler
                0x0000000008001390        0xc ./Core/Src/stm32f4xx_it.o
                0x0000000008001390                ADC_IRQHandler
 .text.TIM1_UP_TIM10_IRQHandler
                0x000000000800139c        0xc ./Core/Src/stm32f4xx_it.o
                0x000000000800139c                TIM1_UP_TIM10_IRQHandler
 .text.TIM1_TRG_COM_TIM11_IRQHandler
                0x00000000080013a8        0xc ./Core/Src/stm32f4xx_it.o
                0x00000000080013a8                TIM1_TRG_COM_TIM11_IRQHandler
 .text.TIM2_IRQHandler
                0x00000000080013b4        0xc ./Core/Src/stm32f4xx_it.o
                0x00000000080013b4                TIM2_IRQHandler
 .text.TIM3_IRQHandler
                0x00000000080013c0        0xc ./Core/Src/stm32f4xx_it.o
                0x00000000080013c0                TIM3_IRQHandler
 .text.TIM4_IRQHandler
                0x00000000080013cc        0xc ./Core/Src/stm32f4xx_it.o
                0x00000000080013cc                TIM4_IRQHandler
 .text.USART3_IRQHandler
                0x00000000080013d8        0xc ./Core/Src/stm32f4xx_it.o
                0x00000000080013d8                USART3_IRQHandler
 .text.TIM5_IRQHandler
                0x00000000080013e4        0xc ./Core/Src/stm32f4xx_it.o
                0x00000000080013e4                TIM5_IRQHandler
 .text.ETH_IRQHandler
                0x00000000080013f0        0xc ./Core/Src/stm32f4xx_it.o
                0x00000000080013f0                ETH_IRQHandler
 .text.ETH_WKUP_IRQHandler
                0x00000000080013fc        0x4 ./Core/Src/stm32f4xx_it.o
                0x00000000080013fc                ETH_WKUP_IRQHandler
 .text.USART6_IRQHandler
                0x0000000008001400        0xc ./Core/Src/stm32f4xx_it.o
                0x0000000008001400                USART6_IRQHandler
 .text._getpid  0x000000000800140c        0x4 ./Core/Src/syscalls.o
                0x000000000800140c                _getpid
 .text._kill    0x0000000008001410       0x10 ./Core/Src/syscalls.o
                0x0000000008001410                _kill
 .text._exit    0x0000000008001420        0xc ./Core/Src/syscalls.o
                0x0000000008001420                _exit
 .text._read    0x000000000800142c       0x1c ./Core/Src/syscalls.o
                0x000000000800142c                _read
 .text._write   0x0000000008001448       0x1c ./Core/Src/syscalls.o
                0x0000000008001448                _write
 .text._close   0x0000000008001464        0x6 ./Core/Src/syscalls.o
                0x0000000008001464                _close
 .text._fstat   0x000000000800146a        0xa ./Core/Src/syscalls.o
                0x000000000800146a                _fstat
 .text._isatty  0x0000000008001474        0x4 ./Core/Src/syscalls.o
                0x0000000008001474                _isatty
 .text._lseek   0x0000000008001478        0x4 ./Core/Src/syscalls.o
                0x0000000008001478                _lseek
 .text._sbrk    0x000000000800147c       0x40 ./Core/Src/sysmem.o
                0x000000000800147c                _sbrk
 .text.SystemInit
                0x00000000080014bc       0x14 ./Core/Src/system_stm32f4xx.o
                0x00000000080014bc                SystemInit
 .text.HAL_UART_RxCpltCallback
                0x00000000080014d0       0xd0 ./Core/Src/uart.o
                0x00000000080014d0                HAL_UART_RxCpltCallback
 .text.udp_echoserver_receive_callback
                0x00000000080015a0       0x6c ./Core/Src/udp_echoserver.o
                0x00000000080015a0                udp_echoserver_receive_callback
 .text.udp_echoserver_init
                0x000000000800160c       0x30 ./Core/Src/udp_echoserver.o
                0x000000000800160c                udp_echoserver_init
 .text.HAL_TIM_IC_CaptureCallback
                0x000000000800163c       0x48 ./Core/Src/ultrasonic.o
                0x000000000800163c                HAL_TIM_IC_CaptureCallback
 .text.Reset_Handler
                0x0000000008001684       0x50 ./Core/Startup/startup_stm32f429zitx.o
                0x0000000008001684                Reset_Handler
 .text.Default_Handler
                0x00000000080016d4        0x2 ./Core/Startup/startup_stm32f429zitx.o
                0x00000000080016d4                RTC_Alarm_IRQHandler
                0x00000000080016d4                HASH_RNG_IRQHandler
                0x00000000080016d4                TIM8_CC_IRQHandler
                0x00000000080016d4                UART8_IRQHandler
                0x00000000080016d4                SPI4_IRQHandler
                0x00000000080016d4                TIM1_CC_IRQHandler
                0x00000000080016d4                DMA2_Stream5_IRQHandler
                0x00000000080016d4                DMA1_Stream5_IRQHandler
                0x00000000080016d4                PVD_IRQHandler
                0x00000000080016d4                SDIO_IRQHandler
                0x00000000080016d4                TAMP_STAMP_IRQHandler
                0x00000000080016d4                CAN2_RX1_IRQHandler
                0x00000000080016d4                TIM8_TRG_COM_TIM14_IRQHandler
                0x00000000080016d4                TIM8_UP_TIM13_IRQHandler
                0x00000000080016d4                I2C3_ER_IRQHandler
                0x00000000080016d4                I2C2_EV_IRQHandler
                0x00000000080016d4                DMA1_Stream2_IRQHandler
                0x00000000080016d4                CAN1_RX0_IRQHandler
                0x00000000080016d4                FPU_IRQHandler
                0x00000000080016d4                OTG_HS_WKUP_IRQHandler
                0x00000000080016d4                LTDC_ER_IRQHandler
                0x00000000080016d4                CAN2_SCE_IRQHandler
                0x00000000080016d4                DMA2_Stream2_IRQHandler
                0x00000000080016d4                SPI1_IRQHandler
                0x00000000080016d4                TIM6_DAC_IRQHandler
                0x00000000080016d4                TIM1_BRK_TIM9_IRQHandler
                0x00000000080016d4                DCMI_IRQHandler
                0x00000000080016d4                CAN2_RX0_IRQHandler
                0x00000000080016d4                DMA2_Stream3_IRQHandler
                0x00000000080016d4                CAN1_RX1_IRQHandler
                0x00000000080016d4                UART5_IRQHandler
                0x00000000080016d4                DMA2_Stream0_IRQHandler
                0x00000000080016d4                I2C1_EV_IRQHandler
                0x00000000080016d4                DMA1_Stream6_IRQHandler
                0x00000000080016d4                DMA1_Stream1_IRQHandler
                0x00000000080016d4                UART4_IRQHandler
                0x00000000080016d4                RCC_IRQHandler
                0x00000000080016d4                TIM8_BRK_TIM12_IRQHandler
                0x00000000080016d4                Default_Handler
                0x00000000080016d4                EXTI15_10_IRQHandler
                0x00000000080016d4                DMA1_Stream7_IRQHandler
                0x00000000080016d4                SPI5_IRQHandler
                0x00000000080016d4                TIM7_IRQHandler
                0x00000000080016d4                CAN2_TX_IRQHandler
                0x00000000080016d4                DMA2_Stream7_IRQHandler
                0x00000000080016d4                I2C3_EV_IRQHandler
                0x00000000080016d4                EXTI9_5_IRQHandler
                0x00000000080016d4                RTC_WKUP_IRQHandler
                0x00000000080016d4                LTDC_IRQHandler
                0x00000000080016d4                SPI2_IRQHandler
                0x00000000080016d4                OTG_HS_EP1_IN_IRQHandler
                0x00000000080016d4                DMA1_Stream0_IRQHandler
                0x00000000080016d4                CAN1_TX_IRQHandler
                0x00000000080016d4                EXTI4_IRQHandler
                0x00000000080016d4                OTG_HS_EP1_OUT_IRQHandler
                0x00000000080016d4                WWDG_IRQHandler
                0x00000000080016d4                SPI6_IRQHandler
                0x00000000080016d4                OTG_FS_WKUP_IRQHandler
                0x00000000080016d4                OTG_HS_IRQHandler
                0x00000000080016d4                DMA2D_IRQHandler
                0x00000000080016d4                EXTI1_IRQHandler
                0x00000000080016d4                UART7_IRQHandler
                0x00000000080016d4                USART2_IRQHandler
                0x00000000080016d4                I2C2_ER_IRQHandler
                0x00000000080016d4                DMA2_Stream1_IRQHandler
                0x00000000080016d4                CAN1_SCE_IRQHandler
                0x00000000080016d4                FLASH_IRQHandler
                0x00000000080016d4                DMA2_Stream4_IRQHandler
                0x00000000080016d4                USART1_IRQHandler
                0x00000000080016d4                OTG_FS_IRQHandler
                0x00000000080016d4                SPI3_IRQHandler
                0x00000000080016d4                DMA1_Stream4_IRQHandler
                0x00000000080016d4                I2C1_ER_IRQHandler
                0x00000000080016d4                FMC_IRQHandler
                0x00000000080016d4                DMA2_Stream6_IRQHandler
                0x00000000080016d4                SAI1_IRQHandler
                0x00000000080016d4                DMA1_Stream3_IRQHandler
 .text.LAN8742_RegisterBusIO
                0x00000000080016d6       0x28 ./Drivers/BSP/Components/lan8742/lan8742.o
                0x00000000080016d6                LAN8742_RegisterBusIO
 .text.LAN8742_Init
                0x00000000080016fe       0xc2 ./Drivers/BSP/Components/lan8742/lan8742.o
                0x00000000080016fe                LAN8742_Init
 .text.LAN8742_GetLinkState
                0x00000000080017c0       0x94 ./Drivers/BSP/Components/lan8742/lan8742.o
                0x00000000080017c0                LAN8742_GetLinkState
 .text.HAL_InitTick
                0x0000000008001854       0x48 ./Drivers/STM32F4xx_HAL_Driver/Src/stm32f4xx_hal.o
                0x0000000008001854                HAL_InitTick
 .text.HAL_Init
                0x000000000800189c       0x34 ./Drivers/STM32F4xx_HAL_Driver/Src/stm32f4xx_hal.o
                0x000000000800189c                HAL_Init
 .text.HAL_IncTick
                0x00000000080018d0       0x18 ./Drivers/STM32F4xx_HAL_Driver/Src/stm32f4xx_hal.o
                0x00000000080018d0                HAL_IncTick
 .text.HAL_GetTick
                0x00000000080018e8        0xc ./Drivers/STM32F4xx_HAL_Driver/Src/stm32f4xx_hal.o
                0x00000000080018e8                HAL_GetTick
 .text.HAL_Delay
                0x00000000080018f4       0x28 ./Drivers/STM32F4xx_HAL_Driver/Src/stm32f4xx_hal.o
                0x00000000080018f4                HAL_Delay
 .text.HAL_ADC_Init
                0x000000000800191c      0x14c ./Drivers/STM32F4xx_HAL_Driver/Src/stm32f4xx_hal_adc.o
                0x000000000800191c                HAL_ADC_Init
 .text.HAL_ADC_Start_IT
                0x0000000008001a68      0x114 ./Drivers/STM32F4xx_HAL_Driver/Src/stm32f4xx_hal_adc.o
                0x0000000008001a68                HAL_ADC_Start_IT
 .text.HAL_ADC_GetValue
                0x0000000008001b7c        0x6 ./Drivers/STM32F4xx_HAL_Driver/Src/stm32f4xx_hal_adc.o
                0x0000000008001b7c                HAL_ADC_GetValue
 .text.HAL_ADC_LevelOutOfWindowCallback
                0x0000000008001b82        0x2 ./Drivers/STM32F4xx_HAL_Driver/Src/stm32f4xx_hal_adc.o
                0x0000000008001b82                HAL_ADC_LevelOutOfWindowCallback
 .text.HAL_ADC_ErrorCallback
                0x0000000008001b84        0x2 ./Drivers/STM32F4xx_HAL_Driver/Src/stm32f4xx_hal_adc.o
                0x0000000008001b84                HAL_ADC_ErrorCallback
 .text.HAL_ADC_IRQHandler
                0x0000000008001b86      0x11c ./Drivers/STM32F4xx_HAL_Driver/Src/stm32f4xx_hal_adc.o
                0x0000000008001b86                HAL_ADC_IRQHandler
 *fill*         0x0000000008001ca2        0x2 
 .text.HAL_ADC_ConfigChannel
                0x0000000008001ca4      0x138 ./Drivers/STM32F4xx_HAL_Driver/Src/stm32f4xx_hal_adc.o
                0x0000000008001ca4                HAL_ADC_ConfigChannel
 .text.HAL_ADCEx_InjectedConvCpltCallback
                0x0000000008001ddc        0x2 ./Drivers/STM32F4xx_HAL_Driver/Src/stm32f4xx_hal_adc_ex.o
                0x0000000008001ddc                HAL_ADCEx_InjectedConvCpltCallback
 *fill*         0x0000000008001dde        0x2 
 .text.HAL_NVIC_SetPriorityGrouping
                0x0000000008001de0       0x24 ./Drivers/STM32F4xx_HAL_Driver/Src/stm32f4xx_hal_cortex.o
                0x0000000008001de0                HAL_NVIC_SetPriorityGrouping
 .text.HAL_NVIC_SetPriority
                0x0000000008001e04       0x64 ./Drivers/STM32F4xx_HAL_Driver/Src/stm32f4xx_hal_cortex.o
                0x0000000008001e04                HAL_NVIC_SetPriority
 .text.HAL_NVIC_EnableIRQ
                0x0000000008001e68       0x1c ./Drivers/STM32F4xx_HAL_Driver/Src/stm32f4xx_hal_cortex.o
                0x0000000008001e68                HAL_NVIC_EnableIRQ
 .text.HAL_SYSTICK_Config
                0x0000000008001e84       0x28 ./Drivers/STM32F4xx_HAL_Driver/Src/stm32f4xx_hal_cortex.o
                0x0000000008001e84                HAL_SYSTICK_Config
 .text.HAL_DMA_Abort
                0x0000000008001eac       0x88 ./Drivers/STM32F4xx_HAL_Driver/Src/stm32f4xx_hal_dma.o
                0x0000000008001eac                HAL_DMA_Abort
 .text.HAL_DMA_Abort_IT
                0x0000000008001f34       0x24 ./Drivers/STM32F4xx_HAL_Driver/Src/stm32f4xx_hal_dma.o
                0x0000000008001f34                HAL_DMA_Abort_IT
 .text.ETH_Prepare_Tx_Descriptors
                0x0000000008001f58      0x154 ./Drivers/STM32F4xx_HAL_Driver/Src/stm32f4xx_hal_eth.o
 .text.ETH_SetMACConfig
                0x00000000080020ac      0x108 ./Drivers/STM32F4xx_HAL_Driver/Src/stm32f4xx_hal_eth.o
 .text.ETH_SetDMAConfig
                0x00000000080021b4       0xac ./Drivers/STM32F4xx_HAL_Driver/Src/stm32f4xx_hal_eth.o
 .text.ETH_FlushTransmitFIFO
                0x0000000008002260       0x2e ./Drivers/STM32F4xx_HAL_Driver/Src/stm32f4xx_hal_eth.o
 *fill*         0x000000000800228e        0x2 
 .text.ETH_UpdateDescriptor
                0x0000000008002290       0x90 ./Drivers/STM32F4xx_HAL_Driver/Src/stm32f4xx_hal_eth.o
 .text.HAL_ETH_Init
                0x0000000008002320      0x1d4 ./Drivers/STM32F4xx_HAL_Driver/Src/stm32f4xx_hal_eth.o
                0x0000000008002320                HAL_ETH_Init
 .text.HAL_ETH_Start
                0x00000000080024f4       0x6c ./Drivers/STM32F4xx_HAL_Driver/Src/stm32f4xx_hal_eth.o
                0x00000000080024f4                HAL_ETH_Start
 .text.HAL_ETH_Stop
                0x0000000008002560       0x64 ./Drivers/STM32F4xx_HAL_Driver/Src/stm32f4xx_hal_eth.o
                0x0000000008002560                HAL_ETH_Stop
 .text.HAL_ETH_Transmit
                0x00000000080025c4       0xb0 ./Drivers/STM32F4xx_HAL_Driver/Src/stm32f4xx_hal_eth.o
                0x00000000080025c4                HAL_ETH_Transmit
 .text.HAL_ETH_ReadData
                0x0000000008002674       0xfa ./Drivers/STM32F4xx_HAL_Driver/Src/stm32f4xx_hal_eth.o
                0x0000000008002674                HAL_ETH_ReadData
 .text.HAL_ETH_TxCpltCallback
                0x000000000800276e        0x2 ./Drivers/STM32F4xx_HAL_Driver/Src/stm32f4xx_hal_eth.o
                0x000000000800276e                HAL_ETH_TxCpltCallback
 .text.HAL_ETH_RxCpltCallback
                0x0000000008002770        0x2 ./Drivers/STM32F4xx_HAL_Driver/Src/stm32f4xx_hal_eth.o
                0x0000000008002770                HAL_ETH_RxCpltCallback
 .text.HAL_ETH_ErrorCallback
                0x0000000008002772        0x2 ./Drivers/STM32F4xx_HAL_Driver/Src/stm32f4xx_hal_eth.o
                0x0000000008002772                HAL_ETH_ErrorCallback
 .text.HAL_ETH_PMTCallback
                0x0000000008002774        0x2 ./Drivers/STM32F4xx_HAL_Driver/Src/stm32f4xx_hal_eth.o
                0x0000000008002774                HAL_ETH_PMTCallback
 .text.HAL_ETH_WakeUpCallback
                0x0000000008002776        0x2 ./Drivers/STM32F4xx_HAL_Driver/Src/stm32f4xx_hal_eth.o
                0x0000000008002776                HAL_ETH_WakeUpCallback
 .text.HAL_ETH_IRQHandler
                0x0000000008002778       0xd8 ./Drivers/STM32F4xx_HAL_Driver/Src/stm32f4xx_hal_eth.o
                0x0000000008002778                HAL_ETH_IRQHandler
 .text.HAL_ETH_ReadPHYRegister
                0x0000000008002850       0x50 ./Drivers/STM32F4xx_HAL_Driver/Src/stm32f4xx_hal_eth.o
                0x0000000008002850                HAL_ETH_ReadPHYRegister
 .text.HAL_ETH_WritePHYRegister
                0x00000000080028a0       0x4a ./Drivers/STM32F4xx_HAL_Driver/Src/stm32f4xx_hal_eth.o
                0x00000000080028a0                HAL_ETH_WritePHYRegister
 .text.HAL_ETH_GetMACConfig
                0x00000000080028ea       0xc4 ./Drivers/STM32F4xx_HAL_Driver/Src/stm32f4xx_hal_eth.o
                0x00000000080028ea                HAL_ETH_GetMACConfig
 .text.HAL_ETH_SetMACConfig
                0x00000000080029ae       0x18 ./Drivers/STM32F4xx_HAL_Driver/Src/stm32f4xx_hal_eth.o
                0x00000000080029ae                HAL_ETH_SetMACConfig
 *fill*         0x00000000080029c6        0x2 
 .text.HAL_ETH_SetMDIOClockRange
                0x00000000080029c8       0x74 ./Drivers/STM32F4xx_HAL_Driver/Src/stm32f4xx_hal_eth.o
                0x00000000080029c8                HAL_ETH_SetMDIOClockRange
 .text.HAL_GPIO_Init
                0x0000000008002a3c      0x1cc ./Drivers/STM32F4xx_HAL_Driver/Src/stm32f4xx_hal_gpio.o
                0x0000000008002a3c                HAL_GPIO_Init
 .text.HAL_GPIO_WritePin
                0x0000000008002c08        0xa ./Drivers/STM32F4xx_HAL_Driver/Src/stm32f4xx_hal_gpio.o
                0x0000000008002c08                HAL_GPIO_WritePin
 .text.HAL_GPIO_TogglePin
                0x0000000008002c12       0x12 ./Drivers/STM32F4xx_HAL_Driver/Src/stm32f4xx_hal_gpio.o
                0x0000000008002c12                HAL_GPIO_TogglePin
 .text.HAL_GPIO_EXTI_IRQHandler
                0x0000000008002c24       0x18 ./Drivers/STM32F4xx_HAL_Driver/Src/stm32f4xx_hal_gpio.o
                0x0000000008002c24                HAL_GPIO_EXTI_IRQHandler
 .text.HAL_I2C_Init
                0x0000000008002c3c      0x150 ./Drivers/STM32F4xx_HAL_Driver/Src/stm32f4xx_hal_i2c.o
                0x0000000008002c3c                HAL_I2C_Init
 .text.HAL_I2CEx_ConfigAnalogFilter
                0x0000000008002d8c       0x3e ./Drivers/STM32F4xx_HAL_Driver/Src/stm32f4xx_hal_i2c_ex.o
                0x0000000008002d8c                HAL_I2CEx_ConfigAnalogFilter
 .text.HAL_I2CEx_ConfigDigitalFilter
                0x0000000008002dca       0x3e ./Drivers/STM32F4xx_HAL_Driver/Src/stm32f4xx_hal_i2c_ex.o
                0x0000000008002dca                HAL_I2CEx_ConfigDigitalFilter
 .text.HAL_PCD_Init
                0x0000000008002e08      0x10a ./Drivers/STM32F4xx_HAL_Driver/Src/stm32f4xx_hal_pcd.o
                0x0000000008002e08                HAL_PCD_Init
 *fill*         0x0000000008002f12        0x2 
 .text.HAL_RCC_OscConfig
                0x0000000008002f14      0x360 ./Drivers/STM32F4xx_HAL_Driver/Src/stm32f4xx_hal_rcc.o
                0x0000000008002f14                HAL_RCC_OscConfig
 .text.HAL_RCC_GetSysClockFreq
                0x0000000008003274       0x5c ./Drivers/STM32F4xx_HAL_Driver/Src/stm32f4xx_hal_rcc.o
                0x0000000008003274                HAL_RCC_GetSysClockFreq
 .text.HAL_RCC_ClockConfig
                0x00000000080032d0      0x138 ./Drivers/STM32F4xx_HAL_Driver/Src/stm32f4xx_hal_rcc.o
                0x00000000080032d0                HAL_RCC_ClockConfig
 .text.HAL_RCC_GetHCLKFreq
                0x0000000008003408        0xc ./Drivers/STM32F4xx_HAL_Driver/Src/stm32f4xx_hal_rcc.o
                0x0000000008003408                HAL_RCC_GetHCLKFreq
 .text.HAL_RCC_GetPCLK1Freq
                0x0000000008003414       0x20 ./Drivers/STM32F4xx_HAL_Driver/Src/stm32f4xx_hal_rcc.o
                0x0000000008003414                HAL_RCC_GetPCLK1Freq
 .text.HAL_RCC_GetPCLK2Freq
                0x0000000008003434       0x20 ./Drivers/STM32F4xx_HAL_Driver/Src/stm32f4xx_hal_rcc.o
                0x0000000008003434                HAL_RCC_GetPCLK2Freq
 .text.HAL_RCCEx_PeriphCLKConfig
                0x0000000008003454      0x254 ./Drivers/STM32F4xx_HAL_Driver/Src/stm32f4xx_hal_rcc_ex.o
                0x0000000008003454                HAL_RCCEx_PeriphCLKConfig
 .text.HAL_RTC_WaitForSynchro
                0x00000000080036a8       0x30 ./Drivers/STM32F4xx_HAL_Driver/Src/stm32f4xx_hal_rtc.o
                0x00000000080036a8                HAL_RTC_WaitForSynchro
 .text.RTC_EnterInitMode
                0x00000000080036d8       0x42 ./Drivers/STM32F4xx_HAL_Driver/Src/stm32f4xx_hal_rtc.o
                0x00000000080036d8                RTC_EnterInitMode
 .text.RTC_ExitInitMode
                0x000000000800371a       0x28 ./Drivers/STM32F4xx_HAL_Driver/Src/stm32f4xx_hal_rtc.o
                0x000000000800371a                RTC_ExitInitMode
 .text.HAL_RTC_Init
                0x0000000008003742       0x82 ./Drivers/STM32F4xx_HAL_Driver/Src/stm32f4xx_hal_rtc.o
                0x0000000008003742                HAL_RTC_Init
 .text.RTC_ByteToBcd2
                0x00000000080037c4       0x1a ./Drivers/STM32F4xx_HAL_Driver/Src/stm32f4xx_hal_rtc.o
                0x00000000080037c4                RTC_ByteToBcd2
 .text.HAL_RTC_SetTime
                0x00000000080037de       0xb8 ./Drivers/STM32F4xx_HAL_Driver/Src/stm32f4xx_hal_rtc.o
                0x00000000080037de                HAL_RTC_SetTime
 .text.HAL_RTC_SetDate
                0x0000000008003896       0x9a ./Drivers/STM32F4xx_HAL_Driver/Src/stm32f4xx_hal_rtc.o
                0x0000000008003896                HAL_RTC_SetDate
 .text.TIM_OC1_SetConfig
                0x0000000008003930       0x64 ./Drivers/STM32F4xx_HAL_Driver/Src/stm32f4xx_hal_tim.o
 .text.TIM_OC3_SetConfig
                0x0000000008003994       0x6c ./Drivers/STM32F4xx_HAL_Driver/Src/stm32f4xx_hal_tim.o
 .text.TIM_OC4_SetConfig
                0x0000000008003a00       0x4c ./Drivers/STM32F4xx_HAL_Driver/Src/stm32f4xx_hal_tim.o
 .text.HAL_TIM_Base_Start_IT
                0x0000000008003a4c       0x74 ./Drivers/STM32F4xx_HAL_Driver/Src/stm32f4xx_hal_tim.o
                0x0000000008003a4c                HAL_TIM_Base_Start_IT
 .text.HAL_TIM_ReadCapturedValue
                0x0000000008003ac0       0x2c ./Drivers/STM32F4xx_HAL_Driver/Src/stm32f4xx_hal_tim.o
                0x0000000008003ac0                HAL_TIM_ReadCapturedValue
 .text.HAL_TIM_OC_DelayElapsedCallback
                0x0000000008003aec        0x2 ./Drivers/STM32F4xx_HAL_Driver/Src/stm32f4xx_hal_tim.o
                0x0000000008003aec                HAL_TIM_OC_DelayElapsedCallback
 .text.HAL_TIM_PWM_PulseFinishedCallback
                0x0000000008003aee        0x2 ./Drivers/STM32F4xx_HAL_Driver/Src/stm32f4xx_hal_tim.o
                0x0000000008003aee                HAL_TIM_PWM_PulseFinishedCallback
 .text.HAL_TIM_TriggerCallback
                0x0000000008003af0        0x2 ./Drivers/STM32F4xx_HAL_Driver/Src/stm32f4xx_hal_tim.o
                0x0000000008003af0                HAL_TIM_TriggerCallback
 .text.HAL_TIM_IRQHandler
                0x0000000008003af2      0x144 ./Drivers/STM32F4xx_HAL_Driver/Src/stm32f4xx_hal_tim.o
                0x0000000008003af2                HAL_TIM_IRQHandler
 *fill*         0x0000000008003c36        0x2 
 .text.TIM_Base_SetConfig
                0x0000000008003c38       0xcc ./Drivers/STM32F4xx_HAL_Driver/Src/stm32f4xx_hal_tim.o
                0x0000000008003c38                TIM_Base_SetConfig
 .text.HAL_TIM_Base_Init
                0x0000000008003d04       0x58 ./Drivers/STM32F4xx_HAL_Driver/Src/stm32f4xx_hal_tim.o
                0x0000000008003d04                HAL_TIM_Base_Init
 .text.HAL_TIM_PWM_Init
                0x0000000008003d5c       0x58 ./Drivers/STM32F4xx_HAL_Driver/Src/stm32f4xx_hal_tim.o
                0x0000000008003d5c                HAL_TIM_PWM_Init
 .text.HAL_TIM_IC_Init
                0x0000000008003db4       0x58 ./Drivers/STM32F4xx_HAL_Driver/Src/stm32f4xx_hal_tim.o
                0x0000000008003db4                HAL_TIM_IC_Init
 .text.TIM_OC2_SetConfig
                0x0000000008003e0c       0x6c ./Drivers/STM32F4xx_HAL_Driver/Src/stm32f4xx_hal_tim.o
                0x0000000008003e0c                TIM_OC2_SetConfig
 .text.HAL_TIM_PWM_ConfigChannel
                0x0000000008003e78       0xb8 ./Drivers/STM32F4xx_HAL_Driver/Src/stm32f4xx_hal_tim.o
                0x0000000008003e78                HAL_TIM_PWM_ConfigChannel
 .text.TIM_TI1_SetConfig
                0x0000000008003f30       0x74 ./Drivers/STM32F4xx_HAL_Driver/Src/stm32f4xx_hal_tim.o
                0x0000000008003f30                TIM_TI1_SetConfig
 .text.HAL_TIM_IC_ConfigChannel
                0x0000000008003fa4      0x126 ./Drivers/STM32F4xx_HAL_Driver/Src/stm32f4xx_hal_tim.o
                0x0000000008003fa4                HAL_TIM_IC_ConfigChannel
 .text.TIM_ETR_SetConfig
                0x00000000080040ca       0x14 ./Drivers/STM32F4xx_HAL_Driver/Src/stm32f4xx_hal_tim.o
                0x00000000080040ca                TIM_ETR_SetConfig
 .text.HAL_TIM_ConfigClockSource
                0x00000000080040de      0x138 ./Drivers/STM32F4xx_HAL_Driver/Src/stm32f4xx_hal_tim.o
                0x00000000080040de                HAL_TIM_ConfigClockSource
 *fill*         0x0000000008004216        0x2 
 .text.HAL_TIMEx_MasterConfigSynchronization
                0x0000000008004218       0x7c ./Drivers/STM32F4xx_HAL_Driver/Src/stm32f4xx_hal_tim_ex.o
                0x0000000008004218                HAL_TIMEx_MasterConfigSynchronization
 .text.HAL_TIMEx_CommutCallback
                0x0000000008004294        0x2 ./Drivers/STM32F4xx_HAL_Driver/Src/stm32f4xx_hal_tim_ex.o
                0x0000000008004294                HAL_TIMEx_CommutCallback
 .text.HAL_TIMEx_BreakCallback
                0x0000000008004296        0x2 ./Drivers/STM32F4xx_HAL_Driver/Src/stm32f4xx_hal_tim_ex.o
                0x0000000008004296                HAL_TIMEx_BreakCallback
 .text.UART_EndRxTransfer
                0x0000000008004298       0x5c ./Drivers/STM32F4xx_HAL_Driver/Src/stm32f4xx_hal_uart.o
 .text.UART_SetConfig
                0x00000000080042f4       0xbc ./Drivers/STM32F4xx_HAL_Driver/Src/stm32f4xx_hal_uart.o
 .text.UART_WaitOnFlagUntilTimeout.constprop.0
                0x00000000080043b0       0x6c ./Drivers/STM32F4xx_HAL_Driver/Src/stm32f4xx_hal_uart.o
 .text.HAL_UART_Init
                0x000000000800441c       0x5c ./Drivers/STM32F4xx_HAL_Driver/Src/stm32f4xx_hal_uart.o
                0x000000000800441c                HAL_UART_Init
 .text.HAL_UART_Transmit
                0x0000000008004478       0xaa ./Drivers/STM32F4xx_HAL_Driver/Src/stm32f4xx_hal_uart.o
                0x0000000008004478                HAL_UART_Transmit
 .text.HAL_UART_TxCpltCallback
                0x0000000008004522        0x2 ./Drivers/STM32F4xx_HAL_Driver/Src/stm32f4xx_hal_uart.o
                0x0000000008004522                HAL_UART_TxCpltCallback
 .text.HAL_UART_ErrorCallback
                0x0000000008004524        0x2 ./Drivers/STM32F4xx_HAL_Driver/Src/stm32f4xx_hal_uart.o
                0x0000000008004524                HAL_UART_ErrorCallback
 .text.UART_DMAAbortOnError
                0x0000000008004526       0x10 ./Drivers/STM32F4xx_HAL_Driver/Src/stm32f4xx_hal_uart.o
 .text.HAL_UARTEx_RxEventCallback
                0x0000000008004536        0x2 ./Drivers/STM32F4xx_HAL_Driver/Src/stm32f4xx_hal_uart.o
                0x0000000008004536                HAL_UARTEx_RxEventCallback
 .text.UART_Receive_IT.part.0.isra.0
                0x0000000008004538       0xac ./Drivers/STM32F4xx_HAL_Driver/Src/stm32f4xx_hal_uart.o
 .text.HAL_UART_IRQHandler
                0x00000000080045e4      0x2a0 ./Drivers/STM32F4xx_HAL_Driver/Src/stm32f4xx_hal_uart.o
                0x00000000080045e4                HAL_UART_IRQHandler
 .text.UART_Start_Receive_IT
                0x0000000008004884       0x36 ./Drivers/STM32F4xx_HAL_Driver/Src/stm32f4xx_hal_uart.o
                0x0000000008004884                UART_Start_Receive_IT
 .text.HAL_UART_Receive_IT
                0x00000000080048ba       0x30 ./Drivers/STM32F4xx_HAL_Driver/Src/stm32f4xx_hal_uart.o
                0x00000000080048ba                HAL_UART_Receive_IT
 *fill*         0x00000000080048ea        0x2 
 .text.USB_CoreReset
                0x00000000080048ec       0x4c ./Drivers/STM32F4xx_HAL_Driver/Src/stm32f4xx_ll_usb.o
 .text.USB_CoreInit
                0x0000000008004938       0x80 ./Drivers/STM32F4xx_HAL_Driver/Src/stm32f4xx_ll_usb.o
                0x0000000008004938                USB_CoreInit
 .text.USB_DisableGlobalInt
                0x00000000080049b8        0xc ./Drivers/STM32F4xx_HAL_Driver/Src/stm32f4xx_ll_usb.o
                0x00000000080049b8                USB_DisableGlobalInt
 .text.USB_SetCurrentMode
                0x00000000080049c4       0x60 ./Drivers/STM32F4xx_HAL_Driver/Src/stm32f4xx_ll_usb.o
                0x00000000080049c4                USB_SetCurrentMode
 .text.USB_FlushTxFifo
                0x0000000008004a24       0x4c ./Drivers/STM32F4xx_HAL_Driver/Src/stm32f4xx_ll_usb.o
                0x0000000008004a24                USB_FlushTxFifo
 .text.USB_FlushRxFifo
                0x0000000008004a70       0x48 ./Drivers/STM32F4xx_HAL_Driver/Src/stm32f4xx_ll_usb.o
                0x0000000008004a70                USB_FlushRxFifo
 .text.USB_SetDevSpeed
                0x0000000008004ab8        0xe ./Drivers/STM32F4xx_HAL_Driver/Src/stm32f4xx_ll_usb.o
                0x0000000008004ab8                USB_SetDevSpeed
 *fill*         0x0000000008004ac6        0x2 
 .text.USB_DevInit
                0x0000000008004ac8      0x170 ./Drivers/STM32F4xx_HAL_Driver/Src/stm32f4xx_ll_usb.o
                0x0000000008004ac8                USB_DevInit
 .text.USB_DevDisconnect
                0x0000000008004c38       0x1c ./Drivers/STM32F4xx_HAL_Driver/Src/stm32f4xx_ll_usb.o
                0x0000000008004c38                USB_DevDisconnect
 .text.ethernet_link_status_updated
                0x0000000008004c54        0x2 ./LWIP/App/lwip.o
 *fill*         0x0000000008004c56        0x2 
 .text.MX_LWIP_Init
                0x0000000008004c58       0xa8 ./LWIP/App/lwip.o
                0x0000000008004c58                MX_LWIP_Init
 .text.ETH_PHY_IO_DeInit
                0x0000000008004d00        0x4 ./LWIP/Target/ethernetif.o
                0x0000000008004d00                ETH_PHY_IO_DeInit
 .text.low_level_output
                0x0000000008004d04       0x60 ./LWIP/Target/ethernetif.o
 .text.pbuf_free_custom
                0x0000000008004d64       0x20 ./LWIP/Target/ethernetif.o
                0x0000000008004d64                pbuf_free_custom
 .text.ETH_PHY_IO_GetTick
                0x0000000008004d84        0x4 ./LWIP/Target/ethernetif.o
                0x0000000008004d84                ETH_PHY_IO_GetTick
 .text.ETH_PHY_IO_Init
                0x0000000008004d88       0x10 ./LWIP/Target/ethernetif.o
                0x0000000008004d88                ETH_PHY_IO_Init
 .text.ETH_PHY_IO_ReadReg
                0x0000000008004d98       0x1c ./LWIP/Target/ethernetif.o
                0x0000000008004d98                ETH_PHY_IO_ReadReg
 .text.ETH_PHY_IO_WriteReg
                0x0000000008004db4       0x1c ./LWIP/Target/ethernetif.o
                0x0000000008004db4                ETH_PHY_IO_WriteReg
 .text.ethernetif_input
                0x0000000008004dd0       0x44 ./LWIP/Target/ethernetif.o
                0x0000000008004dd0                ethernetif_input
 .text.sys_now  0x0000000008004e14        0x4 ./LWIP/Target/ethernetif.o
                0x0000000008004e14                sys_now
 .text.HAL_ETH_MspInit
                0x0000000008004e18      0x13c ./LWIP/Target/ethernetif.o
                0x0000000008004e18                HAL_ETH_MspInit
 .text.ethernet_link_check_state
                0x0000000008004f54       0x8c ./LWIP/Target/ethernetif.o
                0x0000000008004f54                ethernet_link_check_state
 .text.ethernetif_init
                0x0000000008004fe0      0x124 ./LWIP/Target/ethernetif.o
                0x0000000008004fe0                ethernetif_init
 .text.HAL_ETH_RxAllocateCallback
                0x0000000008005104       0x44 ./LWIP/Target/ethernetif.o
                0x0000000008005104                HAL_ETH_RxAllocateCallback
 .text.HAL_ETH_RxLinkCallback
                0x0000000008005148       0x32 ./LWIP/Target/ethernetif.o
                0x0000000008005148                HAL_ETH_RxLinkCallback
 .text.lwip_htons
                0x000000000800517a        0x6 ./Middlewares/Third_Party/LwIP/src/core/def.o
                0x000000000800517a                lwip_htons
 .text.lwip_htonl
                0x0000000008005180        0x4 ./Middlewares/Third_Party/LwIP/src/core/def.o
                0x0000000008005180                lwip_htonl
 .text.lwip_init
                0x0000000008005184       0x1e ./Middlewares/Third_Party/LwIP/src/core/init.o
                0x0000000008005184                lwip_init
 *fill*         0x00000000080051a2        0x2 
 .text.mem_init
                0x00000000080051a4       0x44 ./Middlewares/Third_Party/LwIP/src/core/mem.o
                0x00000000080051a4                mem_init
 .text.mem_free
                0x00000000080051e8      0x170 ./Middlewares/Third_Party/LwIP/src/core/mem.o
                0x00000000080051e8                mem_free
 .text.mem_trim
                0x0000000008005358      0x148 ./Middlewares/Third_Party/LwIP/src/core/mem.o
                0x0000000008005358                mem_trim
 .text.mem_malloc
                0x00000000080054a0      0x150 ./Middlewares/Third_Party/LwIP/src/core/mem.o
                0x00000000080054a0                mem_malloc
 .text.do_memp_free_pool
                0x00000000080055f0       0x30 ./Middlewares/Third_Party/LwIP/src/core/memp.o
 .text.do_memp_malloc_pool.isra.0
                0x0000000008005620       0x2c ./Middlewares/Third_Party/LwIP/src/core/memp.o
 .text.memp_init_pool
                0x000000000800564c       0x26 ./Middlewares/Third_Party/LwIP/src/core/memp.o
                0x000000000800564c                memp_init_pool
 *fill*         0x0000000008005672        0x2 
 .text.memp_init
                0x0000000008005674       0x1c ./Middlewares/Third_Party/LwIP/src/core/memp.o
                0x0000000008005674                memp_init
 .text.memp_malloc_pool
                0x0000000008005690       0x30 ./Middlewares/Third_Party/LwIP/src/core/memp.o
                0x0000000008005690                memp_malloc_pool
 .text.memp_malloc
                0x00000000080056c0       0x38 ./Middlewares/Third_Party/LwIP/src/core/memp.o
                0x00000000080056c0                memp_malloc
 .text.memp_free_pool
                0x00000000080056f8       0x28 ./Middlewares/Third_Party/LwIP/src/core/memp.o
                0x00000000080056f8                memp_free_pool
 .text.memp_free
                0x0000000008005720       0x30 ./Middlewares/Third_Party/LwIP/src/core/memp.o
                0x0000000008005720                memp_free
 .text.netif_null_output_ip4
                0x0000000008005750        0x6 ./Middlewares/Third_Party/LwIP/src/core/netif.o
 *fill*         0x0000000008005756        0x2 
 .text.netif_issue_reports
                0x0000000008005758       0x44 ./Middlewares/Third_Party/LwIP/src/core/netif.o
 .text.netif_do_set_ipaddr.isra.0
                0x000000000800579c       0x50 ./Middlewares/Third_Party/LwIP/src/core/netif.o
 .text.netif_init
                0x00000000080057ec        0x2 ./Middlewares/Third_Party/LwIP/src/core/netif.o
                0x00000000080057ec                netif_init
 *fill*         0x00000000080057ee        0x2 
 .text.netif_set_addr
                0x00000000080057f0       0x58 ./Middlewares/Third_Party/LwIP/src/core/netif.o
                0x00000000080057f0                netif_set_addr
 .text.netif_add
                0x0000000008005848      0x12c ./Middlewares/Third_Party/LwIP/src/core/netif.o
                0x0000000008005848                netif_add
 .text.netif_set_default
                0x0000000008005974        0xc ./Middlewares/Third_Party/LwIP/src/core/netif.o
                0x0000000008005974                netif_set_default
 .text.netif_set_up
                0x0000000008005980       0x34 ./Middlewares/Third_Party/LwIP/src/core/netif.o
                0x0000000008005980                netif_set_up
 .text.netif_set_down
                0x00000000080059b4       0x38 ./Middlewares/Third_Party/LwIP/src/core/netif.o
                0x00000000080059b4                netif_set_down
 .text.netif_set_link_up
                0x00000000080059ec       0x48 ./Middlewares/Third_Party/LwIP/src/core/netif.o
                0x00000000080059ec                netif_set_link_up
 .text.netif_set_link_down
                0x0000000008005a34       0x34 ./Middlewares/Third_Party/LwIP/src/core/netif.o
                0x0000000008005a34                netif_set_link_down
 .text.netif_set_link_callback
                0x0000000008005a68        0x6 ./Middlewares/Third_Party/LwIP/src/core/netif.o
                0x0000000008005a68                netif_set_link_callback
 *fill*         0x0000000008005a6e        0x2 
 .text.netif_get_by_index
                0x0000000008005a70       0x24 ./Middlewares/Third_Party/LwIP/src/core/netif.o
                0x0000000008005a70                netif_get_by_index
 .text.pbuf_add_header_impl
                0x0000000008005a94       0x64 ./Middlewares/Third_Party/LwIP/src/core/pbuf.o
 .text.pbuf_free_ooseq
                0x0000000008005af8       0x24 ./Middlewares/Third_Party/LwIP/src/core/pbuf.o
                0x0000000008005af8                pbuf_free_ooseq
 .text.pbuf_alloc_reference
                0x0000000008005b1c       0x48 ./Middlewares/Third_Party/LwIP/src/core/pbuf.o
                0x0000000008005b1c                pbuf_alloc_reference
 .text.pbuf_alloced_custom
                0x0000000008005b64       0x34 ./Middlewares/Third_Party/LwIP/src/core/pbuf.o
                0x0000000008005b64                pbuf_alloced_custom
 .text.pbuf_add_header
                0x0000000008005b98        0x6 ./Middlewares/Third_Party/LwIP/src/core/pbuf.o
                0x0000000008005b98                pbuf_add_header
 *fill*         0x0000000008005b9e        0x2 
 .text.pbuf_remove_header
                0x0000000008005ba0       0x58 ./Middlewares/Third_Party/LwIP/src/core/pbuf.o
                0x0000000008005ba0                pbuf_remove_header
 .text.pbuf_header_force
                0x0000000008005bf8       0x10 ./Middlewares/Third_Party/LwIP/src/core/pbuf.o
                0x0000000008005bf8                pbuf_header_force
 .text.pbuf_free
                0x0000000008005c08       0xc8 ./Middlewares/Third_Party/LwIP/src/core/pbuf.o
                0x0000000008005c08                pbuf_free
 .text.pbuf_alloc
                0x0000000008005cd0      0x100 ./Middlewares/Third_Party/LwIP/src/core/pbuf.o
                0x0000000008005cd0                pbuf_alloc
 .text.pbuf_realloc
                0x0000000008005dd0       0xb0 ./Middlewares/Third_Party/LwIP/src/core/pbuf.o
                0x0000000008005dd0                pbuf_realloc
 .text.pbuf_clen
                0x0000000008005e80       0x10 ./Middlewares/Third_Party/LwIP/src/core/pbuf.o
                0x0000000008005e80                pbuf_clen
 .text.pbuf_ref
                0x0000000008005e90       0x28 ./Middlewares/Third_Party/LwIP/src/core/pbuf.o
                0x0000000008005e90                pbuf_ref
 .text.pbuf_cat
                0x0000000008005eb8       0x74 ./Middlewares/Third_Party/LwIP/src/core/pbuf.o
                0x0000000008005eb8                pbuf_cat
 .text.pbuf_chain
                0x0000000008005f2c       0x12 ./Middlewares/Third_Party/LwIP/src/core/pbuf.o
                0x0000000008005f2c                pbuf_chain
 *fill*         0x0000000008005f3e        0x2 
 .text.pbuf_copy
                0x0000000008005f40      0x104 ./Middlewares/Third_Party/LwIP/src/core/pbuf.o
                0x0000000008005f40                pbuf_copy
 .text.pbuf_copy_partial
                0x0000000008006044       0x8c ./Middlewares/Third_Party/LwIP/src/core/pbuf.o
                0x0000000008006044                pbuf_copy_partial
 .text.pbuf_take
                0x00000000080060d0       0xbc ./Middlewares/Third_Party/LwIP/src/core/pbuf.o
                0x00000000080060d0                pbuf_take
 .text.pbuf_clone
                0x000000000800618c       0x38 ./Middlewares/Third_Party/LwIP/src/core/pbuf.o
                0x000000000800618c                pbuf_clone
 .text.tcp_close_shutdown_fin
                0x00000000080061c4       0x60 ./Middlewares/Third_Party/LwIP/src/core/tcp.o
 .text.tcp_init
                0x0000000008006224       0x18 ./Middlewares/Third_Party/LwIP/src/core/tcp.o
                0x0000000008006224                tcp_init
 .text.tcp_free
                0x000000000800623c       0x30 ./Middlewares/Third_Party/LwIP/src/core/tcp.o
                0x000000000800623c                tcp_free
 .text.tcp_update_rcv_ann_wnd
                0x000000000800626c       0x6c ./Middlewares/Third_Party/LwIP/src/core/tcp.o
                0x000000000800626c                tcp_update_rcv_ann_wnd
 .text.tcp_recved
                0x00000000080062d8       0x7c ./Middlewares/Third_Party/LwIP/src/core/tcp.o
                0x00000000080062d8                tcp_recved
 .text.tcp_seg_free
                0x0000000008006354       0x1c ./Middlewares/Third_Party/LwIP/src/core/tcp.o
                0x0000000008006354                tcp_seg_free
 .text.tcp_segs_free
                0x0000000008006370       0x10 ./Middlewares/Third_Party/LwIP/src/core/tcp.o
                0x0000000008006370                tcp_segs_free
 .text.tcp_seg_copy
                0x0000000008006380       0x48 ./Middlewares/Third_Party/LwIP/src/core/tcp.o
                0x0000000008006380                tcp_seg_copy
 .text.tcp_next_iss
                0x00000000080063c8       0x34 ./Middlewares/Third_Party/LwIP/src/core/tcp.o
                0x00000000080063c8                tcp_next_iss
 .text.tcp_eff_send_mss_netif
                0x00000000080063fc       0x3c ./Middlewares/Third_Party/LwIP/src/core/tcp.o
                0x00000000080063fc                tcp_eff_send_mss_netif
 .text.tcp_free_ooseq
                0x0000000008006438       0x12 ./Middlewares/Third_Party/LwIP/src/core/tcp.o
                0x0000000008006438                tcp_free_ooseq
 *fill*         0x000000000800644a        0x2 
 .text.tcp_pcb_purge
                0x000000000800644c       0x64 ./Middlewares/Third_Party/LwIP/src/core/tcp.o
                0x000000000800644c                tcp_pcb_purge
 .text.tcp_pcb_remove
                0x00000000080064b0       0xcc ./Middlewares/Third_Party/LwIP/src/core/tcp.o
                0x00000000080064b0                tcp_pcb_remove
 .text.tcp_abandon
                0x000000000800657c      0x104 ./Middlewares/Third_Party/LwIP/src/core/tcp.o
                0x000000000800657c                tcp_abandon
 .text.tcp_abort
                0x0000000008006680        0x6 ./Middlewares/Third_Party/LwIP/src/core/tcp.o
                0x0000000008006680                tcp_abort
 *fill*         0x0000000008006686        0x2 
 .text.tcp_netif_ip_addr_changed_pcblist
                0x0000000008006688       0x3c ./Middlewares/Third_Party/LwIP/src/core/tcp.o
 .text.tcp_netif_ip_addr_changed
                0x00000000080066c4       0x48 ./Middlewares/Third_Party/LwIP/src/core/tcp.o
                0x00000000080066c4                tcp_netif_ip_addr_changed
 .text.tcp_kill_state
                0x000000000800670c       0x3c ./Middlewares/Third_Party/LwIP/src/core/tcp.o
 .text.tcp_alloc
                0x0000000008006748      0x134 ./Middlewares/Third_Party/LwIP/src/core/tcp.o
                0x0000000008006748                tcp_alloc
 .text.tcp_close_shutdown
                0x000000000800687c      0x164 ./Middlewares/Third_Party/LwIP/src/core/tcp.o
 .text.tcp_close
                0x00000000080069e0       0x3c ./Middlewares/Third_Party/LwIP/src/core/tcp.o
                0x00000000080069e0                tcp_close
 .text.tcp_recv_null
                0x0000000008006a1c       0x48 ./Middlewares/Third_Party/LwIP/src/core/tcp.o
                0x0000000008006a1c                tcp_recv_null
 .text.tcp_process_refused_data
                0x0000000008006a64       0x88 ./Middlewares/Third_Party/LwIP/src/core/tcp.o
                0x0000000008006a64                tcp_process_refused_data
 .text.tcp_fasttmr
                0x0000000008006aec       0x80 ./Middlewares/Third_Party/LwIP/src/core/tcp.o
                0x0000000008006aec                tcp_fasttmr
 .text.tcp_slowtmr
                0x0000000008006b6c      0x43c ./Middlewares/Third_Party/LwIP/src/core/tcp.o
                0x0000000008006b6c                tcp_slowtmr
 .text.tcp_tmr  0x0000000008006fa8       0x24 ./Middlewares/Third_Party/LwIP/src/core/tcp.o
                0x0000000008006fa8                tcp_tmr
 .text.tcp_get_next_optbyte
                0x0000000008006fcc       0x38 ./Middlewares/Third_Party/LwIP/src/core/tcp_in.o
 .text.tcp_oos_insert_segment
                0x0000000008007004       0x94 ./Middlewares/Third_Party/LwIP/src/core/tcp_in.o
 .text.tcp_parseopt
                0x0000000008007098       0x90 ./Middlewares/Third_Party/LwIP/src/core/tcp_in.o
 .text.tcp_input_delayed_close
                0x0000000008007128       0x58 ./Middlewares/Third_Party/LwIP/src/core/tcp_in.o
 .text.tcp_free_acked_segments.constprop.0
                0x0000000008007180       0xc4 ./Middlewares/Third_Party/LwIP/src/core/tcp_in.o
 .text.tcp_receive
                0x0000000008007244      0x860 ./Middlewares/Third_Party/LwIP/src/core/tcp_in.o
 .text.tcp_input
                0x0000000008007aa4      0xb04 ./Middlewares/Third_Party/LwIP/src/core/tcp_in.o
                0x0000000008007aa4                tcp_input
 .text.tcp_trigger_input_pcb_close
                0x00000000080085a8       0x10 ./Middlewares/Third_Party/LwIP/src/core/tcp_in.o
                0x00000000080085a8                tcp_trigger_input_pcb_close
 .text.tcp_output_segment_busy
                0x00000000080085b8       0x2c ./Middlewares/Third_Party/LwIP/src/core/tcp_out.o
 .text.tcp_create_segment
                0x00000000080085e4       0xe4 ./Middlewares/Third_Party/LwIP/src/core/tcp_out.o
 .text.tcp_output_alloc_header_common.constprop.0
                0x00000000080086c8       0x84 ./Middlewares/Third_Party/LwIP/src/core/tcp_out.o
 .text.tcp_output_alloc_header.constprop.0
                0x000000000800874c       0x4c ./Middlewares/Third_Party/LwIP/src/core/tcp_out.o
 .text.tcp_output_fill_options.constprop.0
                0x0000000008008798       0x20 ./Middlewares/Third_Party/LwIP/src/core/tcp_out.o
 .text.tcp_output_control_segment
                0x00000000080087b8       0x70 ./Middlewares/Third_Party/LwIP/src/core/tcp_out.o
 .text.tcp_split_unsent_seg
                0x0000000008008828      0x198 ./Middlewares/Third_Party/LwIP/src/core/tcp_out.o
                0x0000000008008828                tcp_split_unsent_seg
 .text.tcp_enqueue_flags
                0x00000000080089c0      0x128 ./Middlewares/Third_Party/LwIP/src/core/tcp_out.o
                0x00000000080089c0                tcp_enqueue_flags
 .text.tcp_send_fin
                0x0000000008008ae8       0x60 ./Middlewares/Third_Party/LwIP/src/core/tcp_out.o
                0x0000000008008ae8                tcp_send_fin
 .text.tcp_rexmit_rto_prepare
                0x0000000008008b48       0x88 ./Middlewares/Third_Party/LwIP/src/core/tcp_out.o
                0x0000000008008b48                tcp_rexmit_rto_prepare
 .text.tcp_rexmit
                0x0000000008008bd0       0x84 ./Middlewares/Third_Party/LwIP/src/core/tcp_out.o
                0x0000000008008bd0                tcp_rexmit
 .text.tcp_rexmit_fast
                0x0000000008008c54       0x68 ./Middlewares/Third_Party/LwIP/src/core/tcp_out.o
                0x0000000008008c54                tcp_rexmit_fast
 .text.tcp_rst  0x0000000008008cbc       0x8c ./Middlewares/Third_Party/LwIP/src/core/tcp_out.o
                0x0000000008008cbc                tcp_rst
 .text.tcp_send_empty_ack
                0x0000000008008d48       0x64 ./Middlewares/Third_Party/LwIP/src/core/tcp_out.o
                0x0000000008008d48                tcp_send_empty_ack
 .text.tcp_output
                0x0000000008008dac      0x354 ./Middlewares/Third_Party/LwIP/src/core/tcp_out.o
                0x0000000008008dac                tcp_output
 .text.tcp_rexmit_rto_commit
                0x0000000008009100       0x38 ./Middlewares/Third_Party/LwIP/src/core/tcp_out.o
                0x0000000008009100                tcp_rexmit_rto_commit
 .text.tcp_rexmit_rto
                0x0000000008009138       0x34 ./Middlewares/Third_Party/LwIP/src/core/tcp_out.o
                0x0000000008009138                tcp_rexmit_rto
 .text.tcp_keepalive
                0x000000000800916c       0x50 ./Middlewares/Third_Party/LwIP/src/core/tcp_out.o
                0x000000000800916c                tcp_keepalive
 .text.tcp_zero_window_probe
                0x00000000080091bc       0xc8 ./Middlewares/Third_Party/LwIP/src/core/tcp_out.o
                0x00000000080091bc                tcp_zero_window_probe
 .text.sys_timeout_abs
                0x0000000008009284       0x64 ./Middlewares/Third_Party/LwIP/src/core/timeouts.o
 .text.lwip_cyclic_timer
                0x00000000080092e8       0x34 ./Middlewares/Third_Party/LwIP/src/core/timeouts.o
 .text.sys_timeout
                0x000000000800931c       0x3c ./Middlewares/Third_Party/LwIP/src/core/timeouts.o
                0x000000000800931c                sys_timeout
 .text.tcp_timer_needed
                0x0000000008009358       0x34 ./Middlewares/Third_Party/LwIP/src/core/timeouts.o
                0x0000000008009358                tcp_timer_needed
 .text.tcpip_tcp_timer
                0x000000000800938c       0x38 ./Middlewares/Third_Party/LwIP/src/core/timeouts.o
 .text.sys_timeouts_init
                0x00000000080093c4       0x2c ./Middlewares/Third_Party/LwIP/src/core/timeouts.o
                0x00000000080093c4                sys_timeouts_init
 .text.sys_check_timeouts
                0x00000000080093f0       0x58 ./Middlewares/Third_Party/LwIP/src/core/timeouts.o
                0x00000000080093f0                sys_check_timeouts
 .text.udp_init
                0x0000000008009448       0x18 ./Middlewares/Third_Party/LwIP/src/core/udp.o
                0x0000000008009448                udp_init
 .text.udp_input
                0x0000000008009460      0x1b0 ./Middlewares/Third_Party/LwIP/src/core/udp.o
                0x0000000008009460                udp_input
 .text.udp_bind
                0x0000000008009610       0xcc ./Middlewares/Third_Party/LwIP/src/core/udp.o
                0x0000000008009610                udp_bind
 .text.udp_sendto_if_src
                0x00000000080096dc      0x130 ./Middlewares/Third_Party/LwIP/src/core/udp.o
                0x00000000080096dc                udp_sendto_if_src
 .text.udp_sendto_if
                0x000000000800980c       0x80 ./Middlewares/Third_Party/LwIP/src/core/udp.o
                0x000000000800980c                udp_sendto_if
 .text.udp_sendto
                0x000000000800988c       0x78 ./Middlewares/Third_Party/LwIP/src/core/udp.o
                0x000000000800988c                udp_sendto
 .text.udp_send
                0x0000000008009904       0x44 ./Middlewares/Third_Party/LwIP/src/core/udp.o
                0x0000000008009904                udp_send
 .text.udp_connect
                0x0000000008009948       0x78 ./Middlewares/Third_Party/LwIP/src/core/udp.o
                0x0000000008009948                udp_connect
 .text.udp_disconnect
                0x00000000080099c0       0x30 ./Middlewares/Third_Party/LwIP/src/core/udp.o
                0x00000000080099c0                udp_disconnect
 .text.udp_recv
                0x00000000080099f0       0x24 ./Middlewares/Third_Party/LwIP/src/core/udp.o
                0x00000000080099f0                udp_recv
 .text.udp_new  0x0000000008009a14       0x1c ./Middlewares/Third_Party/LwIP/src/core/udp.o
                0x0000000008009a14                udp_new
 .text.udp_netif_ip_addr_changed
                0x0000000008009a30       0x2c ./Middlewares/Third_Party/LwIP/src/core/udp.o
                0x0000000008009a30                udp_netif_ip_addr_changed
 .text.etharp_free_entry
                0x0000000008009a5c       0x28 ./Middlewares/Third_Party/LwIP/src/core/ipv4/etharp.o
 .text.etharp_find_entry
                0x0000000008009a84      0x120 ./Middlewares/Third_Party/LwIP/src/core/ipv4/etharp.o
 .text.etharp_raw
                0x0000000008009ba4       0xdc ./Middlewares/Third_Party/LwIP/src/core/ipv4/etharp.o
 .text.etharp_cleanup_netif
                0x0000000008009c80       0x28 ./Middlewares/Third_Party/LwIP/src/core/ipv4/etharp.o
                0x0000000008009c80                etharp_cleanup_netif
 .text.etharp_input
                0x0000000008009ca8      0x14c ./Middlewares/Third_Party/LwIP/src/core/ipv4/etharp.o
                0x0000000008009ca8                etharp_input
 .text.etharp_request
                0x0000000008009df4       0x2c ./Middlewares/Third_Party/LwIP/src/core/ipv4/etharp.o
                0x0000000008009df4                etharp_request
 .text.etharp_tmr
                0x0000000008009e20       0x54 ./Middlewares/Third_Party/LwIP/src/core/ipv4/etharp.o
                0x0000000008009e20                etharp_tmr
 .text.etharp_output_to_arp_index
                0x0000000008009e74       0xac ./Middlewares/Third_Party/LwIP/src/core/ipv4/etharp.o
 .text.etharp_query
                0x0000000008009f20      0x130 ./Middlewares/Third_Party/LwIP/src/core/ipv4/etharp.o
                0x0000000008009f20                etharp_query
 .text.etharp_output
                0x000000000800a050      0x144 ./Middlewares/Third_Party/LwIP/src/core/ipv4/etharp.o
                0x000000000800a050                etharp_output
 .text.icmp_send_response
                0x000000000800a194       0x90 ./Middlewares/Third_Party/LwIP/src/core/ipv4/icmp.o
 .text.icmp_input
                0x000000000800a224      0x12c ./Middlewares/Third_Party/LwIP/src/core/ipv4/icmp.o
                0x000000000800a224                icmp_input
 .text.icmp_dest_unreach
                0x000000000800a350        0x8 ./Middlewares/Third_Party/LwIP/src/core/ipv4/icmp.o
                0x000000000800a350                icmp_dest_unreach
 .text.icmp_time_exceeded
                0x000000000800a358        0x8 ./Middlewares/Third_Party/LwIP/src/core/ipv4/icmp.o
                0x000000000800a358                icmp_time_exceeded
 .text.ip4_input_accept
                0x000000000800a360       0x34 ./Middlewares/Third_Party/LwIP/src/core/ipv4/ip4.o
 .text.ip4_route
                0x000000000800a394       0x5c ./Middlewares/Third_Party/LwIP/src/core/ipv4/ip4.o
                0x000000000800a394                ip4_route
 .text.ip4_input
                0x000000000800a3f0      0x168 ./Middlewares/Third_Party/LwIP/src/core/ipv4/ip4.o
                0x000000000800a3f0                ip4_input
 .text.ip4_output_if_src
                0x000000000800a558       0xf8 ./Middlewares/Third_Party/LwIP/src/core/ipv4/ip4.o
                0x000000000800a558                ip4_output_if_src
 .text.ip4_output_if
                0x000000000800a650       0x22 ./Middlewares/Third_Party/LwIP/src/core/ipv4/ip4.o
                0x000000000800a650                ip4_output_if
 .text.ip4_addr_isbroadcast_u32
                0x000000000800a672       0x36 ./Middlewares/Third_Party/LwIP/src/core/ipv4/ip4_addr.o
                0x000000000800a672                ip4_addr_isbroadcast_u32
 .text.ip_reass_dequeue_datagram
                0x000000000800a6a8       0x44 ./Middlewares/Third_Party/LwIP/src/core/ipv4/ip4_frag.o
 .text.ip_reass_free_complete_datagram
                0x000000000800a6ec       0xe8 ./Middlewares/Third_Party/LwIP/src/core/ipv4/ip4_frag.o
 .text.ip_reass_remove_oldest_datagram
                0x000000000800a7d4       0x78 ./Middlewares/Third_Party/LwIP/src/core/ipv4/ip4_frag.o
 .text.ip_frag_free_pbuf_custom_ref
                0x000000000800a84c       0x2c ./Middlewares/Third_Party/LwIP/src/core/ipv4/ip4_frag.o
 .text.ipfrag_free_pbuf_custom
                0x000000000800a878       0x34 ./Middlewares/Third_Party/LwIP/src/core/ipv4/ip4_frag.o
 .text.ip_reass_tmr
                0x000000000800a8ac       0x2c ./Middlewares/Third_Party/LwIP/src/core/ipv4/ip4_frag.o
                0x000000000800a8ac                ip_reass_tmr
 .text.ip4_reass
                0x000000000800a8d8      0x3b4 ./Middlewares/Third_Party/LwIP/src/core/ipv4/ip4_frag.o
                0x000000000800a8d8                ip4_reass
 .text.ip4_frag
                0x000000000800ac8c      0x1d8 ./Middlewares/Third_Party/LwIP/src/core/ipv4/ip4_frag.o
                0x000000000800ac8c                ip4_frag
 .text.ethernet_input
                0x000000000800ae64       0xa0 ./Middlewares/Third_Party/LwIP/src/netif/ethernet.o
                0x000000000800ae64                ethernet_input
 .text.ethernet_output
                0x000000000800af04       0x70 ./Middlewares/Third_Party/LwIP/src/netif/ethernet.o
                0x000000000800af04                ethernet_output
 .text.__libc_init_array
                0x000000000800af74       0x48 c:/st/stm32cubeide_1.12.0/stm32cubeide/plugins/com.st.stm32cube.ide.mcu.externaltools.gnu-tools-for-stm32.10.3-2021.10.win32_1.0.200.202301161003/tools/bin/../lib/gcc/arm-none-eabi/10.3.1/../../../../arm-none-eabi/lib/thumb/v7e-m+fp/hard\libc_nano.a(lib_a-init.o)
                0x000000000800af74                __libc_init_array
 .text.memcmp   0x000000000800afbc       0x20 c:/st/stm32cubeide_1.12.0/stm32cubeide/plugins/com.st.stm32cube.ide.mcu.externaltools.gnu-tools-for-stm32.10.3-2021.10.win32_1.0.200.202301161003/tools/bin/../lib/gcc/arm-none-eabi/10.3.1/../../../../arm-none-eabi/lib/thumb/v7e-m+fp/hard\libc_nano.a(lib_a-memcmp.o)
                0x000000000800afbc                memcmp
 .text.memcpy   0x000000000800afdc       0x1c c:/st/stm32cubeide_1.12.0/stm32cubeide/plugins/com.st.stm32cube.ide.mcu.externaltools.gnu-tools-for-stm32.10.3-2021.10.win32_1.0.200.202301161003/tools/bin/../lib/gcc/arm-none-eabi/10.3.1/../../../../arm-none-eabi/lib/thumb/v7e-m+fp/hard\libc_nano.a(lib_a-memcpy-stub.o)
                0x000000000800afdc                memcpy
 .text.memset   0x000000000800aff8       0x10 c:/st/stm32cubeide_1.12.0/stm32cubeide/plugins/com.st.stm32cube.ide.mcu.externaltools.gnu-tools-for-stm32.10.3-2021.10.win32_1.0.200.202301161003/tools/bin/../lib/gcc/arm-none-eabi/10.3.1/../../../../arm-none-eabi/lib/thumb/v7e-m+fp/hard\libc_nano.a(lib_a-memset.o)
                0x000000000800aff8                memset
 .text.printf   0x000000000800b008       0x30 c:/st/stm32cubeide_1.12.0/stm32cubeide/plugins/com.st.stm32cube.ide.mcu.externaltools.gnu-tools-for-stm32.10.3-2021.10.win32_1.0.200.202301161003/tools/bin/../lib/gcc/arm-none-eabi/10.3.1/../../../../arm-none-eabi/lib/thumb/v7e-m+fp/hard\libc_nano.a(lib_a-printf.o)
                0x000000000800b008                iprintf
                0x000000000800b008                printf
 .text._puts_r  0x000000000800b038       0xdc c:/st/stm32cubeide_1.12.0/stm32cubeide/plugins/com.st.stm32cube.ide.mcu.externaltools.gnu-tools-for-stm32.10.3-2021.10.win32_1.0.200.202301161003/tools/bin/../lib/gcc/arm-none-eabi/10.3.1/../../../../arm-none-eabi/lib/thumb/v7e-m+fp/hard\libc_nano.a(lib_a-puts.o)
                0x000000000800b038                _puts_r
 .text.puts     0x000000000800b114       0x10 c:/st/stm32cubeide_1.12.0/stm32cubeide/plugins/com.st.stm32cube.ide.mcu.externaltools.gnu-tools-for-stm32.10.3-2021.10.win32_1.0.200.202301161003/tools/bin/../lib/gcc/arm-none-eabi/10.3.1/../../../../arm-none-eabi/lib/thumb/v7e-m+fp/hard\libc_nano.a(lib_a-puts.o)
                0x000000000800b114                puts
 .text.rand     0x000000000800b124       0x7c c:/st/stm32cubeide_1.12.0/stm32cubeide/plugins/com.st.stm32cube.ide.mcu.externaltools.gnu-tools-for-stm32.10.3-2021.10.win32_1.0.200.202301161003/tools/bin/../lib/gcc/arm-none-eabi/10.3.1/../../../../arm-none-eabi/lib/thumb/v7e-m+fp/hard\libc_nano.a(lib_a-rand.o)
                0x000000000800b124                rand
 .text.strcpy   0x000000000800b1a0       0x10 c:/st/stm32cubeide_1.12.0/stm32cubeide/plugins/com.st.stm32cube.ide.mcu.externaltools.gnu-tools-for-stm32.10.3-2021.10.win32_1.0.200.202301161003/tools/bin/../lib/gcc/arm-none-eabi/10.3.1/../../../../arm-none-eabi/lib/thumb/v7e-m+fp/hard\libc_nano.a(lib_a-strcpy.o)
                0x000000000800b1a0                strcpy
 .text.strncmp  0x000000000800b1b0       0x28 c:/st/stm32cubeide_1.12.0/stm32cubeide/plugins/com.st.stm32cube.ide.mcu.externaltools.gnu-tools-for-stm32.10.3-2021.10.win32_1.0.200.202301161003/tools/bin/../lib/gcc/arm-none-eabi/10.3.1/../../../../arm-none-eabi/lib/thumb/v7e-m+fp/hard\libc_nano.a(lib_a-strncmp.o)
                0x000000000800b1b0                strncmp
 .text.strncpy  0x000000000800b1d8       0x26 c:/st/stm32cubeide_1.12.0/stm32cubeide/plugins/com.st.stm32cube.ide.mcu.externaltools.gnu-tools-for-stm32.10.3-2021.10.win32_1.0.200.202301161003/tools/bin/../lib/gcc/arm-none-eabi/10.3.1/../../../../arm-none-eabi/lib/thumb/v7e-m+fp/hard\libc_nano.a(lib_a-strncpy.o)
                0x000000000800b1d8                strncpy
 *fill*         0x000000000800b1fe        0x2 
 .text.__swbuf_r
                0x000000000800b200       0xa4 c:/st/stm32cubeide_1.12.0/stm32cubeide/plugins/com.st.stm32cube.ide.mcu.externaltools.gnu-tools-for-stm32.10.3-2021.10.win32_1.0.200.202301161003/tools/bin/../lib/gcc/arm-none-eabi/10.3.1/../../../../arm-none-eabi/lib/thumb/v7e-m+fp/hard\libc_nano.a(lib_a-wbuf.o)
                0x000000000800b200                __swbuf_r
 .text.__swsetup_r
                0x000000000800b2a4       0xdc c:/st/stm32cubeide_1.12.0/stm32cubeide/plugins/com.st.stm32cube.ide.mcu.externaltools.gnu-tools-for-stm32.10.3-2021.10.win32_1.0.200.202301161003/tools/bin/../lib/gcc/arm-none-eabi/10.3.1/../../../../arm-none-eabi/lib/thumb/v7e-m+fp/hard\libc_nano.a(lib_a-wsetup.o)
                0x000000000800b2a4                __swsetup_r
 .text.__assert_func
                0x000000000800b380       0x3c c:/st/stm32cubeide_1.12.0/stm32cubeide/plugins/com.st.stm32cube.ide.mcu.externaltools.gnu-tools-for-stm32.10.3-2021.10.win32_1.0.200.202301161003/tools/bin/../lib/gcc/arm-none-eabi/10.3.1/../../../../arm-none-eabi/lib/thumb/v7e-m+fp/hard\libc_nano.a(lib_a-assert.o)
                0x000000000800b380                __assert_func
 .text.__sflush_r
                0x000000000800b3bc      0x10c c:/st/stm32cubeide_1.12.0/stm32cubeide/plugins/com.st.stm32cube.ide.mcu.externaltools.gnu-tools-for-stm32.10.3-2021.10.win32_1.0.200.202301161003/tools/bin/../lib/gcc/arm-none-eabi/10.3.1/../../../../arm-none-eabi/lib/thumb/v7e-m+fp/hard\libc_nano.a(lib_a-fflush.o)
                0x000000000800b3bc                __sflush_r
 .text._fflush_r
                0x000000000800b4c8       0x78 c:/st/stm32cubeide_1.12.0/stm32cubeide/plugins/com.st.stm32cube.ide.mcu.externaltools.gnu-tools-for-stm32.10.3-2021.10.win32_1.0.200.202301161003/tools/bin/../lib/gcc/arm-none-eabi/10.3.1/../../../../arm-none-eabi/lib/thumb/v7e-m+fp/hard\libc_nano.a(lib_a-fflush.o)
                0x000000000800b4c8                _fflush_r
 .text.std      0x000000000800b540       0x48 c:/st/stm32cubeide_1.12.0/stm32cubeide/plugins/com.st.stm32cube.ide.mcu.externaltools.gnu-tools-for-stm32.10.3-2021.10.win32_1.0.200.202301161003/tools/bin/../lib/gcc/arm-none-eabi/10.3.1/../../../../arm-none-eabi/lib/thumb/v7e-m+fp/hard\libc_nano.a(lib_a-findfp.o)
 .text._cleanup_r
                0x000000000800b588        0xc c:/st/stm32cubeide_1.12.0/stm32cubeide/plugins/com.st.stm32cube.ide.mcu.externaltools.gnu-tools-for-stm32.10.3-2021.10.win32_1.0.200.202301161003/tools/bin/../lib/gcc/arm-none-eabi/10.3.1/../../../../arm-none-eabi/lib/thumb/v7e-m+fp/hard\libc_nano.a(lib_a-findfp.o)
                0x000000000800b588                _cleanup_r
 .text.__sfmoreglue
                0x000000000800b594       0x2c c:/st/stm32cubeide_1.12.0/stm32cubeide/plugins/com.st.stm32cube.ide.mcu.externaltools.gnu-tools-for-stm32.10.3-2021.10.win32_1.0.200.202301161003/tools/bin/../lib/gcc/arm-none-eabi/10.3.1/../../../../arm-none-eabi/lib/thumb/v7e-m+fp/hard\libc_nano.a(lib_a-findfp.o)
                0x000000000800b594                __sfmoreglue
 .text.__sfp_lock_acquire
                0x000000000800b5c0        0xc c:/st/stm32cubeide_1.12.0/stm32cubeide/plugins/com.st.stm32cube.ide.mcu.externaltools.gnu-tools-for-stm32.10.3-2021.10.win32_1.0.200.202301161003/tools/bin/../lib/gcc/arm-none-eabi/10.3.1/../../../../arm-none-eabi/lib/thumb/v7e-m+fp/hard\libc_nano.a(lib_a-findfp.o)
                0x000000000800b5c0                __sfp_lock_acquire
 .text.__sfp_lock_release
                0x000000000800b5cc        0xc c:/st/stm32cubeide_1.12.0/stm32cubeide/plugins/com.st.stm32cube.ide.mcu.externaltools.gnu-tools-for-stm32.10.3-2021.10.win32_1.0.200.202301161003/tools/bin/../lib/gcc/arm-none-eabi/10.3.1/../../../../arm-none-eabi/lib/thumb/v7e-m+fp/hard\libc_nano.a(lib_a-findfp.o)
                0x000000000800b5cc                __sfp_lock_release
 .text.__sinit_lock_acquire
                0x000000000800b5d8        0xc c:/st/stm32cubeide_1.12.0/stm32cubeide/plugins/com.st.stm32cube.ide.mcu.externaltools.gnu-tools-for-stm32.10.3-2021.10.win32_1.0.200.202301161003/tools/bin/../lib/gcc/arm-none-eabi/10.3.1/../../../../arm-none-eabi/lib/thumb/v7e-m+fp/hard\libc_nano.a(lib_a-findfp.o)
                0x000000000800b5d8                __sinit_lock_acquire
 .text.__sinit_lock_release
                0x000000000800b5e4        0xc c:/st/stm32cubeide_1.12.0/stm32cubeide/plugins/com.st.stm32cube.ide.mcu.externaltools.gnu-tools-for-stm32.10.3-2021.10.win32_1.0.200.202301161003/tools/bin/../lib/gcc/arm-none-eabi/10.3.1/../../../../arm-none-eabi/lib/thumb/v7e-m+fp/hard\libc_nano.a(lib_a-findfp.o)
                0x000000000800b5e4                __sinit_lock_release
 .text.__sinit  0x000000000800b5f0       0x70 c:/st/stm32cubeide_1.12.0/stm32cubeide/plugins/com.st.stm32cube.ide.mcu.externaltools.gnu-tools-for-stm32.10.3-2021.10.win32_1.0.200.202301161003/tools/bin/../lib/gcc/arm-none-eabi/10.3.1/../../../../arm-none-eabi/lib/thumb/v7e-m+fp/hard\libc_nano.a(lib_a-findfp.o)
                0x000000000800b5f0                __sinit
 .text.__sfp    0x000000000800b660       0x8c c:/st/stm32cubeide_1.12.0/stm32cubeide/plugins/com.st.stm32cube.ide.mcu.externaltools.gnu-tools-for-stm32.10.3-2021.10.win32_1.0.200.202301161003/tools/bin/../lib/gcc/arm-none-eabi/10.3.1/../../../../arm-none-eabi/lib/thumb/v7e-m+fp/hard\libc_nano.a(lib_a-findfp.o)
                0x000000000800b660                __sfp
 .text.fprintf  0x000000000800b6ec       0x24 c:/st/stm32cubeide_1.12.0/stm32cubeide/plugins/com.st.stm32cube.ide.mcu.externaltools.gnu-tools-for-stm32.10.3-2021.10.win32_1.0.200.202301161003/tools/bin/../lib/gcc/arm-none-eabi/10.3.1/../../../../arm-none-eabi/lib/thumb/v7e-m+fp/hard\libc_nano.a(lib_a-fprintf.o)
                0x000000000800b6ec                fiprintf
                0x000000000800b6ec                fprintf
 .text._fwalk_reent
                0x000000000800b710       0x3e c:/st/stm32cubeide_1.12.0/stm32cubeide/plugins/com.st.stm32cube.ide.mcu.externaltools.gnu-tools-for-stm32.10.3-2021.10.win32_1.0.200.202301161003/tools/bin/../lib/gcc/arm-none-eabi/10.3.1/../../../../arm-none-eabi/lib/thumb/v7e-m+fp/hard\libc_nano.a(lib_a-fwalk.o)
                0x000000000800b710                _fwalk_reent
 .text.__retarget_lock_init_recursive
                0x000000000800b74e        0x2 c:/st/stm32cubeide_1.12.0/stm32cubeide/plugins/com.st.stm32cube.ide.mcu.externaltools.gnu-tools-for-stm32.10.3-2021.10.win32_1.0.200.202301161003/tools/bin/../lib/gcc/arm-none-eabi/10.3.1/../../../../arm-none-eabi/lib/thumb/v7e-m+fp/hard\libc_nano.a(lib_a-lock.o)
                0x000000000800b74e                __retarget_lock_init_recursive
 .text.__retarget_lock_acquire_recursive
                0x000000000800b750        0x2 c:/st/stm32cubeide_1.12.0/stm32cubeide/plugins/com.st.stm32cube.ide.mcu.externaltools.gnu-tools-for-stm32.10.3-2021.10.win32_1.0.200.202301161003/tools/bin/../lib/gcc/arm-none-eabi/10.3.1/../../../../arm-none-eabi/lib/thumb/v7e-m+fp/hard\libc_nano.a(lib_a-lock.o)
                0x000000000800b750                __retarget_lock_acquire_recursive
 .text.__retarget_lock_release_recursive
                0x000000000800b752        0x2 c:/st/stm32cubeide_1.12.0/stm32cubeide/plugins/com.st.stm32cube.ide.mcu.externaltools.gnu-tools-for-stm32.10.3-2021.10.win32_1.0.200.202301161003/tools/bin/../lib/gcc/arm-none-eabi/10.3.1/../../../../arm-none-eabi/lib/thumb/v7e-m+fp/hard\libc_nano.a(lib_a-lock.o)
                0x000000000800b752                __retarget_lock_release_recursive
 .text.__swhatbuf_r
                0x000000000800b754       0x4a c:/st/stm32cubeide_1.12.0/stm32cubeide/plugins/com.st.stm32cube.ide.mcu.externaltools.gnu-tools-for-stm32.10.3-2021.10.win32_1.0.200.202301161003/tools/bin/../lib/gcc/arm-none-eabi/10.3.1/../../../../arm-none-eabi/lib/thumb/v7e-m+fp/hard\libc_nano.a(lib_a-makebuf.o)
                0x000000000800b754                __swhatbuf_r
 *fill*         0x000000000800b79e        0x2 
 .text.__smakebuf_r
                0x000000000800b7a0       0x80 c:/st/stm32cubeide_1.12.0/stm32cubeide/plugins/com.st.stm32cube.ide.mcu.externaltools.gnu-tools-for-stm32.10.3-2021.10.win32_1.0.200.202301161003/tools/bin/../lib/gcc/arm-none-eabi/10.3.1/../../../../arm-none-eabi/lib/thumb/v7e-m+fp/hard\libc_nano.a(lib_a-makebuf.o)
                0x000000000800b7a0                __smakebuf_r
 .text.malloc   0x000000000800b820       0x10 c:/st/stm32cubeide_1.12.0/stm32cubeide/plugins/com.st.stm32cube.ide.mcu.externaltools.gnu-tools-for-stm32.10.3-2021.10.win32_1.0.200.202301161003/tools/bin/../lib/gcc/arm-none-eabi/10.3.1/../../../../arm-none-eabi/lib/thumb/v7e-m+fp/hard\libc_nano.a(lib_a-malloc.o)
                0x000000000800b820                malloc
 .text._free_r  0x000000000800b830       0x98 c:/st/stm32cubeide_1.12.0/stm32cubeide/plugins/com.st.stm32cube.ide.mcu.externaltools.gnu-tools-for-stm32.10.3-2021.10.win32_1.0.200.202301161003/tools/bin/../lib/gcc/arm-none-eabi/10.3.1/../../../../arm-none-eabi/lib/thumb/v7e-m+fp/hard\libc_nano.a(lib_a-nano-freer.o)
                0x000000000800b830                _free_r
 .text.sbrk_aligned
                0x000000000800b8c8       0x40 c:/st/stm32cubeide_1.12.0/stm32cubeide/plugins/com.st.stm32cube.ide.mcu.externaltools.gnu-tools-for-stm32.10.3-2021.10.win32_1.0.200.202301161003/tools/bin/../lib/gcc/arm-none-eabi/10.3.1/../../../../arm-none-eabi/lib/thumb/v7e-m+fp/hard\libc_nano.a(lib_a-nano-mallocr.o)
 .text._malloc_r
                0x000000000800b908       0xe8 c:/st/stm32cubeide_1.12.0/stm32cubeide/plugins/com.st.stm32cube.ide.mcu.externaltools.gnu-tools-for-stm32.10.3-2021.10.win32_1.0.200.202301161003/tools/bin/../lib/gcc/arm-none-eabi/10.3.1/../../../../arm-none-eabi/lib/thumb/v7e-m+fp/hard\libc_nano.a(lib_a-nano-mallocr.o)
                0x000000000800b908                _malloc_r
 .text.__sfputc_r
                0x000000000800b9f0       0x2e c:/st/stm32cubeide_1.12.0/stm32cubeide/plugins/com.st.stm32cube.ide.mcu.externaltools.gnu-tools-for-stm32.10.3-2021.10.win32_1.0.200.202301161003/tools/bin/../lib/gcc/arm-none-eabi/10.3.1/../../../../arm-none-eabi/lib/thumb/v7e-m+fp/hard\libc_nano.a(lib_a-nano-vfprintf.o)
 .text.__sfputs_r
                0x000000000800ba1e       0x24 c:/st/stm32cubeide_1.12.0/stm32cubeide/plugins/com.st.stm32cube.ide.mcu.externaltools.gnu-tools-for-stm32.10.3-2021.10.win32_1.0.200.202301161003/tools/bin/../lib/gcc/arm-none-eabi/10.3.1/../../../../arm-none-eabi/lib/thumb/v7e-m+fp/hard\libc_nano.a(lib_a-nano-vfprintf.o)
                0x000000000800ba1e                __sfputs_r
 *fill*         0x000000000800ba42        0x2 
 .text._vfprintf_r
                0x000000000800ba44      0x260 c:/st/stm32cubeide_1.12.0/stm32cubeide/plugins/com.st.stm32cube.ide.mcu.externaltools.gnu-tools-for-stm32.10.3-2021.10.win32_1.0.200.202301161003/tools/bin/../lib/gcc/arm-none-eabi/10.3.1/../../../../arm-none-eabi/lib/thumb/v7e-m+fp/hard\libc_nano.a(lib_a-nano-vfprintf.o)
                0x000000000800ba44                _vfprintf_r
                0x000000000800ba44                _vfiprintf_r
 .text._printf_common
                0x000000000800bca4       0xda c:/st/stm32cubeide_1.12.0/stm32cubeide/plugins/com.st.stm32cube.ide.mcu.externaltools.gnu-tools-for-stm32.10.3-2021.10.win32_1.0.200.202301161003/tools/bin/../lib/gcc/arm-none-eabi/10.3.1/../../../../arm-none-eabi/lib/thumb/v7e-m+fp/hard\libc_nano.a(lib_a-nano-vfprintf_i.o)
                0x000000000800bca4                _printf_common
 *fill*         0x000000000800bd7e        0x2 
 .text._printf_i
                0x000000000800bd80      0x24c c:/st/stm32cubeide_1.12.0/stm32cubeide/plugins/com.st.stm32cube.ide.mcu.externaltools.gnu-tools-for-stm32.10.3-2021.10.win32_1.0.200.202301161003/tools/bin/../lib/gcc/arm-none-eabi/10.3.1/../../../../arm-none-eabi/lib/thumb/v7e-m+fp/hard\libc_nano.a(lib_a-nano-vfprintf_i.o)
                0x000000000800bd80                _printf_i
 .text._sbrk_r  0x000000000800bfcc       0x20 c:/st/stm32cubeide_1.12.0/stm32cubeide/plugins/com.st.stm32cube.ide.mcu.externaltools.gnu-tools-for-stm32.10.3-2021.10.win32_1.0.200.202301161003/tools/bin/../lib/gcc/arm-none-eabi/10.3.1/../../../../arm-none-eabi/lib/thumb/v7e-m+fp/hard\libc_nano.a(lib_a-sbrkr.o)
                0x000000000800bfcc                _sbrk_r
 .text.__sread  0x000000000800bfec       0x22 c:/st/stm32cubeide_1.12.0/stm32cubeide/plugins/com.st.stm32cube.ide.mcu.externaltools.gnu-tools-for-stm32.10.3-2021.10.win32_1.0.200.202301161003/tools/bin/../lib/gcc/arm-none-eabi/10.3.1/../../../../arm-none-eabi/lib/thumb/v7e-m+fp/hard\libc_nano.a(lib_a-stdio.o)
                0x000000000800bfec                __sread
 .text.__swrite
                0x000000000800c00e       0x38 c:/st/stm32cubeide_1.12.0/stm32cubeide/plugins/com.st.stm32cube.ide.mcu.externaltools.gnu-tools-for-stm32.10.3-2021.10.win32_1.0.200.202301161003/tools/bin/../lib/gcc/arm-none-eabi/10.3.1/../../../../arm-none-eabi/lib/thumb/v7e-m+fp/hard\libc_nano.a(lib_a-stdio.o)
                0x000000000800c00e                __swrite
 .text.__sseek  0x000000000800c046       0x24 c:/st/stm32cubeide_1.12.0/stm32cubeide/plugins/com.st.stm32cube.ide.mcu.externaltools.gnu-tools-for-stm32.10.3-2021.10.win32_1.0.200.202301161003/tools/bin/../lib/gcc/arm-none-eabi/10.3.1/../../../../arm-none-eabi/lib/thumb/v7e-m+fp/hard\libc_nano.a(lib_a-stdio.o)
                0x000000000800c046                __sseek
 .text.__sclose