../Core/Src/main.c:82:6:HAL_SYSTICK_Handler	4	static
../Core/Src/main.c:102:1:__io_putchar	16	static
../Core/Src/main.c:118:5:main	8	static
../Core/Src/main.c:176:6:SystemClock_Config	88	static
../Core/Src/main.c:222:13:MX_ETH_Init	8	static
../Core/Src/main.c:271:13:MX_USART3_UART_Init	8	static
../Core/Src/main.c:304:13:MX_USART6_UART_Init	8	static
../Core/Src/main.c:337:13:MX_USB_OTG_FS_PCD_Init	8	static
../Core/Src/main.c:372:13:MX_GPIO_Init	56	static
../Core/Src/main.c:450:6:Error_Handler	4	static,ignoring_inline_asm
