../Core/Src/main.c:163:6:HAL_SYSTICK_Handler	4	static
../Core/Src/main.c:180:1:__io_putchar	16	static
../Core/Src/main.c:192:6:delay_us	16	static
../Core/Src/main.c:203:6:HAL_GPIO_EXTI_Callback	16	static
../Core/Src/main.c:224:6:HAL_ADC_ConvCpltCallback	16	static
../Core/Src/main.c:240:5:main	8	static
../Core/Src/main.c:388:6:SystemClock_Config	88	static
../Core/Src/main.c:435:13:MX_ADC1_Init	24	static
../Core/Src/main.c:487:13:MX_ETH_Init	8	static
../Core/Src/main.c:536:13:MX_I2C1_Init	8	static
../Core/Src/main.c:584:13:MX_RTC_Init	32	static
../Core/Src/main.c:647:13:MX_TIM2_Init	48	static
../Core/Src/main.c:696:13:MX_TIM3_Init	32	static
../Core/Src/main.c:744:13:MX_TIM4_Init	32	static
../Core/Src/main.c:789:13:MX_TIM5_Init	64	static
../Core/Src/main.c:848:13:MX_TIM10_Init	8	static
../Core/Src/main.c:879:13:MX_TIM11_Init	8	static
../Core/Src/main.c:910:13:MX_USART3_UART_Init	8	static
../Core/Src/main.c:943:13:MX_USART6_UART_Init	8	static
../Core/Src/main.c:976:13:MX_USB_OTG_FS_PCD_Init	8	static
../Core/Src/main.c:1011:13:MX_GPIO_Init	64	static
../Core/Src/main.c:1139:6:StartDefaultTask	16	static
../Core/Src/main.c:1158:6:Task1_func	16	static
../Core/Src/main.c:1178:6:Task2_func	16	static
../Core/Src/main.c:1197:6:Task3_func	16	static
../Core/Src/main.c:1218:6:HAL_TIM_PeriodElapsedCallback	16	static
../Core/Src/main.c:1240:6:Error_Handler	4	static,ignoring_inline_asm
