../LWIP/Target/ethernetif.c:699:9:ETH_PHY_IO_DeInit	0	static
../LWIP/Target/ethernetif.c:349:14:low_level_output	64	static
../LWIP/Target/ethernetif.c:742:9:ETH_PHY_IO_GetTick	0	static
../LWIP/Target/ethernetif.c:682:9:ETH_PHY_IO_Init	8	static
../LWIP/Target/ethernetif.c:711:9:ETH_PHY_IO_ReadReg	8	static
../LWIP/Target/ethernetif.c:728:9:ETH_PHY_IO_WriteReg	8	static
../LWIP/Target/ethernetif.c:533:6:pbuf_free_custom	8	static
../LWIP/Target/ethernetif.c:425:6:ethernetif_input	40	static
../LWIP/Target/ethernetif.c:141:6:HAL_ETH_RxCpltCallback	0	static
../LWIP/Target/ethernetif.c:150:6:HAL_ETH_TxCpltCallback	0	static
../LWIP/Target/ethernetif.c:159:6:HAL_ETH_ErrorCallback	8	static
../LWIP/Target/ethernetif.c:482:7:ethernetif_init	168	static
../LWIP/Target/ethernetif.c:556:7:sys_now	0	static
../LWIP/Target/ethernetif.c:569:6:HAL_ETH_MspInit	72	static
../LWIP/Target/ethernetif.c:634:6:HAL_ETH_MspDeInit	8	static
../LWIP/Target/ethernetif.c:751:6:ethernet_link_thread	136	static
../LWIP/Target/ethernetif.c:821:6:HAL_ETH_RxAllocateCallback	16	static
../LWIP/Target/ethernetif.c:843:6:HAL_ETH_RxLinkCallback	12	static
../LWIP/Target/ethernetif.c:880:6:HAL_ETH_TxFreeCallback	0	static
