../Core/Src/main.c:124:6:HAL_SYSTICK_Handler	4	static
../Core/Src/main.c:141:1:__io_putchar	16	static
../Core/Src/main.c:154:6:HAL_TIM_PeriodElapsedCallback	16	static
../Core/Src/main.c:163:6:delay_us	16	static
../Core/Src/main.c:174:6:HAL_GPIO_EXTI_Callback	16	static
../Core/Src/main.c:195:6:HAL_ADC_ConvCpltCallback	16	static
../Core/Src/main.c:211:5:main	8	static
../Core/Src/main.c:312:6:SystemClock_Config	88	static
../Core/Src/main.c:359:13:MX_ADC1_Init	24	static
../Core/Src/main.c:411:13:MX_ETH_Init	8	static
../Core/Src/main.c:460:13:MX_I2C1_Init	8	static
../Core/Src/main.c:508:13:MX_RTC_Init	32	static
../Core/Src/main.c:571:13:MX_TIM2_Init	48	static
../Core/Src/main.c:620:13:MX_TIM3_Init	32	static
../Core/Src/main.c:668:13:MX_TIM4_Init	32	static
../Core/Src/main.c:713:13:MX_TIM5_Init	64	static
../Core/Src/main.c:772:13:MX_TIM10_Init	8	static
../Core/Src/main.c:803:13:MX_TIM11_Init	8	static
../Core/Src/main.c:834:13:MX_USART3_UART_Init	8	static
../Core/Src/main.c:867:13:MX_USART6_UART_Init	8	static
../Core/Src/main.c:900:13:MX_USB_OTG_FS_PCD_Init	8	static
../Core/Src/main.c:935:13:MX_GPIO_Init	64	static
../Core/Src/main.c:1060:6:Error_Handler	4	static,ignoring_inline_asm
