../Core/Src/main.c:113:6:HAL_SYSTICK_Handler	4	static
../Core/Src/main.c:133:1:__io_putchar	16	static
../Core/Src/main.c:145:6:HAL_TIM_PeriodElapsedCallback	16	static
../Core/Src/main.c:155:6:delay_us	16	static
../Core/Src/main.c:168:5:main	8	static
../Core/Src/main.c:281:6:SystemClock_Config	88	static
../Core/Src/main.c:327:13:MX_ETH_Init	8	static
../Core/Src/main.c:376:13:MX_I2C1_Init	8	static
../Core/Src/main.c:424:13:MX_TIM2_Init	48	static
../Core/Src/main.c:473:13:MX_TIM3_Init	32	static
../Core/Src/main.c:521:13:MX_TIM4_Init	64	static
../Core/Src/main.c:580:13:MX_TIM10_Init	8	static
../Core/Src/main.c:611:13:MX_TIM11_Init	8	static
../Core/Src/main.c:642:13:MX_USART3_UART_Init	8	static
../Core/Src/main.c:675:13:MX_USART6_UART_Init	8	static
../Core/Src/main.c:708:13:MX_USB_OTG_FS_PCD_Init	8	static
../Core/Src/main.c:743:13:MX_GPIO_Init	64	static
../Core/Src/main.c:852:6:Error_Handler	4	static,ignoring_inline_asm
