../Core/Src/main.c:118:6:HAL_SYSTICK_Handler	0	static
../Core/Src/main.c:135:1:__io_putchar	16	static
../Core/Src/main.c:148:6:HAL_TIM_PeriodElapsedCallback	0	static
../Core/Src/main.c:157:6:delay_us	0	static
../Core/Src/main.c:189:6:HAL_ADC_ConvCpltCallback	8	static
../Core/Src/main.c:198:6:nucleo_stm32f429zi_led_off	8	static
../Core/Src/main.c:166:6:HAL_GPIO_EXTI_Callback	8	static
../Core/Src/main.c:204:6:nucleo_stm32f429zi_led_on	8	static
../Core/Src/main.c:388:6:SystemClock_Config	88	static,ignoring_inline_asm
../Core/Src/main.c:227:5:main	96	static,ignoring_inline_asm
../Core/Src/main.c:1087:6:Error_Handler	0	static,ignoring_inline_asm
