../Core/Src/stm32f4xx_it.c:78:6:NMI_Handler	0	static
../Core/Src/stm32f4xx_it.c:93:6:HardFault_Handler	0	static
../Core/Src/stm32f4xx_it.c:108:6:MemManage_Handler	0	static
../Core/Src/stm32f4xx_it.c:123:6:BusFault_Handler	0	static
../Core/Src/stm32f4xx_it.c:138:6:UsageFault_Handler	0	static
../Core/Src/stm32f4xx_it.c:153:6:SVC_Handler	0	static
../Core/Src/stm32f4xx_it.c:166:6:DebugMon_Handler	0	static
../Core/Src/stm32f4xx_it.c:179:6:PendSV_Handler	0	static
../Core/Src/stm32f4xx_it.c:192:6:SysTick_Handler	8	static
../Core/Src/stm32f4xx_it.c:213:6:EXTI0_IRQHandler	0	static
../Core/Src/stm32f4xx_it.c:227:6:EXTI2_IRQHandler	0	static
../Core/Src/stm32f4xx_it.c:241:6:EXTI3_IRQHandler	0	static
../Core/Src/stm32f4xx_it.c:255:6:ADC_IRQHandler	0	static
../Core/Src/stm32f4xx_it.c:269:6:TIM1_UP_TIM10_IRQHandler	0	static
../Core/Src/stm32f4xx_it.c:283:6:TIM1_TRG_COM_TIM11_IRQHandler	0	static
../Core/Src/stm32f4xx_it.c:297:6:TIM2_IRQHandler	0	static
../Core/Src/stm32f4xx_it.c:311:6:TIM3_IRQHandler	0	static
../Core/Src/stm32f4xx_it.c:325:6:TIM4_IRQHandler	0	static
../Core/Src/stm32f4xx_it.c:339:6:USART3_IRQHandler	0	static
../Core/Src/stm32f4xx_it.c:353:6:TIM5_IRQHandler	0	static
../Core/Src/stm32f4xx_it.c:367:6:ETH_IRQHandler	0	static
../Core/Src/stm32f4xx_it.c:381:6:ETH_WKUP_IRQHandler	0	static
../Core/Src/stm32f4xx_it.c:395:6:USART6_IRQHandler	0	static
