../Core/Src/main.c:138:6:HAL_SYSTICK_Handler	4	static
../Core/Src/main.c:155:1:__io_putchar	16	static
../Core/Src/main.c:167:6:HAL_TIM_PeriodElapsedCallback	16	static
../Core/Src/main.c:176:6:delay_us	16	static
../Core/Src/main.c:187:6:HAL_GPIO_EXTI_Callback	16	static
../Core/Src/main.c:216:6:HAL_ADC_ConvCpltCallback	16	static
../Core/Src/main.c:232:5:main	8	static
../Core/Src/main.c:349:6:SystemClock_Config	88	static
../Core/Src/main.c:396:13:MX_ADC1_Init	24	static
../Core/Src/main.c:448:13:MX_ETH_Init	8	static
../Core/Src/main.c:497:13:MX_I2C1_Init	8	static
../Core/Src/main.c:545:13:MX_RTC_Init	32	static
../Core/Src/main.c:608:13:MX_TIM2_Init	48	static
../Core/Src/main.c:657:13:MX_TIM3_Init	32	static
../Core/Src/main.c:705:13:MX_TIM4_Init	32	static
../Core/Src/main.c:750:13:MX_TIM5_Init	64	static
../Core/Src/main.c:809:13:MX_TIM10_Init	8	static
../Core/Src/main.c:840:13:MX_TIM11_Init	8	static
../Core/Src/main.c:871:13:MX_USART3_UART_Init	8	static
../Core/Src/main.c:904:13:MX_USART6_UART_Init	8	static
../Core/Src/main.c:937:13:MX_USB_OTG_FS_PCD_Init	8	static
../Core/Src/main.c:972:13:MX_GPIO_Init	64	static
../Core/Src/main.c:1113:6:Error_Handler	4	static,ignoring_inline_asm
